et2mI (40) boot.esp32: ï¿½ets Jul 29 2019 12:21:46

rst:0x1 (POWERON_RESET),boot:0x13 (SPI_FAST_FLASH_BOOT)
configsip: 0, SPIWP:0xee
clk_drv:0x00,q_drv:0x00,d_drv:0x00,cs0_drv:0x00,hd_drv:0x00,wp_drv:0x00
mode:DIO, clock div:2
load:0x3fff0030,len:7172
load:0x40078000,len:15540
load:0x40080400,len:4
ho 8 tail 4 room 4
load:0x40080404,len:3904
entry 0x40080640
[0;32mI (31) boot: ESP-IDF v5.2.1-dirty 2nd stage bootloader[0m
[0;32mI (31) boot: compile time Jun 24 2024 15:54:38[0m
[0;32mI (31) boot: Multicore bootloader[0m
[0;32mI (36) boot: chip revision: v3.1[0m
[0;32mI (40) boot.esp32: SPI Speed      : 40MHz[0m
[0;32mI (44) boot.esp32: SPI Mode       : DIO[0m
[0;32mI (49) boot.esp32: SPI Flash Size : 2MB[0m
[0;32mI (53) boot: Enabling RNG early entropy source...[0m
[0;32mI (59) boot: Partition Table:[0m
[0;32mI (62) boot: ## Label            Usage          Type ST Offset   Length[0m
[0;32mI (70) boot:  0 nvs              WiFi data        01 02 00009000 00006000[0m
[0;32mI (77) boot:  1 phy_init         RF data          01 01 0000f000 00001000[0m
[0;32mI (85) boot:  2 factory          factory app      00 00 00010000 00177000[0m
[0;32mI (92) boot: End of partition table[0m
[0;32mI (96) esp_image: segment 0: paddr=00010020 vaddr=3f400020 size=30370h (197488) map[0m
[0;32mI (172) esp_image: segment 1: paddr=00040398 vaddr=3ffb0000 size=03each ( 16044) load[0m
[0;32mI (179) esp_image: segment 2: paddr=0004424c vaddr=40080000 size=0bdcch ( 48588) load[0m
[0;32mI (198) esp_image: segment 3: paddr=00050020 vaddr=400d0020 size=d8258h (885336) map[0m
[0;32mI (501) esp_image: segment 4: paddr=00128280 vaddr=4008bdcc size=0cb9ch ( 52124) load[0m
[0;32mI (534) boot: Loaded app from partition at offset 0x10000[0m
[0;32mI (534) boot: Disabling RNG early entropy source...[0m
[0;32mI (546) cpu_start: Multicore app[0m
[0;32mI (555) cpu_start: Pro cpu start user code[0m
[0;32mI (555) cpu_start: cpu freq: 160000000 Hz[0m
[0;32mI (555) cpu_start: Application information:[0m
[0;32mI (558) cpu_start: Project name:     main[0m
[0;32mI (563) cpu_start: App version:      1[0m
[0;32mI (567) cpu_start: Compile time:     Jun 24 2024 16:32:35[0m
[0;32mI (573) cpu_start: ELF file SHA256:  01e233bec...[0m
[0;32mI (578) cpu_start: ESP-IDF:          v5.2.1-dirty[0m
[0;32mI (584) cpu_start: Min chip rev:     v0.0[0m
[0;32mI (589) cpu_start: Max chip rev:     v3.99 [0m
[0;32mI (593) cpu_start: Chip rev:         v3.1[0m
[0;32mI (598) heap_init: Initializing. RAM available for dynamic allocation:[0m
[0;32mI (606) heap_init: At 3FFAE6E0 len 00001920 (6 KiB): DRAM[0m
[0;32mI (611) heap_init: At 3FFC0D00 len 0001F300 (124 KiB): DRAM[0m
[0;32mI (618) heap_init: At 3FFE0440 len 00003AE0 (14 KiB): D/IRAM[0m
[0;32mI (624) heap_init: At 3FFE4350 len 0001BCB0 (111 KiB): D/IRAM[0m
[0;32mI (630) heap_init: At 40098968 len 00007698 (29 KiB): IRAM[0m
[0;32mI (638) spi_flash: detected chip: generic[0m
[0;32mI (641) spi_flash: flash io: dio[0m
[0;33mW (645) spi_flash: Detected size(4096k) larger than the size in the binary image header(2048k). Using the size in the binary image header.[0m
[0;32mI (659) main_task: Started on CPU0[0m
[0;32mI (669) main_task: Calling app_main()[0m
I (709) wifi:wifi driver task: 3ffc8d00, prio:23, stack:6656, core=0
I (729) wifi:wifi firmware version: a9f5b59
I (729) wifi:wifi certification version: v7.0
I (729) wifi:config NVS flash: enabled
I (729) wifi:config nano formating: disabled
I (729) wifi:Init data frame dynamic rx buffer num: 32
I (739) wifi:Init static rx mgmt buffer num: 5
I (739) wifi:Init management short buffer num: 32
I (739) wifi:Init dynamic tx buffer num: 32
I (749) wifi:Init static rx buffer size: 1600
I (749) wifi:Init static rx buffer num: 10
I (759) wifi:Init dynamic rx buffer num: 32
[0;32mI (759) wifi_init: rx ba win: 6[0m
[0;32mI (759) wifi_init: tcpip mbox: 32[0m
[0;32mI (769) wifi_init: udp mbox: 6[0m
[0;32mI (769) wifi_init: tcp mbox: 6[0m
[0;32mI (779) wifi_init: tcp tx win: 5760[0m
[0;32mI (779) wifi_init: tcp rx win: 5760[0m
[0;32mI (779) wifi_init: tcp mss: 1440[0m
[0;32mI (789) wifi_init: WiFi IRAM OP enabled[0m
[0;32mI (789) wifi_init: WiFi RX IRAM OP enabled[0m
[0;32mI (799) phy_init: phy_version 4791,2c4672b,Dec 20 2023,16:06:06[0m
I (889) wifi:mode : sta (b0:b2:1c:a7:ba:fc)
I (889) wifi:enable tsf
[0;32mI (899) example: Turn off LCD backlight[0m
[0;32mI (899) gpio: GPIO[32]| InputEn: 0| OutputEn: 1| OpenDrain: 0| Pullup: 0| Pulldown: 0| Intr:0 [0m
[0;32mI (899) example: Initialize SPI bus[0m
[0;32mI (909) example: Install panel IO[0m
[0;32mI (909) gpio: GPIO[2]| InputEn: 0| OutputEn: 1| OpenDrain: 0| Pullup: 0| Pulldown: 0| Intr:0 [0m
I (909) wifi:new:<1,0>, old:<1,0>, ap:<255,255>, sta:<1,0>, prof:1
I (929) wifi:state: init -> auth (b0)
[0;32mI (929) example: Install ILI9341 panel driver[0m
[0;32mI (929) gpio: GPIO[33]| InputEn: 0| OutputEn: 1| OpenDrain: 0| Pullup: 0| Pulldown: 0| Intr:0 [0m
[0;32mI (939) ili9341: LCD panel create success, version: 1.2.0[0m
I (989) wifi:state: auth -> assoc (0)
[0;32mI (1069) example: Turn on LCD backlight[0m
[0;32mI (1069) example: Initialize LVGL library[0m
[0;32mI (1069) example: Register display driver to LVGL[0m
[0;32mI (1079) example: Install LVGL tick timer[0m
I (1079) wifi:state: assoc -> init (0)
I (1079) wifi:new:<1,0>, old:<1,0>, ap:<255,255>, sta:<1,0>, prof:1
I (1129) smartconfig: SC version: V3.0.1
I (1129) smartconfig: scan status 1
W (1179) wifi:sta_scan: STA is connecting, scan are not allowed!
E (1179) smartconfig: promis scan ret 12294
I (3599) wifi:new:<1,0>, old:<1,0>, ap:<255,255>, sta:<1,0>, prof:1
I (3599) wifi:state: init -> auth (b0)
I (3619) wifi:state: auth -> assoc (0)
I (3719) wifi:state: assoc -> run (10)
I (3849) wifi:connected with Thanh Tam, aid = 4, channel 1, BW20, bssid = 10:39:4e:fd:17:30
I (3849) wifi:security: WPA2-PSK, phy: bgn, rssi: -79
I (3859) wifi:pm start, type: 1

I (3859) wifi:dp: 1, bi: 102400, li: 3, scale listen interval from 307200 us to 307200 us
I (3909) wifi:AP's beacon interval = 102400 us, DTIM period = 1
[0;32mI (4869) esp_netif_handlers: sta ip: 192.168.1.10, mask: 255.255.255.0, gw: 192.168.1.1[0m
[0;32mI (4869) MQTT_PROJECT: WiFi Connected to app[0m
[0;32mI (4879) main_task: Returned from app_main()[0m
I (4899) wifi:<ba-add>idx:0 (ifx:0, 10:39:4e:fd:17:30), tid:0, ssn:5, winSize:64
[0;32mI (4979) MQTT_PROJECT: MQTT_EVENT_CONNECTED[0m
[0;33mW (57269) transport_base: Poll timeout or error, errno=Success, fd=54, timeout_ms=10000[0m
[0;31mE (57269) mqtt_client: Writing didn't complete in specified timeout: errno=0[0m
[0;32mI (57269) MQTT_PROJECT: MQTT_EVENT_DISCONNECTED[0m
[0;32mI (57279) mqtt_client: Client force reconnect requested[0m
[0;32mI (58899) MQTT_PROJECT: MQTT_EVENT_CONNECTED[0m
