5Õ±Ñ¥ï¿½ï¿½É•ï¿½bootloaï¿½ets Jun  8 2016 00:22:57

rst:0x1 (POWERON_RESET),boot:0x13 (SPI_FAST_FLASH_BOOT)
configsip: 0, SPIWP:0xee
clk_drv:0x00,q_drv:0x00,d_drv:0x00,cs0_drv:0x00,hd_drv:0x00,wp_drv:0x00
mode:DIO, clock div:2
load:0x3fff0030,len:7172
load:0x40078000,len:15540
load:0x40080400,len:4
ho 8 tail 4 room 4
load:0x40080404,len:3904
entry 0x40080640
[0;32mI (30) boot: ESP-IDF v5.2.1-dirty 2nd stage bootloader[0m
[0;32mI (30) boot: compile time Jun 24 2024 15:54:38[0m
[0;32mI (30) boot: Multicore bootloader[0m
[0;32mI (35) boot: chip revision: v1.0[0m
[0;32mI (39) boot.esp32: SPI Speed      : 40MHz[0m
[0;32mI (43) boot.esp32: SPI Mode       : DIO[0m
[0;32mI (48) boot.esp32: SPI Flash Size : 2MB[0m
[0;32mI (53) boot: Enabling RNG early entropy source...[0m
[0;32mI (58) boot: Partition Table:[0m
[0;32mI (61) boot: ## Label            Usage          Type ST Offset   Length[0m
[0;32mI (69) boot:  0 nvs              WiFi data        01 02 00009000 00006000[0m
[0;32mI (76) boot:  1 phy_init         RF data          01 01 0000f000 00001000[0m
[0;32mI (84) boot:  2 factory          factory app      00 00 00010000 00177000[0m
[0;32mI (91) boot: End of partition table[0m
[0;32mI (95) esp_image: segment 0: paddr=00010020 vaddr=3f400020 size=289b8h (166328) map[0m
[0;32mI (161) esp_image: segment 1: paddr=000389e0 vaddr=3ffb0000 size=03c34h ( 15412) load[0m
[0;32mI (167) esp_image: segment 2: paddr=0003c61c vaddr=40080000 size=039fch ( 14844) load[0m
[0;32mI (173) esp_image: segment 3: paddr=00040020 vaddr=400d0020 size=a97c0h (694208) map[0m
[0;32mI (413) esp_image: segment 4: paddr=000e97e8 vaddr=400839fc size=12c80h ( 76928) load[0m
[0;32mI (455) boot: Loaded app from partition at offset 0x10000[0m
[0;32mI (455) boot: Disabling RNG early entropy source...[0m
[0;32mI (466) cpu_start: Multicore app[0m
[0;32mI (475) cpu_start: Pro cpu start user code[0m
[0;32mI (475) cpu_start: cpu freq: 160000000 Hz[0m
[0;32mI (475) cpu_start: Application information:[0m
[0;32mI (478) cpu_start: Project name:     main[0m
[0;32mI (483) cpu_start: App version:      1[0m
[0;32mI (487) cpu_start: Compile time:     Jun 24 2024 15:54:11[0m
[0;32mI (493) cpu_start: ELF file SHA256:  40350b877...[0m
[0;32mI (499) cpu_start: ESP-IDF:          v5.2.1-dirty[0m
[0;32mI (504) cpu_start: Min chip rev:     v0.0[0m
[0;32mI (509) cpu_start: Max chip rev:     v3.99 [0m
[0;32mI (514) cpu_start: Chip rev:         v1.0[0m
[0;32mI (519) heap_init: Initializing. RAM available for dynamic allocation:[0m
[0;32mI (526) heap_init: At 3FFAE6E0 len 00001920 (6 KiB): DRAM[0m
[0;32mI (532) heap_init: At 3FFB8558 len 00027AA8 (158 KiB): DRAM[0m
[0;32mI (538) heap_init: At 3FFE0440 len 00003AE0 (14 KiB): D/IRAM[0m
[0;32mI (544) heap_init: At 3FFE4350 len 0001BCB0 (111 KiB): D/IRAM[0m
[0;32mI (551) heap_init: At 4009667C len 00009984 (38 KiB): IRAM[0m
[0;32mI (559) spi_flash: detected chip: generic[0m
[0;32mI (562) spi_flash: flash io: dio[0m
[0;33mW (566) spi_flash: Detected size(4096k) larger than the size in the binary image header(2048k). Using the size in the binary image header.[0m
[0;32mI (580) main_task: Started on CPU0[0m
[0;32mI (590) main_task: Calling app_main()[0m
I (630) wifi:wifi driver task: 3ffc0474, prio:23, stack:6656, core=0
I (640) wifi:wifi firmware version: a9f5b59
I (650) wifi:wifi certification version: v7.0
I (650) wifi:config NVS flash: enabled
I (650) wifi:config nano formating: disabled
I (650) wifi:Init data frame dynamic rx buffer num: 32
I (650) wifi:Init static rx mgmt buffer num: 5
I (660) wifi:Init management short buffer num: 32
I (660) wifi:Init dynamic tx buffer num: 32
I (670) wifi:Init static rx buffer size: 1600
I (670) wifi:Init static rx buffer num: 10
I (670) wifi:Init dynamic rx buffer num: 32
[0;32mI (680) wifi_init: rx ba win: 6[0m
[0;32mI (680) wifi_init: tcpip mbox: 32[0m
[0;32mI (690) wifi_init: udp mbox: 6[0m
[0;32mI (690) wifi_init: tcp mbox: 6[0m
[0;32mI (690) wifi_init: tcp tx win: 5760[0m
[0;32mI (700) wifi_init: tcp rx win: 5760[0m
[0;32mI (700) wifi_init: tcp mss: 1440[0m
[0;32mI (710) wifi_init: WiFi IRAM OP enabled[0m
[0;32mI (710) wifi_init: WiFi RX IRAM OP enabled[0m
[0;32mI (720) phy_init: phy_version 4791,2c4672b,Dec 20 2023,16:06:06[0m
I (810) wifi:mode : sta (e8:db:84:0b:d1:b4)
I (810) wifi:enable tsf
[0;33mW (820) event: handler already registered, overwriting[0m
I (870) smartconfig: SC version: V3.0.1
E (870) smartconfig: smartconfig busy
ESP_ERROR_CHECK failed: esp_err_t 0xffffffff (ESP_FAIL) at 0x400d736f
file: "./main/main.c" line 711
func: ultrasonic_test
expression: esp_smartconfig_start(&cfg)

abort() was called at PC 0x400890d3 on core 1


Backtrace: 0x400817d2:0x3ffc8c00 0x400890dd:0x3ffc8c20 0x40090895:0x3ffc8c40 0x400890d3:0x3ffc8cb0 0x400d736f:0x3ffc8ce0 0x40089be9:0x3ffc8d40




ELF file SHA256: 40350b877

Rebooting...
ets Jun  8 2016 00:22:57

rst:0xc (SW_CPU_RESET),boot:0x13 (SPI_FAST_FLASH_BOOT)
configsip: 0, SPIWP:0xee
clk_drv:0x00,q_drv:0x00,d_drv:0x00,cs0_drv:0x00,hd_drv:0x00,wp_drv:0x00
mode:DIO, clock div:2
load:0x3fff0030,len:7172
load:0x40078000,len:15540
load:0x40080400,len:4
ho 8 tail 4 room 4
load:0x40080404,len:3904
entry 0x40080640
[0;32mI (30) boot: ESP-IDF v5.2.1-dirty 2nd stage bootloader[0m
[0;32mI (31) boot: compile time Jun 24 2024 15:54:38[0m
[0;32mI (31) boot: Multicore bootloader[0m
[0;32mI (36) boot: chip revision: v1.0[0m
[0;32mI (39) boot.esp32: SPI Speed      : 40MHz[0m
[0;32mI (44) boot.esp32: SPI Mode       : DIO[0m
[0;32mI (49) boot.esp32: SPI Flash Size : 2MB[0m
[0;32mI (53) boot: Enabling RNG early entropy source...[0m
[0;32mI (59) boot: Partition Table:[0m
[0;32mI (62) boot: ## Label            Usage          Type ST Offset   Length[0m
[0;32mI (69) boot:  0 nvs              WiFi data        01 02 00009000 00006000[0m
[0;32mI (77) boot:  1 phy_init         RF data          01 01 0000f000 00001000[0m
[0;32mI (84) boot:  2 factory          factory app      00 00 00010000 00177000[0m
[0;32mI (92) boot: End of partition table[0m
[0;32mI (96) esp_image: segment 0: paddr=00010020 vaddr=3f400020 size=289b8h (166328) map[0m
[0;32mI (162) esp_image: segment 1: paddr=000389e0 vaddr=3ffb0000 size=03c34h ( 15412) load[0m
[0;32mI (167) esp_image: segment 2: paddr=0003c61c vaddr=40080000 size=039fch ( 14844) load[0m
[0;32mI (174) esp_image: segment 3: paddr=00040020 vaddr=400d0020 size=a97c0h (694208) map[0m
[0;32mI (414) esp_image: segment 4: paddr=000e97e8 vaddr=400839fc size=12c80h ( 76928) load[0m
[0;32mI (455) boot: Loaded app from partition at offset 0x10000[0m
[0;32mI (455) boot: Disabling RNG early entropy source...[0m
[0;32mI (467) cpu_start: Multicore app[0m
[0;32mI (476) cpu_start: Pro cpu start user code[0m
[0;32mI (476) cpu_start: cpu freq: 160000000 Hz[0m
[0;32mI (476) cpu_start: Application information:[0m
[0;32mI (479) cpu_start: Project name:     main[0m
[0;32mI (483) cpu_start: App version:      1[0m
[0;32mI (488) cpu_start: Compile time:     Jun 24 2024 15:54:11[0m
[0;32mI (494) cpu_start: ELF file SHA256:  40350b877...[0m
[0;32mI (499) cpu_start: ESP-IDF:          v5.2.1-dirty[0m
[0;32mI (505) cpu_start: Min chip rev:     v0.0[0m
[0;32mI (509) cpu_start: Max chip rev:     v3.99 [0m
[0;32mI (514) cpu_start: Chip rev:         v1.0[0m
[0;32mI (519) heap_init: Initializing. RAM available for dynamic allocation:[0m
[0;32mI (526) heap_init: At 3FFAE6E0 len 00001920 (6 KiB): DRAM[0m
[0;32mI (532) heap_init: At 3FFB8558 len 00027AA8 (158 KiB): DRAM[0m
[0;32mI (539) heap_init: At 3FFE0440 len 00003AE0 (14 KiB): D/IRAM[0m
[0;32mI (545) heap_init: At 3FFE4350 len 0001BCB0 (111 KiB): D/IRAM[0m
[0;32mI (551) heap_init: At 4009667C len 00009984 (38 KiB): IRAM[0m
[0;32mI (559) spi_flash: detected chip: generic[0m
[0;32mI (562) spi_flash: flash io: dio[0m
[0;33mW (566) spi_flash: Detected size(4096k) larger than the size in the binary image header(2048k). Using the size in the binary image header.[0m
[0;32mI (580) main_task: Started on CPU0[0m
[0;32mI (590) main_task: Calling app_main()[0m
I (630) wifi:wifi driver task: 3ffc0474, prio:23, stack:6656, core=0
I (640) wifi:wifi firmware version: a9f5b59
I (650) wifi:wifi certification version: v7.0
I (650) wifi:config NVS flash: enabled
I (650) wifi:config nano formating: disabled
I (650) wifi:Init data frame dynamic rx buffer num: 32
I (650) wifi:Init static rx mgmt buffer num: 5
I (660) wifi:Init management short buffer num: 32
I (660) wifi:Init dynamic tx buffer num: 32
I (670) wifi:Init static rx buffer size: 1600
I (670) wifi:Init static rx buffer num: 10
I (670) wifi:Init dynamic rx buffer num: 32
[0;32mI (680) wifi_init: rx ba win: 6[0m
[0;32mI (680) wifi_init: tcpip mbox: 32[0m
[0;32mI (690) wifi_init: udp mbox: 6[0m
[0;32mI (690) wifi_init: tcp mbox: 6[0m
[0;32mI (690) wifi_init: tcp tx win: 5760[0m
[0;32mI (700) wifi_init: tcp rx win: 5760[0m
[0;32mI (700) wifi_init: tcp mss: 1440[0m
[0;32mI (710) wifi_init: WiFi IRAM OP enabled[0m
[0;32mI (710) wifi_init: WiFi RX IRAM OP enabled[0m
[0;32mI (720) phy_init: phy_version 4791,2c4672b,Dec 20 2023,16:06:06[0m
I (810) wifi:mode : sta (e8:db:84:0b:d1:b4)
I (810) wifi:enable tsf
[0;33mW (810) event: handler already registered, overwriting[0m
I (860) smartconfig: SC version: V3.0.1
E (860) smartconfig: smartconfig busy
ESP_ERROR_CHECK failed: esp_err_t 0xffffffff (ESP_FAIL) at 0x400d736f
file: "./main/main.c" line 711
func: ultrasonic_test
expression: esp_smartconfig_start(&cfg)

abort() was called at PC 0x400890d3 on core 1


Backtrace: 0x400817d2:0x3ffc8c00 0x400890dd:0x3ffc8c20 0x40090895:0x3ffc8c40 0x400890d3:0x3ffc8cb0 0x400d736f:0x3ffc8ce0 0x40089be9:0x3ffc8d40




ELF file SHA256: 40350b877

Rebooting...
ets Jun  8 2016 00:22:57

rst:0xc (SW_CPU_RESET),boot:0x13 (SPI_FAST_FLASH_BOOT)
configsip: 0, SPIWP:0xee
clk_drv:0x00,q_drv:0x00,d_drv:0x00,cs0_drv:0x00,hd_drv:0x00,wp_drv:0x00
mode:DIO, clock div:2
load:0x3fff0030,len:7172
load:0x40078000,len:15540
load:0x40080400,len:4
ho 8 tail 4 room 4
load:0x40080404,len:3904
entry 0x40080640
[0;32mI (30) boot: ESP-IDF v5.2.1-dirty 2nd stage bootloader[0m
[0;32mI (31) boot: compile time Jun 24 2024 15:54:38[0m
[0;32mI (31) boot: Multicore bootloader[0m
[0;32mI (36) boot: chip revision: v1.0[0m
[0;32mI (39) boot.esp32: SPI Speed      : 40MHz[0m
[0;32mI (44) boot.esp32: SPI Mode       : DIO[0m
[0;32mI (49) boot.esp32: SPI Flash Size : 2MB[0m
[0;32mI (53) boot: Enabling RNG early entropy source...[0m
[0;32mI (59) boot: Partition Table:[0m
[0;32mI (62) boot: ## Label            Usage          Type ST Offset   Length[0m
[0;32mI (69) boot:  0 nvs              WiFi data        01 02 00009000 00006000[0m
[0;32mI (77) boot:  1 phy_init         RF data          01 01 0000f000 00001000[0m
[0;32mI (84) boot:  2 factory          factory app      00 00 00010000 00177000[0m
[0;32mI (92) boot: End of partition table[0m
[0;32mI (96) esp_image: segment 0: paddr=00010020 vaddr=3f400020 size=289b8h (166328) map[0m
[0;32mI (162) esp_image: segment 1: paddr=000389e0 vaddr=3ffb0000 size=03c34h ( 15412) load[0m
[0;32mI (167) esp_image: segment 2: paddr=0003c61c vaddr=40080000 size=039fch ( 14844) load[0m
[0;32mI (174) esp_image: segment 3: paddr=00040020 vaddr=400d0020 size=a97c0h (694208) map[0m
[0;32mI (414) esp_image: segment 4: paddr=000e97e8 vaddr=400839fc size=12c80h ( 76928) load[0m
[0;32mI (455) boot: Loaded app from partition at offset 0x10000[0m
[0;32mI (455) boot: Disabling RNG early entropy source...[0m
[0;32mI (467) cpu_start: Multicore app[0m
[0;32mI (476) cpu_start: Pro cpu start user code[0m
[0;32mI (476) cpu_start: cpu freq: 160000000 Hz[0m
[0;32mI (476) cpu_start: Application information:[0m
[0;32mI (479) cpu_start: Project name:     main[0m
[0;32mI (483) cpu_start: App version:      1[0m
[0;32mI (488) cpu_start: Compile time:     Jun 24 2024 15:54:11[0m
[0;32mI (494) cpu_start: ELF file SHA256:  40350b877...[0m
[0;32mI (499) cpu_start: ESP-IDF:          v5.2.1-dirty[0m
[0;32mI (505) cpu_start: Min chip rev:     v0.0[0m
[0;32mI (509) cpu_start: Max chip rev:     v3.99 [0m
[0;32mI (514) cpu_start: Chip rev:         v1.0[0m
[0;32mI (519) heap_init: Initializing. RAM available for dynamic allocation:[0m
[0;32mI (526) heap_init: At 3FFAE6E0 len 00001920 (6 KiB): DRAM[0m
[0;32mI (532) heap_init: At 3FFB8558 len 00027AA8 (158 KiB): DRAM[0m
[0;32mI (539) heap_init: At 3FFE0440 len 00003AE0 (14 KiB): D/IRAM[0m
[0;32mI (545) heap_init: At 3FFE4350 len 0001BCB0 (111 KiB): D/IRAM[0m
[0;32mI (551) heap_init: At 4009667C len 00009984 (38 KiB): IRAM[0m
[0;32mI (559) spi_flash: detected chip: generic[0m
[0;32mI (562) spi_flash: flash io: dio[0m
[0;33mW (566) spi_flash: Detected size(4096k) larger than the size in the binary image header(2048k). Using the size in the binary image header.[0m
[0;32mI (580) main_task: Started on CPU0[0m
[0;32mI (590) main_task: Calling app_main()[0m
I (630) wifi:wifi driver task: 3ffc0474, prio:23, stack:6656, core=0
I (640) wifi:wifi firmware version: a9f5b59
I (650) wifi:wifi certification version: v7.0
I (650) wifi:config NVS flash: enabled
I (650) wifi:config nano formating: disabled
I (650) wifi:Init data frame dynamic rx buffer num: 32
I (650) wifi:Init static rx mgmt buffer num: 5
I (660) wifi:Init management short buffer num: 32
I (660) wifi:Init dynamic tx buffer num: 32
I (670) wifi:Init static rx buffer size: 1600
I (670) wifi:Init static rx buffer num: 10
I (670) wifi:Init dynamic rx buffer num: 32
[0;32mI (680) wifi_init: rx ba win: 6[0m
[0;32mI (680) wifi_init: tcpip mbox: 32[0m
[0;32mI (690) wifi_init: udp mbox: 6[0m
[0;32mI (690) wifi_init: tcp mbox: 6[0m
[0;32mI (690) wifi_init: tcp tx win: 5760[0m
[0;32mI (700) wifi_init: tcp rx win: 5760[0m
[0;32mI (700) wifi_init: tcp mss: 1440[0m
[0;32mI (710) wifi_init: WiFi IRAM OP enabled[0m
[0;32mI (710) wifi_init: WiFi RX IRAM OP enabled[0m
[0;32mI (720) phy_init: phy_version 4791,2c4672b,Dec 20 2023,16:06:06[0m
I (810) wifi:mode : sta (e8:db:84:0b:d1:b4)
I (810) wifi:enable tsf
[0;33mW (810) event: handler already registered, overwriting[0m
I (860) smartconfig: SC version: V3.0.1
E (860) smartconfig: smartconfig busy
ESP_ERROR_CHECK failed: esp_err_t 0xffffffff (ESP_FAIL) at 0x400d736f
file: "./main/main.c" line 711
func: ultrasonic_test
expression: esp_smartconfig_start(&cfg)

abort() was called at PC 0x400890d3 on core 1


Backtrace: 0x400817d2:0x3ffc8c00 0x400890dd:0x3ffc8c20 0x40090895:0x3ffc8c40 0x400890d3:0x3ffc8cb0 0x400d736f:0x3ffc8ce0 0x40089be9:0x3ffc8d40




ELF file SHA256: 40350b877

Rebooting...
ets Jun  8 2016 00:22:57

rst:0xc (SW_CPU_RESET),boot:0x13 (SPI_FAST_FLASH_BOOT)
configsip: 0, SPIWP:0xee
clk_drv:0x00,q_drv:0x00,d_drv:0x00,cs0_drv:0x00,hd_drv:0x00,wp_drv:0x00
mode:DIO, clock div:2
load:0x3fff0030,len:7172
load:0x40078000,len:15540
load:0x40080400,len:4
ho 8 tail 4 room 4
load:0x40080404,len:3904
entry 0x40080640
[0;32mI (30) boot: ESP-IDF v5.2.1-dirty 2nd stage bootloader[0m
[0;32mI (31) boot: compile time Jun 24 2024 15:54:38[0m
[0;32mI (31) boot: Multicore bootloader[0m
[0;32mI (36) boot: chip revision: v1.0[0m
[0;32mI (39) boot.esp32: SPI Speed      : 40MHz[0m
[0;32mI (44) boot.esp32: SPI Mode       : DIO[0m
[0;32mI (49) boot.esp32: SPI Flash Size : 2MB[0m
[0;32mI (53) boot: Enabling RNG early entropy source...[0m
[0;32mI (59) boot: Partition Table:[0m
[0;32mI (62) boot: ## Label            Usage          Type ST Offset   Length[0m
[0;32mI (69) boot:  0 nvs              WiFi data        01 02 00009000 00006000[0m
[0;32mI (77) boot:  1 phy_init         RF data          01 01 0000f000 00001000[0m
[0;32mI (84) boot:  2 factory          factory app      00 00 00010000 00177000[0m
[0;32mI (92) boot: End of partition table[0m
[0;32mI (96) esp_image: segment 0: paddr=00010020 vaddr=3f400020 size=289b8h (166328) map[0m
[0;32mI (162) esp_image: segment 1: paddr=000389e0 vaddr=3ffb0000 size=03c34h ( 15412) load[0m
[0;32mI (167) esp_image: segment 2: paddr=0003c61c vaddr=40080000 size=039fch ( 14844) load[0m
[0;32mI (174) esp_image: segment 3: paddr=00040020 vaddr=400d0020 size=a97c0h (694208) map[0m
[0;32mI (414) esp_image: segment 4: paddr=000e97e8 vaddr=400839fc size=12c80h ( 76928) load[0m
[0;32mI (455) boot: Loaded app from partition at offset 0x10000[0m
[0;32mI (455) boot: Disabling RNG early entropy source...[0m
[0;32mI (467) cpu_start: Multicore app[0m
[0;32mI (476) cpu_start: Pro cpu start user code[0m
[0;32mI (476) cpu_start: cpu freq: 160000000 Hz[0m
[0;32mI (476) cpu_start: Application information:[0m
[0;32mI (479) cpu_start: Project name:     main[0m
[0;32mI (483) cpu_start: App version:      1[0m
[0;32mI (488) cpu_start: Compile time:     Jun 24 2024 15:54:11[0m
[0;32mI (494) cpu_start: ELF file SHA256:  40350b877...[0m
[0;32mI (499) cpu_start: ESP-IDF:          v5.2.1-dirty[0m
[0;32mI (505) cpu_start: Min chip rev:     v0.0[0m
[0;32mI (509) cpu_start: Max chip rev:     v3.99 [0m
[0;32mI (514) cpu_start: Chip rev:         v1.0[0m
[0;32mI (519) heap_init: Initializing. RAM available for dynamic allocation:[0m
[0;32mI (526) heap_init: At 3FFAE6E0 len 00001920 (6 KiB): DRAM[0m
[0;32mI (532) heap_init: At 3FFB8558 len 00027AA8 (158 KiB): DRAM[0m
[0;32mI (539) heap_init: At 3FFE0440 len 00003AE0 (14 KiB): D/IRAM[0m
[0;32mI (545) heap_init: At 3FFE4350 len 0001BCB0 (111 KiB): D/IRAM[0m
[0;32mI (551) heap_init: At 4009667C len 00009984 (38 KiB): IRAM[0m
[0;32mI (559) spi_flash: detected chip: generic[0m
[0;32mI (562) spi_flash: flash io: dio[0m
[0;33mW (566) spi_flash: Detected size(4096k) larger than the size in the binary image header(2048k). Using the size in the binary image header.[0m
[0;32mI (580) main_task: Started on CPU0[0m
[0;32mI (590) main_task: Calling app_main()[0m
I (630) wifi:wifi driver task: 3ffc0474, prio:23, stack:6656, core=0
I (640) wifi:wifi firmware version: a9f5b59
I (650) wifi:wifi certification version: v7.0
I (650) wifi:config NVS flash: enabled
I (650) wifi:config nano formating: disabled
I (650) wifi:Init data frame dynamic rx buffer num: 32
I (650) wifi:Init static rx mgmt buffer num: 5
I (660) wifi:Init management short buffer num: 32
I (660) wifi:Init dynamic tx buffer num: 32
I (670) wifi:Init static rx buffer size: 1600
I (670) wifi:Init static rx buffer num: 10
I (670) wifi:Init dynamic rx buffer num: 32
[0;32mI (680) wifi_init: rx ba win: 6[0m
[0;32mI (680) wifi_init: tcpip mbox: 32[0m
[0;32mI (690) wifi_init: udp mbox: 6[0m
[0;32mI (690) wifi_init: tcp mbox: 6[0m
[0;32mI (690) wifi_init: tcp tx win: 5760[0m
[0;32mI (700) wifi_init: tcp rx win: 5760[0m
[0;32mI (700) wifi_init: tcp mss: 1440[0m
[0;32mI (710) wifi_init: WiFi IRAM OP enabled[0m
[0;32mI (710) wifi_init: WiFi RX IRAM OP enabled[0m
[0;32mI (720) phy_init: phy_version 4791,2c4672b,Dec 20 2023,16:06:06[0m
I (800) wifi:mode : sta (e8:db:84:0b:d1:b4)
I (810) wifi:enable tsf
[0;33mW (810) event: handler already registered, overwriting[0m
I (860) smartconfig: SC version: V3.0.1
E (860) smartconfig: smartconfig busy
ESP_ERROR_CHECK failed: esp_err_t 0xffffffff (ESP_FAIL) at 0x400d736f
file: "./main/main.c" line 711
func: ultrasonic_test
expression: esp_smartconfig_start(&cfg)

abort() was called at PC 0x400890d3 on core 1


Backtrace: 0x400817d2:0x3ffc8c00 0x400890dd:0x3ffc8c20 0x40090895:0x3ffc8c40 0x400890d3:0x3ffc8cb0 0x400d736f:0x3ffc8ce0 0x40089be9:0x3ffc8d40




ELF file SHA256: 40350b877

Rebooting...
ets Jun  8 2016 00:22:57

rst:0xc (SW_CPU_RESET),boot:0x13 (SPI_FAST_FLASH_BOOT)
configsip: 0, SPIWP:0xee
clk_drv:0x00,q_drv:0x00,d_drv:0x00,cs0_drv:0x00,hd_drv:0x00,wp_drv:0x00
mode:DIO, clock div:2
load:0x3fff0030,len:7172
load:0x40078000,len:15540
load:0x40080400,len:4
ho 8 tail 4 room 4
load:0x40080404,len:3904
entry 0x40080640
[0;32mI (30) boot: ESP-IDF v5.2.1-dirty 2nd stage bootloader[0m
[0;32mI (31) boot: compile time Jun 24 2024 15:54:38[0m
[0;32mI (31) boot: Multicore bootloader[0m
[0;32mI (36) boot: chip revision: v1.0[0m
[0;32mI (39) boot.esp32: SPI Speed      : 40MHz[0m
[0;32mI (44) boot.esp32: SPI Mode       : DIO[0m
[0;32mI (49) boot.esp32: SPI Flash Size : 2MB[0m
[0;32mI (53) boot: Enabling RNG early entropy source...[0m
[0;32mI (59) boot: Partition Table:[0m
[0;32mI (62) boot: ## Label            Usage          Type ST Offset   Length[0m
[0;32mI (69) boot:  0 nvs              WiFi data        01 02 00009000 00006000[0m
[0;32mI (77) boot:  1 phy_init         RF data          01 01 0000f000 00001000[0m
[0;32mI (84) boot:  2 factory          factory app      00 00 00010000 00177000[0m
[0;32mI (92) boot: End of partition table[0m
[0;32mI (96) esp_image: segment 0: paddr=00010020 vaddr=3f400020 size=289b8h (166328) map[0m
[0;32mI (162) esp_image: segment 1: paddr=000389e0 vaddr=3ffb0000 size=03c34h ( 15412) load[0m
[0;32mI (167) esp_image: segment 2: paddr=0003c61c vaddr=40080000 size=039fch ( 14844) load[0m
[0;32mI (174) esp_image: segment 3: paddr=00040020 vaddr=400d0020 size=a97c0h (694208) map[0m
[0;32mI (414) esp_image: segment 4: paddr=000e97e8 vaddr=400839fc size=12c80h ( 76928) load[0m
[0;32mI (455) boot: Loaded app from partition at offset 0x10000[0m
[0;32mI (455) boot: Disabling RNG early entropy source...[0m
[0;32mI (467) cpu_start: Multicore app[0m
[0;32mI (476) cpu_start: Pro cpu start user code[0m
[0;32mI (476) cpu_start: cpu freq: 160000000 Hz[0m
[0;32mI (476) cpu_start: Application information:[0m
[0;32mI (479) cpu_start: Project name:     main[0m
[0;32mI (483) cpu_start: App version:      1[0m
[0;32mI (488) cpu_start: Compile time:     Jun 24 2024 15:54:11[0m
[0;32mI (494) cpu_start: ELF file SHA256:  40350b877...[0m
[0;32mI (499) cpu_start: ESP-IDF:          v5.2.1-dirty[0m
[0;32mI (505) cpu_start: Min chip rev:     v0.0[0m
[0;32mI (509) cpu_start: Max chip rev:     v3.99 [0m
[0;32mI (514) cpu_start: Chip rev:         v1.0[0m
[0;32mI (519) heap_init: Initializing. RAM available for dynamic allocation:[0m
[0;32mI (526) heap_init: At 3FFAE6E0 len 00001920 (6 KiB): DRAM[0m
[0;32mI (532) heap_init: At 3FFB8558 len 00027AA8 (158 KiB): DRAM[0m
[0;32mI (539) heap_init: At 3FFE0440 len 00003AE0 (14 KiB): D/IRAM[0m
[0;32mI (545) heap_init: At 3FFE4350 len 0001BCB0 (111 KiB): D/IRAM[0m
[0;32mI (551) heap_init: At 4009667C len 00009984 (38 KiB): IRAM[0m
[0;32mI (559) spi_flash: detected chip: generic[0m
[0;32mI (562) spi_flash: flash io: dio[0m
[0;33mW (566) spi_flash: Detected size(4096k) larger than the size in the binary image header(2048k). Using the size in the binary image header.[0m
[0;32mI (580) main_task: Started on CPU0[0m
[0;32mI (590) main_task: Calling app_main()[0m
I (630) wifi:wifi driver task: 3ffc0474, prio:23, stack:6656, core=0
I (640) wifi:wifi firmware version: a9f5b59
I (650) wifi:wifi certification version: v7.0
I (650) wifi:config NVS flash: enabled
I (650) wifi:config nano formating: disabled
I (650) wifi:Init data frame dynamic rx buffer num: 32
I (650) wifi:Init static rx mgmt buffer num: 5
I (660) wifi:Init management short buffer num: 32
I (660) wifi:Init dynamic tx buffer num: 32
I (670) wifi:Init static rx buffer size: 1600
I (670) wifi:Init static rx buffer num: 10
I (670) wifi:Init dynamic rx buffer num: 32
[0;32mI (680) wifi_init: rx ba win: 6[0m
[0;32mI (680) wifi_init: tcpip mbox: 32[0m
[0;32mI (690) wifi_init: udp mbox: 6[0m
[0;32mI (690) wifi_init: tcp mbox: 6[0m
[0;32mI (690) wifi_init: tcp tx win: 5760[0m
[0;32mI (700) wifi_init: tcp rx win: 5760[0m
[0;32mI (700) wifi_init: tcp mss: 1440[0m
[0;32mI (710) wifi_init: WiFi IRAM OP enabled[0m
[0;32mI (710) wifi_init: WiFi RX IRAM OP enabled[0m
[0;32mI (720) phy_init: phy_version 4791,2c4672b,Dec 20 2023,16:06:06[0m
I (810) wifi:mode : sta (e8:db:84:0b:d1:b4)
I (810) wifi:enable tsf
[0;33mW (810) event: handler already registered, overwriting[0m
I (860) smartconfig: SC version: V3.0.1
E (860) smartconfig: smartconfig busy
ESP_ERROR_CHECK failed: esp_err_t 0xffffffff (ESP_FAIL) at 0x400d736f
file: "./main/main.c" line 711
func: ultrasonic_test
expression: esp_smartconfig_start(&cfg)

abort() was called at PC 0x400890d3 on core 1


Backtrace: 0x400817d2:0x3ffc8c00 0x400890dd:0x3ffc8c20 0x40090895:0x3ffc8c40 0x400890d3:0x3ffc8cb0 0x400d736f:0x3ffc8ce0 0x40089be9:0x3ffc8d40




ELF file SHA256: 40350b877

Rebooting...
ets Jun  8 2016 00:22:57

rst:0xc (SW_CPU_RESET),boot:0x13 (SPI_FAST_FLASH_BOOT)
configsip: 0, SPIWP:0xee
clk_drv:0x00,q_drv:0x00,d_drv:0x00,cs0_drv:0x00,hd_drv:0x00,wp_drv:0x00
mode:DIO, clock div:2
load:0x3fff0030,len:7172
load:0x40078000,len:15540
load:0x40080400,len:4
ho 8 tail 4 room 4
load:0x40080404,len:3904
entry 0x40080640
[0;32mI (30) boot: ESP-IDF v5.2.1-dirty 2nd stage bootloader[0m
[0;32mI (31) boot: compile time Jun 24 2024 15:54:38[0m
[0;32mI (31) boot: Multicore bootloader[0m
[0;32mI (36) boot: chip revision: v1.0[0m
[0;32mI (39) boot.esp32: SPI Speed      : 40MHz[0m
[0;32mI (44) boot.esp32: SPI Mode       : DIO[0m
[0;32mI (49) boot.esp32: SPI Flash Size : 2MB[0m
[0;32mI (53) boot: Enabling RNG early entropy source...[0m
[0;32mI (59) boot: Partition Table:[0m
[0;32mI (62) boot: ## Label            Usage          Type ST Offset   Length[0m
[0;32mI (69) boot:  0 nvs              WiFi data        01 02 00009000 00006000[0m
[0;32mI (77) boot:  1 phy_init         RF data          01 01 0000f000 00001000[0m
[0;32mI (84) boot:  2 factory          factory app      00 00 00010000 00177000[0m
[0;32mI (92) boot: End of partition table[0m
[0;32mI (96) esp_image: segment 0: paddr=00010020 vaddr=3f400020 size=289b8h (166328) map[0m
[0;32mI (162) esp_image: segment 1: paddr=000389e0 vaddr=3ffb0000 size=03c34h ( 15412) load[0m
[0;32mI (167) esp_image: segment 2: paddr=0003c61c vaddr=40080000 size=039fch ( 14844) load[0m
[0;32mI (174) esp_image: segment 3: paddr=00040020 vaddr=400d0020 size=a97c0h (694208) map[0m
[0;32mI (414) esp_image: segment 4: paddr=000e97e8 vaddr=400839fc size=12c80h ( 76928) load[0m
[0;32mI (455) boot: Loaded app from partition at offset 0x10000[0m
[0;32mI (455) boot: Disabling RNG early entropy source...[0m
[0;32mI (467) cpu_start: Multicore app[0m
[0;32mI (476) cpu_start: Pro cpu start user code[0m
[0;32mI (476) cpu_start: cpu freq: 160000000 Hz[0m
[0;32mI (476) cpu_start: Application information:[0m
[0;32mI (479) cpu_start: Project name:     main[0m
[0;32mI (483) cpu_start: App version:      1[0m
[0;32mI (488) cpu_start: Compile time:     Jun 24 2024 15:54:11[0m
[0;32mI (494) cpu_start: ELF file SHA256:  40350b877...[0m
[0;32mI (499) cpu_start: ESP-IDF:          v5.2.1-dirty[0m
[0;32mI (505) cpu_start: Min chip rev:     v0.0[0m
[0;32mI (509) cpu_start: Max chip rev:     v3.99 [0m
[0;32mI (514) cpu_start: Chip rev:         v1.0[0m
[0;32mI (519) heap_init: Initializing. RAM available for dynamic allocation:[0m
[0;32mI (526) heap_init: At 3FFAE6E0 len 00001920 (6 KiB): DRAM[0m
[0;32mI (532) heap_init: At 3FFB8558 len 00027AA8 (158 KiB): DRAM[0m
[0;32mI (539) heap_init: At 3FFE0440 len 00003AE0 (14 KiB): D/IRAM[0m
[0;32mI (545) heap_init: At 3FFE4350 len 0001BCB0 (111 KiB): D/IRAM[0m
[0;32mI (551) heap_init: At 4009667C len 00009984 (38 KiB): IRAM[0m
[0;32mI (559) spi_flash: detected chip: generic[0m
[0;32mI (562) spi_flash: flash io: dio[0m
[0;33mW (566) spi_flash: Detected size(4096k) larger than the size in the binary image header(2048k). Using the size in the binary image header.[0m
[0;32mI (580) main_task: Started on CPU0[0m
[0;32mI (590) main_task: Calling app_main()[0m
I (630) wifi:wifi driver task: 3ffc0474, prio:23, stack:6656, core=0
I (640) wifi:wifi firmware version: a9f5b59
I (650) wifi:wifi certification version: v7.0
I (650) wifi:config NVS flash: enabled
I (650) wifi:config nano formating: disabled
I (650) wifi:Init data frame dynamic rx buffer num: 32
I (650) wifi:Init static rx mgmt buffer num: 5
I (660) wifi:Init management short buffer num: 32
I (660) wifi:Init dynamic tx buffer num: 32
I (670) wifi:Init static rx buffer size: 1600
I (670) wifi:Init static rx buffer num: 10
I (670) wifi:Init dynamic rx buffer num: 32
[0;32mI (680) wifi_init: rx ba win: 6[0m
[0;32mI (680) wifi_init: tcpip mbox: 32[0m
[0;32mI (690) wifi_init: udp mbox: 6[0m
[0;32mI (690) wifi_init: tcp mbox: 6[0m
[0;32mI (690) wifi_init: tcp tx win: 5760[0m
[0;32mI (700) wifi_init: tcp rx win: 5760[0m
[0;32mI (700) wifi_init: tcp mss: 1440[0m
[0;32mI (710) wifi_init: WiFi IRAM OP enabled[0m
[0;32mI (710) wifi_init: WiFi RX IRAM OP enabled[0m
[0;32mI (720) phy_init: phy_version 4791,2c4672b,Dec 20 2023,16:06:06[0m
I (800) wifi:mode : sta (e8:db:84:0b:d1:b4)
I (800) wifi:enable tsf
[0;33mW (810) event: handler already registered, overwriting[0m
I (860) smartconfig: SC version: V3.0.1
E (860) smartconfig: smartconfig busy
ESP_ERROR_CHECK failed: esp_err_t 0xffffffff (ESP_FAIL) at 0x400d736f
file: "./main/main.c" line 711
func: ultrasonic_test
expression: esp_smartconfig_start(&cfg)

abort() was called at PC 0x400890d3 on core 1


Backtrace: 0x400817d2:0x3ffc8c00 0x400890dd:0x3ffc8c20 0x40090895:0x3ffc8c40 0x400890d3:0x3ffc8cb0 0x400d736f:0x3ffc8ce0 0x40089be9:0x3ffc8d40




ELF file SHA256: 40350b877

Rebooting...
ets Jun  8 2016 00:22:57

rst:0xc (SW_CPU_RESET),boot:0x13 (SPI_FAST_FLASH_BOOT)
configsip: 0, SPIWP:0xee
clk_drv:0x00,q_drv:0x00,d_drv:0x00,cs0_drv:0x00,hd_drv:0x00,wp_drv:0x00
mode:DIO, clock div:2
load:0x3fff0030,len:7172
load:0x40078000,len:15540
load:0x40080400,len:4
ho 8 tail 4 room 4
load:0x40080404,len:3904
entry 0x40080640
[0;32mI (30) boot: ESP-IDF v5.2.1-dirty 2nd stage bootloader[0m
[0;32mI (31) boot: compile time Jun 24 2024 15:54:38[0m
[0;32mI (31) boot: Multicore bootloader[0m
[0;32mI (36) boot: chip revision: v1.0[0m
[0;32mI (39) boot.esp32: SPI Speed      : 40MHz[0m
[0;32mI (44) boot.esp32: SPI Mode       : DIO[0m
[0;32mI (49) boot.esp32: SPI Flash Size : 2MB[0m
[0;32mI (53) boot: Enabling RNG early entropy source...[0m
[0;32mI (59) boot: Partition Table:[0m
[0;32mI (62) boot: ## Label            Usage          Type ST Offset   Length[0m
[0;32mI (69) boot:  0 nvs              WiFi data        01 02 00009000 00006000[0m
[0;32mI (77) boot:  1 phy_init         RF data          01 01 0000f000 00001000[0m
[0;32mI (84) boot:  2 factory          factory app      00 00 00010000 00177000[0m
[0;32mI (92) boot: End of partition table[0m
[0;32mI (96) esp_image: segment 0: paddr=00010020 vaddr=3f400020 size=289b8h (166328) map[0m
[0;32mI (162) esp_image: segment 1: paddr=000389e0 vaddr=3ffb0000 size=03c34h ( 15412) load[0m
[0;32mI (167) esp_image: segment 2: paddr=0003c61c vaddr=40080000 size=039fch ( 14844) load[0m
[0;32mI (174) esp_image: segment 3: paddr=00040020 vaddr=400d0020 size=a97c0h (694208) map[0m
[0;32mI (414) esp_image: segment 4: paddr=000e97e8 vaddr=400839fc size=12c80h ( 76928) load[0m
[0;32mI (455) boot: Loaded app from partition at offset 0x10000[0m
[0;32mI (455) boot: Disabling RNG early entropy source...[0m
[0;32mI (467) cpu_start: Multicore app[0m
[0;32mI (476) cpu_start: Pro cpu start user code[0m
[0;32mI (476) cpu_start: cpu freq: 160000000 Hz[0m
[0;32mI (476) cpu_start: Application information:[0m
[0;32mI (479) cpu_start: Project name:     main[0m
[0;32mI (483) cpu_start: App version:      1[0m
[0;32mI (488) cpu_start: Compile time:     Jun 24 2024 15:54:11[0m
[0;32mI (494) cpu_start: ELF file SHA256:  40350b877...[0m
[0;32mI (499) cpu_start: ESP-IDF:          v5.2.1-dirty[0m
[0;32mI (505) cpu_start: Min chip rev:     v0.0[0m
[0;32mI (509) cpu_start: Max chip rev:     v3.99 [0m
[0;32mI (514) cpu_start: Chip rev:         v1.0[0m
[0;32mI (519) heap_init: Initializing. RAM available for dynamic allocation:[0m
[0;32mI (526) heap_init: At 3FFAE6E0 len 00001920 (6 KiB): DRAM[0m
[0;32mI (532) heap_init: At 3FFB8558 len 00027AA8 (158 KiB): DRAM[0m
[0;32mI (539) heap_init: At 3FFE0440 len 00003AE0 (14 KiB): D/IRAM[0m
[0;32mI (545) heap_init: At 3FFE4350 len 0001BCB0 (111 KiB): D/IRAM[0m
[0;32mI (551) heap_init: At 4009667C len 00009984 (38 KiB): IRAM[0m
[0;32mI (559) spi_flash: detected chip: generic[0m
[0;32mI (562) spi_flash: flash io: dio[0m
[0;33mW (566) spi_flash: Detected size(4096k) larger than the size in the binary image header(2048k). Using the size in the binary image header.[0m
[0;32mI (580) main_task: Started on CPU0[0m
[0;32mI (590) main_task: Calling app_main()[0m
I (630) wifi:wifi driver task: 3ffc0474, prio:23, stack:6656, core=0
I (640) wifi:wifi firmware version: a9f5b59
I (650) wifi:wifi certification version: v7.0
I (650) wifi:config NVS flash: enabled
I (650) wifi:config nano formating: disabled
I (650) wifi:Init data frame dynamic rx buffer num: 32
I (650) wifi:Init static rx mgmt buffer num: 5
I (660) wifi:Init management short buffer num: 32
I (660) wifi:Init dynamic tx buffer num: 32
I (670) wifi:Init static rx buffer size: 1600
I (670) wifi:Init static rx buffer num: 10
I (670) wifi:Init dynamic rx buffer num: 32
[0;32mI (680) wifi_init: rx ba win: 6[0m
[0;32mI (680) wifi_init: tcpip mbox: 32[0m
[0;32mI (690) wifi_init: udp mbox: 6[0m
[0;32mI (690) wifi_init: tcp mbox: 6[0m
[0;32mI (690) wifi_init: tcp tx win: 5760[0m
[0;32mI (700) wifi_init: tcp rx win: 5760[0m
[0;32mI (700) wifi_init: tcp mss: 1440[0m
[0;32mI (710) wifi_init: WiFi IRAM OP enabled[0m
[0;32mI (710) wifi_init: WiFi RX IRAM OP enabled[0m
[0;32mI (720) phy_init: phy_version 4791,2c4672b,Dec 20 2023,16:06:06[0m
I (800) wifi:mode : sta (e8:db:84:0b:d1:b4)
I (810) wifi:enable tsf
[0;33mW (810) event: handler already registered, overwriting[0m
I (860) smartconfig: SC version: V3.0.1
E (860) smartconfig: smartconfig busy
ESP_ERROR_CHECK failed: esp_err_t 0xffffffff (ESP_FAIL) at 0x400d736f
file: "./main/main.c" line 711
func: ultrasonic_test
expression: esp_smartconfig_start(&cfg)

abort() was called at PC 0x400890d3 on core 1


Backtrace: 0x400817d2:0x3ffc8c00 0x400890dd:0x3ffc8c20 0x40090895:0x3ffc8c40 0x400890d3:0x3ffc8cb0 0x400d736f:0x3ffc8ce0 0x40089be9:0x3ffc8d40




ELF file SHA256: 40350b877

Rebooting...
ets Jun  8 2016 00:22:57

rst:0xc (SW_CPU_RESET),boot:0x13 (SPI_FAST_FLASH_BOOT)
configsip: 0, SPIWP:0xee
clk_drv:0x00,q_drv:0x00,d_drv:0x00,cs0_drv:0x00,hd_drv:0x00,wp_drv:0x00
mode:DIO, clock div:2
load:0x3fff0030,len:7172
load:0x40078000,len:15540
load:0x40080400,len:4
ho 8 tail 4 room 4
load:0x40080404,len:3904
entry 0x40080640
[0;32mI (30) boot: ESP-IDF v5.2.1-dirty 2nd stage bootloader[0m
[0;32mI (31) boot: compile time Jun 24 2024 15:54:38[0m
[0;32mI (31) boot: Multicore bootloader[0m
[0;32mI (36) boot: chip revision: v1.0[0m
[0;32mI (39) boot.esp32: SPI Speed      : 40MHz[0m
[0;32mI (44) boot.esp32: SPI Mode       : DIO[0m
[0;32mI (49) boot.esp32: SPI Flash Size : 2MB[0m
[0;32mI (53) boot: Enabling RNG early entropy source...[0m
[0;32mI (59) boot: Partition Table:[0m
[0;32mI (62) boot: ## Label            Usage          Type ST Offset   Length[0m
[0;32mI (69) boot:  0 nvs              WiFi data        01 02 00009000 00006000[0m
[0;32mI (77) boot:  1 phy_init         RF data          01 01 0000f000 00001000[0m
[0;32mI (84) boot:  2 factory          factory app      00 00 00010000 00177000[0m
[0;32mI (92) boot: End of partition table[0m
[0;32mI (96) esp_image: segment 0: paddr=00010020 vaddr=3f400020 size=289b8h (166328) map[0m
[0;32mI (162) esp_image: segment 1: paddr=000389e0 vaddr=3ffb0000 size=03c34h ( 15412) load[0m
[0;32mI (167) esp_image: segment 2: paddr=0003c61c vaddr=40080000 size=039fch ( 14844) load[0m
[0;32mI (174) esp_image: segment 3: paddr=00040020 vaddr=400d0020 size=a97c0h (694208) map[0m
[0;32mI (414) esp_image: segment 4: paddr=000e97e8 vaddr=400839fc size=12c80h ( 76928) load[0m
[0;32mI (455) boot: Loaded app from partition at offset 0x10000[0m
[0;32mI (455) boot: Disabling RNG early entropy source...[0m
[0;32mI (467) cpu_start: Multicore app[0m
[0;32mI (476) cpu_start: Pro cpu start user code[0m
[0;32mI (476) cpu_start: cpu freq: 160000000 Hz[0m
[0;32mI (476) cpu_start: Application information:[0m
[0;32mI (479) cpu_start: Project name:     main[0m
[0;32mI (483) cpu_start: App version:      1[0m
[0;32mI (488) cpu_start: Compile time:     Jun 24 2024 15:54:11[0m
[0;32mI (494) cpu_start: ELF file SHA256:  40350b877...[0m
[0;32mI (499) cpu_start: ESP-IDF:          v5.2.1-dirty[0m
[0;32mI (505) cpu_start: Min chip rev:     v0.0[0m
[0;32mI (509) cpu_start: Max chip rev:     v3.99 [0m
[0;32mI (514) cpu_start: Chip rev:         v1.0[0m
[0;32mI (519) heap_init: Initializing. RAM available for dynamic allocation:[0m
[0;32mI (526) heap_init: At 3FFAE6E0 len 00001920 (6 KiB): DRAM[0m
[0;32mI (532) heap_init: At 3FFB8558 len 00027AA8 (158 KiB): DRAM[0m
[0;32mI (539) heap_init: At 3FFE0440 len 00003AE0 (14 KiB): D/IRAM[0m
[0;32mI (545) heap_init: At 3FFE4350 len 0001BCB0 (111 KiB): D/IRAM[0m
[0;32mI (551) heap_init: At 4009667C len 00009984 (38 KiB): IRAM[0m
[0;32mI (559) spi_flash: detected chip: generic[0m
[0;32mI (562) spi_flash: flash io: dio[0m
[0;33mW (566) spi_flash: Detected size(4096k) larger than the size in the binary image header(2048k). Using the size in the binary image header.[0m
[0;32mI (580) main_task: Started on CPU0[0m
[0;32mI (590) main_task: Calling app_main()[0m
I (630) wifi:wifi driver task: 3ffc0474, prio:23, stack:6656, core=0
I (640) wifi:wifi firmware version: a9f5b59
I (650) wifi:wifi certification version: v7.0
I (650) wifi:config NVS flash: enabled
I (650) wifi:config nano formating: disabled
I (650) wifi:Init data frame dynamic rx buffer num: 32
I (650) wifi:Init static rx mgmt buffer num: 5
I (660) wifi:Init management short buffer num: 32
I (660) wifi:Init dynamic tx buffer num: 32
I (670) wifi:Init static rx buffer size: 1600
I (670) wifi:Init static rx buffer num: 10
I (670) wifi:Init dynamic rx buffer num: 32
[0;32mI (680) wifi_init: rx ba win: 6[0m
[0;32mI (680) wifi_init: tcpip mbox: 32[0m
[0;32mI (690) wifi_init: udp mbox: 6[0m
[0;32mI (690) wifi_init: tcp mbox: 6[0m
[0;32mI (690) wifi_init: tcp tx win: 5760[0m
[0;32mI (700) wifi_init: tcp rx win: 5760[0m
[0;32mI (700) wifi_init: tcp mss: 1440[0m
[0;32mI (710) wifi_init: WiFi IRAM OP enabled[0m
[0;32mI (710) wifi_init: WiFi RX IRAM OP enabled[0m
[0;32mI (720) phy_init: phy_version 4791,2c4672b,Dec 20 2023,16:06:06[0m
I (810) wifi:mode : sta (e8:db:84:0b:d1:b4)
I (810) wifi:enable tsf
[0;33mW (810) event: handler already registered, overwriting[0m
I (860) smartconfig: SC version: V3.0.1
E (860) smartconfig: smartconfig busy
ESP_ERROR_CHECK failed: esp_err_t 0xffffffff (ESP_FAIL) at 0x400d736f
file: "./main/main.c" line 711
func: ultrasonic_test
expression: esp_smartconfig_start(&cfg)

abort() was called at PC 0x400890d3 on core 1


Backtrace: 0x400817d2:0x3ffc8c00 0x400890dd:0x3ffc8c20 0x40090895:0x3ffc8c40 0x400890d3:0x3ffc8cb0 0x400d736f:0x3ffc8ce0 0x40089be9:0x3ffc8d40




ELF file SHA256: 40350b877

Rebooting...
ets Jun  8 2016 00:22:57

rst:0xc (SW_CPU_RESET),boot:0x13 (SPI_FAST_FLASH_BOOT)
configsip: 0, SPIWP:0xee
clk_drv:0x00,q_drv:0x00,d_drv:0x00,cs0_drv:0x00,hd_drv:0x00,wp_drv:0x00
mode:DIO, clock div:2
load:0x3fff0030,len:7172
load:0x40078000,len:15540
load:0x40080400,len:4
ho 8 tail 4 room 4
load:0x40080404,len:3904
entry 0x40080640
[0;32mI (30) boot: ESP-IDF v5.2.1-dirty 2nd stage bootloader[0m
[0;32mI (31) boot: compile time Jun 24 2024 15:54:38[0m
[0;32mI (31) boot: Multicore bootloader[0m
[0;32mI (36) boot: chip revision: v1.0[0m
[0;32mI (39) boot.esp32: SPI Speed      : 40MHz[0m
[0;32mI (44) boot.esp32: SPI Mode       : DIO[0m
[0;32mI (49) boot.esp32: SPI Flash Size : 2MB[0m
[0;32mI (53) boot: Enabling RNG early entropy source...[0m
[0;32mI (59) boot: Partition Table:[0m
[0;32mI (62) boot: ## Label            Usage          Type ST Offset   Length[0m
[0;32mI (69) boot:  0 nvs              WiFi data        01 02 00009000 00006000[0m
[0;32mI (77) boot:  1 phy_init         RF data          01 01 0000f000 00001000[0m
[0;32mI (84) boot:  2 factory          factory app      00 00 00010000 00177000[0m
[0;32mI (92) boot: End of partition table[0m
[0;32mI (96) esp_image: segment 0: paddr=00010020 vaddr=3f400020 size=289b8h (166328) map[0m
[0;32mI (162) esp_image: segment 1: paddr=000389e0 vaddr=3ffb0000 size=03c34h ( 15412) load[0m
[0;32mI (167) esp_image: segment 2: paddr=0003c61c vaddr=40080000 size=039fch ( 14844) load[0m
[0;32mI (174) esp_image: segment 3: paddr=00040020 vaddr=400d0020 size=a97c0h (694208) map[0m
[0;32mI (414) esp_image: segment 4: paddr=000e97e8 vaddr=400839fc size=12c80h ( 76928) load[0m
[0;32mI (455) boot: Loaded app from partition at offset 0x10000[0m
[0;32mI (455) boot: Disabling RNG early entropy source...[0m
[0;32mI (467) cpu_start: Multicore app[0m
[0;32mI (476) cpu_start: Pro cpu start user code[0m
[0;32mI (476) cpu_start: cpu freq: 160000000 Hz[0m
[0;32mI (476) cpu_start: Application information:[0m
[0;32mI (479) cpu_start: Project name:     main[0m
[0;32mI (483) cpu_start: App version:      1[0m
[0;32mI (488) cpu_start: Compile time:     Jun 24 2024 15:54:11[0m
[0;32mI (494) cpu_start: ELF file SHA256:  40350b877...[0m
[0;32mI (499) cpu_start: ESP-IDF:          v5.2.1-dirty[0m
[0;32mI (505) cpu_start: Min chip rev:     v0.0[0m
[0;32mI (509) cpu_start: Max chip rev:     v3.99 [0m
[0;32mI (514) cpu_start: Chip rev:         v1.0[0m
[0;32mI (519) heap_init: Initializing. RAM available for dynamic allocation:[0m
[0;32mI (526) heap_init: At 3FFAE6E0 len 00001920 (6 KiB): DRAM[0m
[0;32mI (532) heap_init: At 3FFB8558 len 00027AA8 (158 KiB): DRAM[0m
[0;32mI (539) heap_init: At 3FFE0440 len 00003AE0 (14 KiB): D/IRAM[0m
[0;32mI (545) heap_init: At 3FFE4350 len 0001BCB0 (111 KiB): D/IRAM[0m
[0;32mI (551) heap_init: At 4009667C len 00009984 (38 KiB): IRAM[0m
[0;32mI (559) spi_flash: detected chip: generic[0m
[0;32mI (562) spi_flash: flash io: dio[0m
[0;33mW (566) spi_flash: Detected size(4096k) larger than the size in the binary image header(2048k). Using the size in the binary image header.[0m
[0;32mI (580) main_task: Started on CPU0[0m
[0;32mI (590) main_task: Calling app_main()[0m
I (630) wifi:wifi driver task: 3ffc0474, prio:23, stack:6656, core=0
I (640) wifi:wifi firmware version: a9f5b59
I (650) wifi:wifi certification version: v7.0
I (650) wifi:config NVS flash: enabled
I (650) wifi:config nano formating: disabled
I (650) wifi:Init data frame dynamic rx buffer num: 32
I (650) wifi:Init static rx mgmt buffer num: 5
I (660) wifi:Init management short buffer num: 32
I (660) wifi:Init dynamic tx buffer num: 32
I (670) wifi:Init static rx buffer size: 1600
I (670) wifi:Init static rx buffer num: 10
I (670) wifi:Init dynamic rx buffer num: 32
[0;32mI (680) wifi_init: rx ba win: 6[0m
[0;32mI (680) wifi_init: tcpip mbox: 32[0m
[0;32mI (690) wifi_init: udp mbox: 6[0m
[0;32mI (690) wifi_init: tcp mbox: 6[0m
[0;32mI (690) wifi_init: tcp tx win: 5760[0m
[0;32mI (700) wifi_init: tcp rx win: 5760[0m
[0;32mI (700) wifi_init: tcp mss: 1440[0m
[0;32mI (710) wifi_init: WiFi IRAM OP enabled[0m
[0;32mI (710) wifi_init: WiFi RX IRAM OP enabled[0m
[0;32mI (720) phy_init: phy_version 4791,2c4672b,Dec 20 2023,16:06:06[0m
I (800) wifi:mode : sta (e8:db:84:0b:d1:b4)
I (810) wifi:enable tsf
[0;33mW (810) event: handler already registered, overwriting[0m
I (860) smartconfig: SC version: V3.0.1
E (860) smartconfig: smartconfig busy
ESP_ERROR_CHECK failed: esp_err_t 0xffffffff (ESP_FAIL) at 0x400d736f
file: "./main/main.c" line 711
func: ultrasonic_test
expression: esp_smartconfig_start(&cfg)

abort() was called at PC 0x400890d3 on core 1


Backtrace: 0x400817d2:0x3ffc8c00 0x400890dd:0x3ffc8c20 0x40090895:0x3ffc8c40 0x400890d3:0x3ffc8cb0 0x400d736f:0x3ffc8ce0 0x40089be9:0x3ffc8d40




ELF file SHA256: 40350b877

Rebooting...
ets Jun  8 2016 00:22:57

rst:0xc (SW_CPU_RESET),boot:0x13 (SPI_FAST_FLASH_BOOT)
configsip: 0, SPIWP:0xee
clk_drv:0x00,q_drv:0x00,d_drv:0x00,cs0_drv:0x00,hd_drv:0x00,wp_drv:0x00
mode:DIO, clock div:2
load:0x3fff0030,len:7172
load:0x40078000,len:15540
load:0x40080400,len:4
ho 8 tail 4 room 4
load:0x40080404,len:3904
entry 0x40080640
[0;32mI (30) boot: ESP-IDF v5.2.1-dirty 2nd stage bootloader[0m
[0;32mI (31) boot: compile time Jun 24 2024 15:54:38[0m
[0;32mI (31) boot: Multicore bootloader[0m
[0;32mI (36) boot: chip revision: v1.0[0m
[0;32mI (39) boot.esp32: SPI Speed      : 40MHz[0m
[0;32mI (44) boot.esp32: SPI Mode       : DIO[0m
[0;32mI (49) boot.esp32: SPI Flash Size : 2MB[0m
[0;32mI (53) boot: Enabling RNG early entropy source...[0m
[0;32mI (59) boot: Partition Table:[0m
[0;32mI (62) boot: ## Label            Usage          Type ST Offset   Length[0m
[0;32mI (69) boot:  0 nvs              WiFi data        01 02 00009000 00006000[0m
[0;32mI (77) boot:  1 phy_init         RF data          01 01 0000f000 00001000[0m
[0;32mI (84) boot:  2 factory          factory app      00 00 00010000 00177000[0m
[0;32mI (92) boot: End of partition table[0m
[0;32mI (96) esp_image: segment 0: paddr=00010020 vaddr=3f400020 size=289b8h (166328) map[0m
[0;32mI (162) esp_image: segment 1: paddr=000389e0 vaddr=3ffb0000 size=03c34h ( 15412) load[0m
[0;32mI (167) esp_image: segment 2: paddr=0003c61c vaddr=40080000 size=039fch ( 14844) load[0m
[0;32mI (174) esp_image: segment 3: paddr=00040020 vaddr=400d0020 size=a97c0h (694208) map[0m
[0;32mI (414) esp_image: segment 4: paddr=000e97e8 vaddr=400839fc size=12c80h ( 76928) load[0m
[0;32mI (455) boot: Loaded app from partition at offset 0x10000[0m
[0;32mI (455) boot: Disabling RNG early entropy source...[0m
[0;32mI (467) cpu_start: Multicore app[0m
[0;32mI (476) cpu_start: Pro cpu start user code[0m
[0;32mI (476) cpu_start: cpu freq: 160000000 Hz[0m
[0;32mI (476) cpu_start: Application information:[0m
[0;32mI (479) cpu_start: Project name:     main[0m
[0;32mI (483) cpu_start: App version:      1[0m
[0;32mI (488) cpu_start: Compile time:     Jun 24 2024 15:54:11[0m
[0;32mI (494) cpu_start: ELF file SHA256:  40350b877...[0m
[0;32mI (499) cpu_start: ESP-IDF:          v5.2.1-dirty[0m
[0;32mI (505) cpu_start: Min chip rev:     v0.0[0m
[0;32mI (509) cpu_start: Max chip rev:     v3.99 [0m
[0;32mI (514) cpu_start: Chip rev:         v1.0[0m
[0;32mI (519) heap_init: Initializing. RAM available for dynamic allocation:[0m
[0;32mI (526) heap_init: At 3FFAE6E0 len 00001920 (6 KiB): DRAM[0m
[0;32mI (532) heap_init: At 3FFB8558 len 00027AA8 (158 KiB): DRAM[0m
[0;32mI (539) heap_init: At 3FFE0440 len 00003AE0 (14 KiB): D/IRAM[0m
[0;32mI (545) heap_init: At 3FFE4350 len 0001BCB0 (111 KiB): D/IRAM[0m
[0;32mI (551) heap_init: At 4009667C len 00009984 (38 KiB): IRAM[0m
[0;32mI (559) spi_flash: detected chip: generic[0m
[0;32mI (562) spi_flash: flash io: dio[0m
[0;33mW (566) spi_flash: Detected size(4096k) larger than the size in the binary image header(2048k). Using the size in the binary image header.[0m
[0;32mI (580) main_task: Started on CPU0[0m
[0;32mI (590) main_task: Calling app_main()[0m
I (630) wifi:wifi driver task: 3ffc0474, prio:23, stack:6656, core=0
I (640) wifi:wifi firmware version: a9f5b59
I (650) wifi:wifi certification version: v7.0
I (650) wifi:config NVS flash: enabled
I (650) wifi:config nano formating: disabled
I (650) wifi:Init data frame dynamic rx buffer num: 32
I (650) wifi:Init static rx mgmt buffer num: 5
I (660) wifi:Init management short buffer num: 32
I (660) wifi:Init dynamic tx buffer num: 32
I (670) wifi:Init static rx buffer size: 1600
I (670) wifi:Init static rx buffer num: 10
I (670) wifi:Init dynamic rx buffer num: 32
[0;32mI (680) wifi_init: rx ba win: 6[0m
[0;32mI (680) wifi_init: tcpip mbox: 32[0m
[0;32mI (690) wifi_init: udp mbox: 6[0m
[0;32mI (690) wifi_init: tcp mbox: 6[0m
[0;32mI (690) wifi_init: tcp tx win: 5760[0m
[0;32mI (700) wifi_init: tcp rx win: 5760[0m
[0;32mI (700) wifi_init: tcp mss: 1440[0m
[0;32mI (710) wifi_init: WiFi IRAM OP enabled[0m
[0;32mI (710) wifi_init: WiFi RX IRAM OP enabled[0m
[0;32mI (720) phy_init: phy_version 4791,2c4672b,Dec 20 2023,16:06:06[0m
I (810) wifi:mode : sta (e8:db:84:0b:d1:b4)
I (810) wifi:enable tsf
[0;33mW (810) event: handler already registered, overwriting[0m
I (860) smartconfig: SC version: V3.0.1
E (860) smartconfig: smartconfig busy
ESP_ERROR_CHECK failed: esp_err_t 0xffffffff (ESP_FAIL) at 0x400d736f
file: "./main/main.c" line 711
func: ultrasonic_test
expression: esp_smartconfig_start(&cfg)

abort() was called at PC 0x400890d3 on core 1


Backtrace: 0x400817d2:0x3ffc8c00 0x400890dd:0x3ffc8c20 0x40090895:0x3ffc8c40 0x400890d3:0x3ffc8cb0 0x400d736f:0x3ffc8ce0 0x40089be9:0x3ffc8d40




ELF file SHA256: 40350b877

Rebooting...
ets Jun  8 2016 00:22:57

rst:0xc (SW_CPU_RESET),boot:0x13 (SPI_FAST_FLASH_BOOT)
configsip: 0, SPIWP:0xee
clk_drv:0x00,q_drv:0x00,d_drv:0x00,cs0_drv:0x00,hd_drv:0x00,wp_drv:0x00
mode:DIO, clock div:2
load:0x3fff0030,len:7172
load:0x40078000,len:15540
load:0x40080400,len:4
ho 8 tail 4 room 4
load:0x40080404,len:3904
entry 0x40080640
[0;32mI (30) boot: ESP-IDF v5.2.1-dirty 2nd stage bootloader[0m
[0;32mI (31) boot: compile time Jun 24 2024 15:54:38[0m
[0;32mI (31) boot: Multicore bootloader[0m
[0;32mI (36) boot: chip revision: v1.0[0m
[0;32mI (39) boot.esp32: SPI Speed      : 40MHz[0m
[0;32mI (44) boot.esp32: SPI Mode       : DIO[0m
[0;32mI (49) boot.esp32: SPI Flash Size : 2MB[0m
[0;32mI (53) boot: Enabling RNG early entropy source...[0m
[0;32mI (59) boot: Partition Table:[0m
[0;32mI (62) boot: ## Label            Usage          Type ST Offset   Length[0m
[0;32mI (69) boot:  0 nvs              WiFi data        01 02 00009000 00006000[0m
[0;32mI (77) boot:  1 phy_init         RF data          01 01 0000f000 00001000[0m
[0;32mI (84) boot:  2 factory          factory app      00 00 00010000 00177000[0m
[0;32mI (92) boot: End of partition table[0m
[0;32mI (96) esp_image: segment 0: paddr=00010020 vaddr=3f400020 size=289b8h (166328) map[0m
[0;32mI (162) esp_image: segment 1: paddr=000389e0 vaddr=3ffb0000 size=03c34h ( 15412) load[0m
[0;32mI (167) esp_image: segment 2: paddr=0003c61c vaddr=40080000 size=039fch ( 14844) load[0m
[0;32mI (174) esp_image: segment 3: paddr=00040020 vaddr=400d0020 size=a97c0h (694208) map[0m
[0;32mI (414) esp_image: segment 4: paddr=000e97e8 vaddr=400839fc size=12c80h ( 76928) load[0m
[0;32mI (455) boot: Loaded app from partition at offset 0x10000[0m
[0;32mI (455) boot: Disabling RNG early entropy source...[0m
[0;32mI (467) cpu_start: Multicore app[0m
[0;32mI (476) cpu_start: Pro cpu start user code[0m
[0;32mI (476) cpu_start: cpu freq: 160000000 Hz[0m
[0;32mI (476) cpu_start: Application information:[0m
[0;32mI (479) cpu_start: Project name:     main[0m
[0;32mI (483) cpu_start: App version:      1[0m
[0;32mI (488) cpu_start: Compile time:     Jun 24 2024 15:54:11[0m
[0;32mI (494) cpu_start: ELF file SHA256:  40350b877...[0m
[0;32mI (499) cpu_start: ESP-IDF:          v5.2.1-dirty[0m
[0;32mI (505) cpu_start: Min chip rev:     v0.0[0m
[0;32mI (509) cpu_start: Max chip rev:     v3.99 [0m
[0;32mI (514) cpu_start: Chip rev:         v1.0[0m
[0;32mI (519) heap_init: Initializing. RAM available for dynamic allocation:[0m
[0;32mI (526) heap_init: At 3FFAE6E0 len 00001920 (6 KiB): DRAM[0m
[0;32mI (532) heap_init: At 3FFB8558 len 00027AA8 (158 KiB): DRAM[0m
[0;32mI (539) heap_init: At 3FFE0440 len 00003AE0 (14 KiB): D/IRAM[0m
[0;32mI (545) heap_init: At 3FFE4350 len 0001BCB0 (111 KiB): D/IRAM[0m
[0;32mI (551) heap_init: At 4009667C len 00009984 (38 KiB): IRAM[0m
[0;32mI (559) spi_flash: detected chip: generic[0m
[0;32mI (562) spi_flash: flash io: dio[0m
[0;33mW (566) spi_flash: Detected size(4096k) larger than the size in the binary image header(2048k). Using the size in the binary image header.[0m
[0;32mI (580) main_task: Started on CPU0[0m
[0;32mI (590) main_task: Calling app_main()[0m
I (630) wifi:wifi driver task: 3ffc0474, prio:23, stack:6656, core=0
I (640) wifi:wifi firmware version: a9f5b59
I (650) wifi:wifi certification version: v7.0
I (650) wifi:config NVS flash: enabled
I (650) wifi:config nano formating: disabled
I (650) wifi:Init data frame dynamic rx buffer num: 32
I (650) wifi:Init static rx mgmt buffer num: 5
I (660) wifi:Init management short buffer num: 32
I (660) wifi:Init dynamic tx buffer num: 32
I (670) wifi:Init static rx buffer size: 1600
I (670) wifi:Init static rx buffer num: 10
I (670) wifi:Init dynamic rx buffer num: 32
[0;32mI (680) wifi_init: rx ba win: 6[0m
[0;32mI (680) wifi_init: tcpip mbox: 32[0m
[0;32mI (690) wifi_init: udp mbox: 6[0m
[0;32mI (690) wifi_init: tcp mbox: 6[0m
[0;32mI (690) wifi_init: tcp tx win: 5760[0m
[0;32mI (700) wifi_init: tcp rx win: 5760[0m
[0;32mI (700) wifi_init: tcp mss: 1440[0m
[0;32mI (710) wifi_init: WiFi IRAM OP enabled[0m
[0;32mI (710) wifi_init: WiFi RX IRAM OP enabled[0m
[0;32mI (720) phy_init: phy_version 4791,2c4672b,Dec 20 2023,16:06:06[0m
I (800) wifi:mode : sta (e8:db:84:0b:d1:b4)
I (810) wifi:enable tsf
[0;33mW (810) event: handler already registered, overwriting[0m
I (860) smartconfig: SC version: V3.0.1
E (860) smartconfig: smartconfig busy
ESP_ERROR_CHECK failed: esp_err_t 0xffffffff (ESP_FAIL) at 0x400d736f
file: "./main/main.c" line 711
func: ultrasonic_test
expression: esp_smartconfig_start(&cfg)

abort() was called at PC 0x400890d3 on core 1


Backtrace: 0x400817d2:0x3ffc8c00 0x400890dd:0x3ffc8c20 0x40090895:0x3ffc8c40 0x400890d3:0x3ffc8cb0 0x400d736f:0x3ffc8ce0 0x40089be9:0x3ffc8d40




ELF file SHA256: 40350b877

Rebooting...
ets Jun  8 2016 00:22:57

rst:0xc (SW_CPU_RESET),boot:0x13 (SPI_FAST_FLASH_BOOT)
configsip: 0, SPIWP:0xee
clk_drv:0x00,q_drv:0x00,d_drv:0x00,cs0_drv:0x00,hd_drv:0x00,wp_drv:0x00
mode:DIO, clock div:2
load:0x3fff0030,len:7172
load:0x40078000,len:15540
load:0x40080400,len:4
ho 8 tail 4 room 4
load:0x40080404,len:3904
entry 0x40080640
[0;32mI (30) boot: ESP-IDF v5.2.1-dirty 2nd stage bootloader[0m
[0;32mI (31) boot: compile time Jun 24 2024 15:54:38[0m
[0;32mI (31) boot: Multicore bootloader[0m
[0;32mI (36) boot: chip revision: v1.0[0m
[0;32mI (39) boot.esp32: SPI Speed      : 40MHz[0m
[0;32mI (44) boot.esp32: SPI Mode       : DIO[0m
[0;32mI (49) boot.esp32: SPI Flash Size : 2MB[0m
[0;32mI (53) boot: Enabling RNG early entropy source...[0m
[0;32mI (59) boot: Partition Table:[0m
[0;32mI (62) boot: ## Label            Usage          Type ST Offset   Length[0m
[0;32mI (69) boot:  0 nvs              WiFi data        01 02 00009000 00006000[0m
[0;32mI (77) boot:  1 phy_init         RF data          01 01 0000f000 00001000[0m
[0;32mI (84) boot:  2 factory          factory app      00 00 00010000 00177000[0m
[0;32mI (92) boot: End of partition table[0m
[0;32mI (96) esp_image: segment 0: paddr=00010020 vaddr=3f400020 size=289b8h (166328) map[0m
[0;32mI (162) esp_image: segment 1: paddr=000389e0 vaddr=3ffb0000 size=03c34h ( 15412) load[0m
[0;32mI (167) esp_image: segment 2: paddr=0003c61c vaddr=40080000 size=039fch ( 14844) load[0m
[0;32mI (174) esp_image: segment 3: paddr=00040020 vaddr=400d0020 size=a97c0h (694208) map[0m
[0;32mI (414) esp_image: segment 4: paddr=000e97e8 vaddr=400839fc size=12c80h ( 76928) load[0m
[0;32mI (455) boot: Loaded app from partition at offset 0x10000[0m
[0;32mI (455) boot: Disabling RNG early entropy source...[0m
[0;32mI (467) cpu_start: Multicore app[0m
[0;32mI (476) cpu_start: Pro cpu start user code[0m
[0;32mI (476) cpu_start: cpu freq: 160000000 Hz[0m
[0;32mI (476) cpu_start: Application information:[0m
[0;32mI (479) cpu_start: Project name:     main[0m
[0;32mI (483) cpu_start: App version:      1[0m
[0;32mI (488) cpu_start: Compile time:     Jun 24 2024 15:54:11[0m
[0;32mI (494) cpu_start: ELF file SHA256:  40350b877...[0m
[0;32mI (499) cpu_start: ESP-IDF:          v5.2.1-dirty[0m
[0;32mI (505) cpu_start: Min chip rev:     v0.0[0m
[0;32mI (509) cpu_start: Max chip rev:     v3.99 [0m
[0;32mI (514) cpu_start: Chip rev:         v1.0[0m
[0;32mI (519) heap_init: Initializing. RAM available for dynamic allocation:[0m
[0;32mI (526) heap_init: At 3FFAE6E0 len 00001920 (6 KiB): DRAM[0m
[0;32mI (532) heap_init: At 3FFB8558 len 00027AA8 (158 KiB): DRAM[0m
[0;32mI (539) heap_init: At 3FFE0440 len 00003AE0 (14 KiB): D/IRAM[0m
[0;32mI (545) heap_init: At 3FFE4350 len 0001BCB0 (111 KiB): D/IRAM[0m
[0;32mI (551) heap_init: At 4009667C len 00009984 (38 KiB): IRAM[0m
[0;32mI (559) spi_flash: detected chip: generic[0m
[0;32mI (562) spi_flash: flash io: dio[0m
[0;33mW (566) spi_flash: Detected size(4096k) larger than the size in the binary image header(2048k). Using the size in the binary image header.[0m
[0;32mI (580) main_task: Started on CPU0[0m
[0;32mI (590) main_task: Calling app_main()[0m
I (630) wifi:wifi driver task: 3ffc0474, prio:23, stack:6656, core=0
I (640) wifi:wifi firmware version: a9f5b59
I (650) wifi:wifi certification version: v7.0
I (650) wifi:config NVS flash: enabled
I (650) wifi:config nano formating: disabled
I (650) wifi:Init data frame dynamic rx buffer num: 32
I (650) wifi:Init static rx mgmt buffer num: 5
I (660) wifi:Init management short buffer num: 32
I (660) wifi:Init dynamic tx buffer num: 32
I (670) wifi:Init static rx buffer size: 1600
I (670) wifi:Init static rx buffer num: 10
I (670) wifi:Init dynamic rx buffer num: 32
[0;32mI (680) wifi_init: rx ba win: 6[0m
[0;32mI (680) wifi_init: tcpip mbox: 32[0m
[0;32mI (690) wifi_init: udp mbox: 6[0m
[0;32mI (690) wifi_init: tcp mbox: 6[0m
[0;32mI (690) wifi_init: tcp tx win: 5760[0m
[0;32mI (700) wifi_init: tcp rx win: 5760[0m
[0;32mI (700) wifi_init: tcp mss: 1440[0m
[0;32mI (710) wifi_init: WiFi IRAM OP enabled[0m
[0;32mI (710) wifi_init: WiFi RX IRAM OP enabled[0m
[0;32mI (720) phy_init: phy_version 4791,2c4672b,Dec 20 2023,16:06:06[0m
I (810) wifi:mode : sta (e8:db:84:0b:d1:b4)
I (810) wifi:enable tsf
[0;33mW (810) event: handler already registered, overwriting[0m
I (860) smartconfig: SC version: V3.0.1
E (860) smartconfig: smartconfig busy
ESP_ERROR_CHECK failed: esp_err_t 0xffffffff (ESP_FAIL) at 0x400d736f
file: "./main/main.c" line 711
func: ultrasonic_test
expression: esp_smartconfig_start(&cfg)

abort() was called at PC 0x400890d3 on core 1


Backtrace: 0x400817d2:0x3ffc8c00 0x400890dd:0x3ffc8c20 0x40090895:0x3ffc8c40 0x400890d3:0x3ffc8cb0 0x400d736f:0x3ffc8ce0 0x40089be9:0x3ffc8d40




ELF file SHA256: 40350b877

Rebooting...
ets Jun  8 2016 00:22:57

rst:0xc (SW_CPU_RESET),boot:0x13 (SPI_FAST_FLASH_BOOT)
configsip: 0, SPIWP:0xee
clk_drv:0x00,q_drv:0x00,d_drv:0x00,cs0_drv:0x00,hd_drv:0x00,wp_drv:0x00
mode:DIO, clock div:2
load:0x3fff0030,len:7172
load:0x40078000,len:15540
load:0x40080400,len:4
ho 8 tail 4 room 4
load:0x40080404,len:3904
entry 0x40080640
[0;32mI (30) boot: ESP-IDF v5.2.1-dirty 2nd stage bootloader[0m
[0;32mI (31) boot: compile time Jun 24 2024 15:54:38[0m
[0;32mI (31) boot: Multicore bootloader[0m
[0;32mI (36) boot: chip revision: v1.0[0m
[0;32mI (39) boot.esp32: SPI Speed      : 40MHz[0m
[0;32mI (44) boot.esp32: SPI Mode       : DIO[0m
[0;32mI (49) boot.esp32: SPI Flash Size : 2MB[0m
[0;32mI (53) boot: Enabling RNG early entropy source...[0m
[0;32mI (59) boot: Partition Table:[0m
[0;32mI (62) boot: ## Label            Usage          Type ST Offset   Length[0m
[0;32mI (69) boot:  0 nvs              WiFi data        01 02 00009000 00006000[0m
[0;32mI (77) boot:  1 phy_init         RF data          01 01 0000f000 00001000[0m
[0;32mI (84) boot:  2 factory          factory app      00 00 00010000 00177000[0m
[0;32mI (92) boot: End of partition table[0m
[0;32mI (96) esp_image: segment 0: paddr=00010020 vaddr=3f400020 size=289b8h (166328) map[0m
[0;32mI (162) esp_image: segment 1: paddr=000389e0 vaddr=3ffb0000 size=03c34h ( 15412) load[0m
[0;32mI (167) esp_image: segment 2: paddr=0003c61c vaddr=40080000 size=039fch ( 14844) load[0m
[0;32mI (174) esp_image: segment 3: paddr=00040020 vaddr=400d0020 size=a97c0h (694208) map[0m
[0;32mI (414) esp_image: segment 4: paddr=000e97e8 vaddr=400839fc size=12c80h ( 76928) load[0m
[0;32mI (455) boot: Loaded app from partition at offset 0x10000[0m
[0;32mI (455) boot: Disabling RNG early entropy source...[0m
[0;32mI (467) cpu_start: Multicore app[0m
[0;32mI (476) cpu_start: Pro cpu start user code[0m
[0;32mI (476) cpu_start: cpu freq: 160000000 Hz[0m
[0;32mI (476) cpu_start: Application information:[0m
[0;32mI (479) cpu_start: Project name:     main[0m
[0;32mI (483) cpu_start: App version:      1[0m
[0;32mI (488) cpu_start: Compile time:     Jun 24 2024 15:54:11[0m
[0;32mI (494) cpu_start: ELF file SHA256:  40350b877...[0m
[0;32mI (499) cpu_start: ESP-IDF:          v5.2.1-dirty[0m
[0;32mI (505) cpu_start: Min chip rev:     v0.0[0m
[0;32mI (509) cpu_start: Max chip rev:     v3.99 [0m
[0;32mI (514) cpu_start: Chip rev:         v1.0[0m
[0;32mI (519) heap_init: Initializing. RAM available for dynamic allocation:[0m
[0;32mI (526) heap_init: At 3FFAE6E0 len 00001920 (6 KiB): DRAM[0m
[0;32mI (532) heap_init: At 3FFB8558 len 00027AA8 (158 KiB): DRAM[0m
[0;32mI (539) heap_init: At 3FFE0440 len 00003AE0 (14 KiB): D/IRAM[0m
[0;32mI (545) heap_init: At 3FFE4350 len 0001BCB0 (111 KiB): D/IRAM[0m
[0;32mI (551) heap_init: At 4009667C len 00009984 (38 KiB): IRAM[0m
[0;32mI (559) spi_flash: detected chip: generic[0m
[0;32mI (562) spi_flash: flash io: dio[0m
[0;33mW (566) spi_flash: Detected size(4096k) larger than the size in the binary image header(2048k). Using the size in the binary image header.[0m
[0;32mI (580) main_task: Started on CPU0[0m
[0;32mI (590) main_task: Calling app_main()[0m
I (630) wifi:wifi driver task: 3ffc0474, prio:23, stack:6656, core=0
I (640) wifi:wifi firmware version: a9f5b59
I (650) wifi:wifi certification version: v7.0
I (650) wifi:config NVS flash: enabled
I (650) wifi:config nano formating: disabled
I (650) wifi:Init data frame dynamic rx buffer num: 32
I (650) wifi:Init static rx mgmt buffer num: 5
I (660) wifi:Init management short buffer num: 32
I (660) wifi:Init dynamic tx buffer num: 32
I (670) wifi:Init static rx buffer size: 1600
I (670) wifi:Init static rx buffer num: 10
I (670) wifi:Init dynamic rx buffer num: 32
[0;32mI (680) wifi_init: rx ba win: 6[0m
[0;32mI (680) wifi_init: tcpip mbox: 32[0m
[0;32mI (690) wifi_init: udp mbox: 6[0m
[0;32mI (690) wifi_init: tcp mbox: 6[0m
[0;32mI (690) wifi_init: tcp tx win: 5760[0m
[0;32mI (700) wifi_init: tcp rx win: 5760[0m
[0;32mI (700) wifi_init: tcp mss: 1440[0m
[0;32mI (710) wifi_init: WiFi IRAM OP enabled[0m
[0;32mI (710) wifi_init: WiFi RX IRAM OP enabled[0m
[0;32mI (720) phy_init: phy_version 4791,2c4672b,Dec 20 2023,16:06:06[0m
I (810) wifi:mode : sta (e8:db:84:0b:d1:b4)
I (810) wifi:enable tsf
[0;33mW (810) event: handler already registered, overwriting[0m
I (860) smartconfig: SC version: V3.0.1
E (860) smartconfig: smartconfig busy
ESP_ERROR_CHECK failed: esp_err_t 0xffffffff (ESP_FAIL) at 0x400d736f
file: "./main/main.c" line 711
func: ultrasonic_test
expression: esp_smartconfig_start(&cfg)

abort() was called at PC 0x400890d3 on core 1


Backtrace: 0x400817d2:0x3ffc8c00 0x400890dd:0x3ffc8c20 0x40090895:0x3ffc8c40 0x400890d3:0x3ffc8cb0 0x400d736f:0x3ffc8ce0 0x40089be9:0x3ffc8d40




ELF file SHA256: 40350b877

Rebooting...
ets Jun  8 2016 00:22:57

rst:0xc (SW_CPU_RESET),boot:0x13 (SPI_FAST_FLASH_BOOT)
configsip: 0, SPIWP:0xee
clk_drv:0x00,q_drv:0x00,d_drv:0x00,cs0_drv:0x00,hd_drv:0x00,wp_drv:0x00
mode:DIO, clock div:2
load:0x3fff0030,len:7172
load:0x40078000,len:15540
load:0x40080400,len:4
ho 8 tail 4 room 4
load:0x40080404,len:3904
entry 0x40080640
[0;32mI (30) boot: ESP-IDF v5.2.1-dirty 2nd stage bootloader[0m
[0;32mI (31) boot: compile time Jun 24 2024 15:54:38[0m
[0;32mI (31) boot: Multicore bootloader[0m
[0;32mI (36) boot: chip revision: v1.0[0m
[0;32mI (39) boot.esp32: SPI Speed      : 40MHz[0m
[0;32mI (44) boot.esp32: SPI Mode       : DIO[0m
[0;32mI (49) boot.esp32: SPI Flash Size : 2MB[0m
[0;32mI (53) boot: Enabling RNG early entropy source...[0m
[0;32mI (59) boot: Partition Table:[0m
[0;32mI (62) boot: ## Label            Usage          Type ST Offset   Length[0m
[0;32mI (69) boot:  0 nvs              WiFi data        01 02 00009000 00006000[0m
[0;32mI (77) boot:  1 phy_init         RF data          01 01 0000f000 00001000[0m
[0;32mI (84) boot:  2 factory          factory app      00 00 00010000 00177000[0m
[0;32mI (92) boot: End of partition table[0m
[0;32mI (96) esp_image: segment 0: paddr=00010020 vaddr=3f400020 size=289b8h (166328) map[0m
[0;32mI (162) esp_image: segment 1: paddr=000389e0 vaddr=3ffb0000 size=03c34h ( 15412) load[0m
[0;32mI (167) esp_image: segment 2: paddr=0003c61c vaddr=40080000 size=039fch ( 14844) load[0m
[0;32mI (174) esp_image: segment 3: paddr=00040020 vaddr=400d0020 size=a97c0h (694208) map[0m
[0;32mI (414) esp_image: segment 4: paddr=000e97e8 vaddr=400839fc size=12c80h ( 76928) load[0m
[0;32mI (455) boot: Loaded app from partition at offset 0x10000[0m
[0;32mI (455) boot: Disabling RNG early entropy source...[0m
[0;32mI (467) cpu_start: Multicore app[0m
[0;32mI (476) cpu_start: Pro cpu start user code[0m
[0;32mI (476) cpu_start: cpu freq: 160000000 Hz[0m
[0;32mI (476) cpu_start: Application information:[0m
[0;32mI (479) cpu_start: Project name:     main[0m
[0;32mI (483) cpu_start: App version:      1[0m
[0;32mI (488) cpu_start: Compile time:     Jun 24 2024 15:54:11[0m
[0;32mI (494) cpu_start: ELF file SHA256:  40350b877...[0m
[0;32mI (499) cpu_start: ESP-IDF:          v5.2.1-dirty[0m
[0;32mI (505) cpu_start: Min chip rev:     v0.0[0m
[0;32mI (509) cpu_start: Max chip rev:     v3.99 [0m
[0;32mI (514) cpu_start: Chip rev:         v1.0[0m
[0;32mI (519) heap_init: Initializing. RAM available for dynamic allocation:[0m
[0;32mI (526) heap_init: At 3FFAE6E0 len 00001920 (6 KiB): DRAM[0m
[0;32mI (532) heap_init: At 3FFB8558 len 00027AA8 (158 KiB): DRAM[0m
[0;32mI (539) heap_init: At 3FFE0440 len 00003AE0 (14 KiB): D/IRAM[0m
[0;32mI (545) heap_init: At 3FFE4350 len 0001BCB0 (111 KiB): D/IRAM[0m
[0;32mI (551) heap_init: At 4009667C len 00009984 (38 KiB): IRAM[0m
[0;32mI (559) spi_flash: detected chip: generic[0m
[0;32mI (562) spi_flash: flash io: dio[0m
[0;33mW (566) spi_flash: Detected size(4096k) larger than the size in the binary image header(2048k). Using the size in the binary image header.[0m
[0;32mI (580) main_task: Started on CPU0[0m
[0;32mI (590) main_task: Calling app_main()[0m
I (630) wifi:wifi driver task: 3ffc0474, prio:23, stack:6656, core=0
I (640) wifi:wifi firmware version: a9f5b59
I (650) wifi:wifi certification version: v7.0
I (650) wifi:config NVS flash: enabled
I (650) wifi:config nano formating: disabled
I (650) wifi:Init data frame dynamic rx buffer num: 32
I (650) wifi:Init static rx mgmt buffer num: 5
I (660) wifi:Init management short buffer num: 32
I (660) wifi:Init dynamic tx buffer num: 32
I (670) wifi:Init static rx buffer size: 1600
I (670) wifi:Init static rx buffer num: 10
I (670) wifi:Init dynamic rx buffer num: 32
[0;32mI (680) wifi_init: rx ba win: 6[0m
[0;32mI (680) wifi_init: tcpip mbox: 32[0m
[0;32mI (690) wifi_init: udp mbox: 6[0m
[0;32mI (690) wifi_init: tcp mbox: 6[0m
[0;32mI (690) wifi_init: tcp tx win: 5760[0m
[0;32mI (700) wifi_init: tcp rx win: 5760[0m
[0;32mI (700) wifi_init: tcp mss: 1440[0m
[0;32mI (710) wifi_init: WiFi IRAM OP enabled[0m
[0;32mI (710) wifi_init: WiFi RX IRAM OP enabled[0m
[0;32mI (720) phy_init: phy_version 4791,2c4672b,Dec 20 2023,16:06:06[0m
I (800) wifi:mode : sta (e8:db:84:0b:d1:b4)
I (800) wifi:enable tsf
[0;33mW (810) event: handler already registered, overwriting[0m
I (860) smartconfig: SC version: V3.0.1
E (860) smartconfig: smartconfig busy
ESP_ERROR_CHECK failed: esp_err_t 0xffffffff (ESP_FAIL) at 0x400d736f
file: "./main/main.c" line 711
func: ultrasonic_test
expression: esp_smartconfig_start(&cfg)

abort() was called at PC 0x400890d3 on core 1


Backtrace: 0x400817d2:0x3ffc8c00 0x400890dd:0x3ffc8c20 0x40090895:0x3ffc8c40 0x400890d3:0x3ffc8cb0 0x400d736f:0x3ffc8ce0 0x40089be9:0x3ffc8d40




ELF file SHA256: 40350b877

Rebooting...
ets Jun  8 2016 00:22:57

rst:0xc (SW_CPU_RESET),boot:0x13 (SPI_FAST_FLASH_BOOT)
configsip: 0, SPIWP:0xee
clk_drv:0x00,q_drv:0x00,d_drv:0x00,cs0_drv:0x00,hd_drv:0x00,wp_drv:0x00
mode:DIO, clock div:2
load:0x3fff0030,len:7172
load:0x40078000,len:15540
load:0x40080400,len:4
ho 8 tail 4 room 4
load:0x40080404,len:3904
entry 0x40080640
[0;32mI (30) boot: ESP-IDF v5.2.1-dirty 2nd stage bootloader[0m
[0;32mI (31) boot: compile time Jun 24 2024 15:54:38[0m
[0;32mI (31) boot: Multicore bootloader[0m
[0;32mI (36) boot: chip revision: v1.0[0m
[0;32mI (39) boot.esp32: SPI Speed      : 40MHz[0m
[0;32mI (44) boot.esp32: SPI Mode       : DIO[0m
[0;32mI (49) boot.esp32: SPI Flash Size : 2MB[0m
[0;32mI (53) boot: Enabling RNG early entropy source...[0m
[0;32mI (59) boot: Partition Table:[0m
[0;32mI (62) boot: ## Label            Usage          Type ST Offset   Length[0m
[0;32mI (69) boot:  0 nvs              WiFi data        01 02 00009000 00006000[0m
[0;32mI (77) boot:  1 phy_init         RF data          01 01 0000f000 00001000[0m
[0;32mI (84) boot:  2 factory          factory app      00 00 00010000 00177000[0m
[0;32mI (92) boot: End of partition table[0m
[0;32mI (96) esp_image: segment 0: paddr=00010020 vaddr=3f400020 size=289b8h (166328) map[0m
[0;32mI (162) esp_image: segment 1: paddr=000389e0 vaddr=3ffb0000 size=03c34h ( 15412) load[0m
[0;32mI (167) esp_image: segment 2: paddr=0003c61c vaddr=40080000 size=039fch ( 14844) load[0m
[0;32mI (174) esp_image: segment 3: paddr=00040020 vaddr=400d0020 size=a97c0h (694208) map[0m
[0;32mI (414) esp_image: segment 4: paddr=000e97e8 vaddr=400839fc size=12c80h ( 76928) load[0m
[0;32mI (455) boot: Loaded app from partition at offset 0x10000[0m
[0;32mI (455) boot: Disabling RNG early entropy source...[0m
[0;32mI (467) cpu_start: Multicore app[0m
[0;32mI (476) cpu_start: Pro cpu start user code[0m
[0;32mI (476) cpu_start: cpu freq: 160000000 Hz[0m
[0;32mI (476) cpu_start: Application information:[0m
[0;32mI (479) cpu_start: Project name:     main[0m
[0;32mI (483) cpu_start: App version:      1[0m
[0;32mI (488) cpu_start: Compile time:     Jun 24 2024 15:54:11[0m
[0;32mI (494) cpu_start: ELF file SHA256:  40350b877...[0m
[0;32mI (499) cpu_start: ESP-IDF:          v5.2.1-dirty[0m
[0;32mI (505) cpu_start: Min chip rev:     v0.0[0m
[0;32mI (509) cpu_start: Max chip rev:     v3.99 [0m
[0;32mI (514) cpu_start: Chip rev:         v1.0[0m
[0;32mI (519) heap_init: Initializing. RAM available for dynamic allocation:[0m
[0;32mI (526) heap_init: At 3FFAE6E0 len 00001920 (6 KiB): DRAM[0m
[0;32mI (532) heap_init: At 3FFB8558 len 00027AA8 (158 KiB): DRAM[0m
[0;32mI (539) heap_init: At 3FFE0440 len 00003AE0 (14 KiB): D/IRAM[0m
[0;32mI (545) heap_init: At 3FFE4350 len 0001BCB0 (111 KiB): D/IRAM[0m
[0;32mI (551) heap_init: At 4009667C len 00009984 (38 KiB): IRAM[0m
[0;32mI (559) spi_flash: detected chip: generic[0m
[0;32mI (562) spi_flash: flash io: dio[0m
[0;33mW (566) spi_flash: Detected size(4096k) larger than the size in the binary image header(2048k). Using the size in the binary image header.[0m
[0;32mI (580) main_task: Started on CPU0[0m
[0;32mI (590) main_task: Calling app_main()[0m
I (630) wifi:wifi driver task: 3ffc0474, prio:23, stack:6656, core=0
I (640) wifi:wifi firmware version: a9f5b59
I (650) wifi:wifi certification version: v7.0
I (650) wifi:config NVS flash: enabled
I (650) wifi:config nano formating: disabled
I (650) wifi:Init data frame dynamic rx buffer num: 32
I (650) wifi:Init static rx mgmt buffer num: 5
I (660) wifi:Init management short buffer num: 32
I (660) wifi:Init dynamic tx buffer num: 32
I (670) wifi:Init static rx buffer size: 1600
I (670) wifi:Init static rx buffer num: 10
I (670) wifi:Init dynamic rx buffer num: 32
[0;32mI (680) wifi_init: rx ba win: 6[0m
[0;32mI (680) wifi_init: tcpip mbox: 32[0m
[0;32mI (690) wifi_init: udp mbox: 6[0m
[0;32mI (690) wifi_init: tcp mbox: 6[0m
[0;32mI (690) wifi_init: tcp tx win: 5760[0m
[0;32mI (700) wifi_init: tcp rx win: 5760[0m
[0;32mI (700) wifi_init: tcp mss: 1440[0m
[0;32mI (710) wifi_init: WiFi IRAM OP enabled[0m
[0;32mI (710) wifi_init: WiFi RX IRAM OP enabled[0m
[0;32mI (720) phy_init: phy_version 4791,2c4672b,Dec 20 2023,16:06:06[0m
I (800) wifi:mode : sta (e8:db:84:0b:d1:b4)
I (810) wifi:enable tsf
[0;33mW (810) event: handler already registered, overwriting[0m
I (860) smartconfig: SC version: V3.0.1
E (860) smartconfig: smartconfig busy
ESP_ERROR_CHECK failed: esp_err_t 0xffffffff (ESP_FAIL) at 0x400d736f
file: "./main/main.c" line 711
func: ultrasonic_test
expression: esp_smartconfig_start(&cfg)

abort() was called at PC 0x400890d3 on core 1


Backtrace: 0x400817d2:0x3ffc8c00 0x400890dd:0x3ffc8c20 0x40090895:0x3ffc8c40 0x400890d3:0x3ffc8cb0 0x400d736f:0x3ffc8ce0 0x40089be9:0x3ffc8d40




ELF file SHA256: 40350b877

Rebooting...
ets Jun  8 2016 00:22:57

rst:0xc (SW_CPU_RESET),boot:0x13 (SPI_FAST_FLASH_BOOT)
configsip: 0, SPIWP:0xee
clk_drv:0x00,q_drv:0x00,d_drv:0x00,cs0_drv:0x00,hd_drv:0x00,wp_drv:0x00
mode:DIO, clock div:2
load:0x3fff0030,len:7172
load:0x40078000,len:15540
load:0x40080400,len:4
ho 8 tail 4 room 4
load:0x40080404,len:3904
entry 0x40080640
[0;32mI (30) boot: ESP-IDF v5.2.1-dirty 2nd stage bootloader[0m
[0;32mI (31) boot: compile time Jun 24 2024 15:54:38[0m
[0;32mI (31) boot: Multicore bootloader[0m
[0;32mI (36) boot: chip revision: v1.0[0m
[0;32mI (39) boot.esp32: SPI Speed      : 40MHz[0m
[0;32mI (44) boot.esp32: SPI Mode       : DIO[0m
[0;32mI (49) boot.esp32: SPI Flash Size : 2MB[0m
[0;32mI (53) boot: Enabling RNG early entropy source...[0m
[0;32mI (59) boot: Partition Table:[0m
[0;32mI (62) boot: ## Label            Usage          Type ST Offset   Length[0m
[0;32mI (69) boot:  0 nvs              WiFi data        01 02 00009000 00006000[0m
[0;32mI (77) boot:  1 phy_init         RF data          01 01 0000f000 00001000[0m
[0;32mI (84) boot:  2 factory          factory app      00 00 00010000 00177000[0m
[0;32mI (92) boot: End of partition table[0m
[0;32mI (96) esp_image: segment 0: paddr=00010020 vaddr=3f400020 size=289b8h (166328) map[0m
[0;32mI (162) esp_image: segment 1: paddr=000389e0 vaddr=3ffb0000 size=03c34h ( 15412) load[0m
[0;32mI (167) esp_image: segment 2: paddr=0003c61c vaddr=40080000 size=039fch ( 14844) load[0m
[0;32mI (174) esp_image: segment 3: paddr=00040020 vaddr=400d0020 size=a97c0h (694208) map[0m
[0;32mI (414) esp_image: segment 4: paddr=000e97e8 vaddr=400839fc size=12c80h ( 76928) load[0m
[0;32mI (455) boot: Loaded app from partition at offset 0x10000[0m
[0;32mI (455) boot: Disabling RNG early entropy source...[0m
[0;32mI (467) cpu_start: Multicore app[0m
[0;32mI (476) cpu_start: Pro cpu start user code[0m
[0;32mI (476) cpu_start: cpu freq: 160000000 Hz[0m
[0;32mI (476) cpu_start: Application information:[0m
[0;32mI (479) cpu_start: Project name:     main[0m
[0;32mI (483) cpu_start: App version:      1[0m
[0;32mI (488) cpu_start: Compile time:     Jun 24 2024 15:54:11[0m
[0;32mI (494) cpu_start: ELF file SHA256:  40350b877...[0m
[0;32mI (499) cpu_start: ESP-IDF:          v5.2.1-dirty[0m
[0;32mI (505) cpu_start: Min chip rev:     v0.0[0m
[0;32mI (509) cpu_start: Max chip rev:     v3.99 [0m
[0;32mI (514) cpu_start: Chip rev:         v1.0[0m
[0;32mI (519) heap_init: Initializing. RAM available for dynamic allocation:[0m
[0;32mI (526) heap_init: At 3FFAE6E0 len 00001920 (6 KiB): DRAM[0m
[0;32mI (532) heap_init: At 3FFB8558 len 00027AA8 (158 KiB): DRAM[0m
[0;32mI (539) heap_init: At 3FFE0440 len 00003AE0 (14 KiB): D/IRAM[0m
[0;32mI (545) heap_init: At 3FFE4350 len 0001BCB0 (111 KiB): D/IRAM[0m
[0;32mI (551) heap_init: At 4009667C len 00009984 (38 KiB): IRAM[0m
[0;32mI (559) spi_flash: detected chip: generic[0m
[0;32mI (562) spi_flash: flash io: dio[0m
[0;33mW (566) spi_flash: Detected size(4096k) larger than the size in the binary image header(2048k). Using the size in the binary image header.[0m
[0;32mI (580) main_task: Started on CPU0[0m
[0;32mI (590) main_task: Calling app_main()[0m
I (630) wifi:wifi driver task: 3ffc0474, prio:23, stack:6656, core=0
I (640) wifi:wifi firmware version: a9f5b59
I (650) wifi:wifi certification version: v7.0
I (650) wifi:config NVS flash: enabled
I (650) wifi:config nano formating: disabled
I (650) wifi:Init data frame dynamic rx buffer num: 32
I (650) wifi:Init static rx mgmt buffer num: 5
I (660) wifi:Init management short buffer num: 32
I (660) wifi:Init dynamic tx buffer num: 32
I (670) wifi:Init static rx buffer size: 1600
I (670) wifi:Init static rx buffer num: 10
I (670) wifi:Init dynamic rx buffer num: 32
[0;32mI (680) wifi_init: rx ba win: 6[0m
[0;32mI (680) wifi_init: tcpip mbox: 32[0m
[0;32mI (690) wifi_init: udp mbox: 6[0m
[0;32mI (690) wifi_init: tcp mbox: 6[0m
[0;32mI (690) wifi_init: tcp tx win: 5760[0m
[0;32mI (700) wifi_init: tcp rx win: 5760[0m
[0;32mI (700) wifi_init: tcp mss: 1440[0m
[0;32mI (710) wifi_init: WiFi IRAM OP enabled[0m
[0;32mI (710) wifi_init: WiFi RX IRAM OP enabled[0m
[0;32mI (720) phy_init: phy_version 4791,2c4672b,Dec 20 2023,16:06:06[0m
I (810) wifi:mode : sta (e8:db:84:0b:d1:b4)
I (810) wifi:enable tsf
[0;33mW (810) event: handler already registered, overwriting[0m
I (860) smartconfig: SC version: V3.0.1
E (860) smartconfig: smartconfig busy
ESP_ERROR_CHECK failed: esp_err_t 0xffffffff (ESP_FAIL) at 0x400d736f
file: "./main/main.c" line 711
func: ultrasonic_test
expression: esp_smartconfig_start(&cfg)

abort() was called at PC 0x400890d3 on core 1


Backtrace: 0x400817d2:0x3ffc8c00 0x400890dd:0x3ffc8c20 0x40090895:0x3ffc8c40 0x400890d3:0x3ffc8cb0 0x400d736f:0x3ffc8ce0 0x40089be9:0x3ffc8d40




ELF file SHA256: 40350b877

Rebooting...
ets Jun  8 2016 00:22:57

rst:0xc (SW_CPU_RESET),boot:0x13 (SPI_FAST_FLASH_BOOT)
configsip: 0, SPIWP:0xee
clk_drv:0x00,q_drv:0x00,d_drv:0x00,cs0_drv:0x00,hd_drv:0x00,wp_drv:0x00
mode:DIO, clock div:2
load:0x3fff0030,len:7172
load:0x40078000,len:15540
load:0x40080400,len:4
ho 8 tail 4 room 4
load:0x40080404,len:3904
entry 0x40080640
[0;32mI (30) boot: ESP-IDF v5.2.1-dirty 2nd stage bootloader[0m
[0;32mI (31) boot: compile time Jun 24 2024 15:54:38[0m
[0;32mI (31) boot: Multicore bootloader[0m
[0;32mI (36) boot: chip revision: v1.0[0m
[0;32mI (39) boot.esp32: SPI Speed      : 40MHz[0m
[0;32mI (44) boot.esp32: SPI Mode       : DIO[0m
[0;32mI (49) boot.esp32: SPI Flash Size : 2MB[0m
[0;32mI (53) boot: Enabling RNG early entropy source...[0m
[0;32mI (59) boot: Partition Table:[0m
[0;32mI (62) boot: ## Label            Usage          Type ST Offset   Length[0m
[0;32mI (69) boot:  0 nvs              WiFi data        01 02 00009000 00006000[0m
[0;32mI (77) boot:  1 phy_init         RF data          01 01 0000f000 00001000[0m
[0;32mI (84) boot:  2 factory          factory app      00 00 00010000 00177000[0m
[0;32mI (92) boot: End of partition table[0m
[0;32mI (96) esp_image: segment 0: paddr=00010020 vaddr=3f400020 size=289b8h (166328) map[0m
[0;32mI (162) esp_image: segment 1: paddr=000389e0 vaddr=3ffb0000 size=03c34h ( 15412) load[0m
[0;32mI (167) esp_image: segment 2: paddr=0003c61c vaddr=40080000 size=039fch ( 14844) load[0m
[0;32mI (174) esp_image: segment 3: paddr=00040020 vaddr=400d0020 size=a97c0h (694208) map[0m
[0;32mI (414) esp_image: segment 4: paddr=000e97e8 vaddr=400839fc size=12c80h ( 76928) load[0m
[0;32mI (455) boot: Loaded app from partition at offset 0x10000[0m
[0;32mI (455) boot: Disabling RNG early entropy source...[0m
[0;32mI (467) cpu_start: Multicore app[0m
[0;32mI (476) cpu_start: Pro cpu start user code[0m
[0;32mI (476) cpu_start: cpu freq: 160000000 Hz[0m
[0;32mI (476) cpu_start: Application information:[0m
[0;32mI (479) cpu_start: Project name:     main[0m
[0;32mI (483) cpu_start: App version:      1[0m
[0;32mI (488) cpu_start: Compile time:     Jun 24 2024 15:54:11[0m
[0;32mI (494) cpu_start: ELF file SHA256:  40350b877...[0m
[0;32mI (499) cpu_start: ESP-IDF:          v5.2.1-dirty[0m
[0;32mI (505) cpu_start: Min chip rev:     v0.0[0m
[0;32mI (509) cpu_start: Max chip rev:     v3.99 [0m
[0;32mI (514) cpu_start: Chip rev:         v1.0[0m
[0;32mI (519) heap_init: Initializing. RAM available for dynamic allocation:[0m
[0;32mI (526) heap_init: At 3FFAE6E0 len 00001920 (6 KiB): DRAM[0m
[0;32mI (532) heap_init: At 3FFB8558 len 00027AA8 (158 KiB): DRAM[0m
[0;32mI (539) heap_init: At 3FFE0440 len 00003AE0 (14 KiB): D/IRAM[0m
[0;32mI (545) heap_init: At 3FFE4350 len 0001BCB0 (111 KiB): D/IRAM[0m
[0;32mI (551) heap_init: At 4009667C len 00009984 (38 KiB): IRAM[0m
[0;32mI (559) spi_flash: detected chip: generic[0m
[0;32mI (562) spi_flash: flash io: dio[0m
[0;33mW (566) spi_flash: Detected size(4096k) larger than the size in the binary image header(2048k). Using the size in the binary image header.[0m
[0;32mI (580) main_task: Started on CPU0[0m
[0;32mI (590) main_task: Calling app_main()[0m
I (630) wifi:wifi driver task: 3ffc0474, prio:23, stack:6656, core=0
I (640) wifi:wifi firmware version: a9f5b59
I (650) wifi:wifi certification version: v7.0
I (650) wifi:config NVS flash: enabled
I (650) wifi:config nano formating: disabled
I (650) wifi:Init data frame dynamic rx buffer num: 32
I (650) wifi:Init static rx mgmt buffer num: 5
I (660) wifi:Init management short buffer num: 32
I (660) wifi:Init dynamic tx buffer num: 32
I (670) wifi:Init static rx buffer size: 1600
I (670) wifi:Init static rx buffer num: 10
I (670) wifi:Init dynamic rx buffer num: 32
[0;32mI (680) wifi_init: rx ba win: 6[0m
[0;32mI (680) wifi_init: tcpip mbox: 32[0m
[0;32mI (690) wifi_init: udp mbox: 6[0m
[0;32mI (690) wifi_init: tcp mbox: 6[0m
[0;32mI (690) wifi_init: tcp tx win: 5760[0m
[0;32mI (700) wifi_init: tcp rx win: 5760[0m
[0;32mI (700) wifi_init: tcp mss: 1440[0m
[0;32mI (710) wifi_init: WiFi IRAM OP enabled[0m
[0;32mI (710) wifi_init: WiFi RX IRAM OP enabled[0m
[0;32mI (720) phy_init: phy_version 4791,2c4672b,Dec 20 2023,16:06:06[0m
I (800) wifi:mode : sta (e8:db:84:0b:d1:b4)
I (800) wifi:enable tsf
[0;33mW (810) event: handler already registered, overwriting[0m
I (860) smartconfig: SC version: V3.0.1
E (860) smartconfig: smartconfig busy
ESP_ERROR_CHECK failed: esp_err_t 0xffffffff (ESP_FAIL) at 0x400d736f
file: "./main/main.c" line 711
func: ultrasonic_test
expression: esp_smartconfig_start(&cfg)

abort() was called at PC 0x400890d3 on core 1


Backtrace: 0x400817d2:0x3ffc8c00 0x400890dd:0x3ffc8c20 0x40090895:0x3ffc8c40 0x400890d3:0x3ffc8cb0 0x400d736f:0x3ffc8ce0 0x40089be9:0x3ffc8d40




ELF file SHA256: 40350b877

Rebooting...
ets Jun  8 2016 00:22:57

rst:0xc (SW_CPU_RESET),boot:0x13 (SPI_FAST_FLASH_BOOT)
configsip: 0, SPIWP:0xee
clk_drv:0x00,q_drv:0x00,d_drv:0x00,cs0_drv:0x00,hd_drv:0x00,wp_drv:0x00
mode:DIO, clock div:2
load:0x3fff0030,len:7172
load:0x40078000,len:15540
load:0x40080400,len:4
ho 8 tail 4 room 4
load:0x40080404,len:3904
entry 0x40080640
[0;32mI (30) boot: ESP-IDF v5.2.1-dirty 2nd stage bootloader[0m
[0;32mI (31) boot: compile time Jun 24 2024 15:54:38[0m
[0;32mI (31) boot: Multicore bootloader[0m
[0;32mI (36) boot: chip revision: v1.0[0m
[0;32mI (39) boot.esp32: SPI Speed      : 40MHz[0m
[0;32mI (44) boot.esp32: SPI Mode       : DIO[0m
[0;32mI (49) boot.esp32: SPI Flash Size : 2MB[0m
[0;32mI (53) boot: Enabling RNG early entropy source...[0m
[0;32mI (59) boot: Partition Table:[0m
[0;32mI (62) boot: ## Label            Usage          Type ST Offset   Length[0m
[0;32mI (69) boot:  0 nvs              WiFi data        01 02 00009000 00006000[0m
[0;32mI (77) boot:  1 phy_init         RF data          01 01 0000f000 00001000[0m
[0;32mI (84) boot:  2 factory          factory app      00 00 00010000 00177000[0m
[0;32mI (92) boot: End of partition table[0m
[0;32mI (96) esp_image: segment 0: paddr=00010020 vaddr=3f400020 size=289b8h (166328) map[0m
[0;32mI (162) esp_image: segment 1: paddr=000389e0 vaddr=3ffb0000 size=03c34h ( 15412) load[0m
[0;32mI (167) esp_image: segment 2: paddr=0003c61c vaddr=40080000 size=039fch ( 14844) load[0m
[0;32mI (174) esp_image: segment 3: paddr=00040020 vaddr=400d0020 size=a97c0h (694208) map[0m
[0;32mI (414) esp_image: segment 4: paddr=000e97e8 vaddr=400839fc size=12c80h ( 76928) load[0m
[0;32mI (455) boot: Loaded app from partition at offset 0x10000[0m
[0;32mI (455) boot: Disabling RNG early entropy source...[0m
[0;32mI (467) cpu_start: Multicore app[0m
[0;32mI (476) cpu_start: Pro cpu start user code[0m
[0;32mI (476) cpu_start: cpu freq: 160000000 Hz[0m
[0;32mI (476) cpu_start: Application information:[0m
[0;32mI (479) cpu_start: Project name:     main[0m
[0;32mI (483) cpu_start: App version:      1[0m
[0;32mI (488) cpu_start: Compile time:     Jun 24 2024 15:54:11[0m
[0;32mI (494) cpu_start: ELF file SHA256:  40350b877...[0m
[0;32mI (499) cpu_start: ESP-IDF:          v5.2.1-dirty[0m
[0;32mI (505) cpu_start: Min chip rev:     v0.0[0m
[0;32mI (509) cpu_start: Max chip rev:     v3.99 [0m
[0;32mI (514) cpu_start: Chip rev:         v1.0[0m
[0;32mI (519) heap_init: Initializing. RAM available for dynamic allocation:[0m
[0;32mI (526) heap_init: At 3FFAE6E0 len 00001920 (6 KiB): DRAM[0m
[0;32mI (532) heap_init: At 3FFB8558 len 00027AA8 (158 KiB): DRAM[0m
[0;32mI (539) heap_init: At 3FFE0440 len 00003AE0 (14 KiB): D/IRAM[0m
[0;32mI (545) heap_init: At 3FFE4350 len 0001BCB0 (111 KiB): D/IRAM[0m
[0;32mI (551) heap_init: At 4009667C len 00009984 (38 KiB): IRAM[0m
[0;32mI (559) spi_flash: detected chip: generic[0m
[0;32mI (562) spi_flash: flash io: dio[0m
[0;33mW (566) spi_flash: Detected size(4096k) larger than the size in the binary image header(2048k). Using the size in the binary image header.[0m
[0;32mI (580) main_task: Started on CPU0[0m
[0;32mI (590) main_task: Calling app_main()[0m
I (630) wifi:wifi driver task: 3ffc0474, prio:23, stack:6656, core=0
I (640) wifi:wifi firmware version: a9f5b59
I (650) wifi:wifi certification version: v7.0
I (650) wifi:config NVS flash: enabled
I (650) wifi:config nano formating: disabled
I (650) wifi:Init data frame dynamic rx buffer num: 32
I (650) wifi:Init static rx mgmt buffer num: 5
I (660) wifi:Init management short buffer num: 32
I (660) wifi:Init dynamic tx buffer num: 32
I (670) wifi:Init static rx buffer size: 1600
I (670) wifi:Init static rx buffer num: 10
I (670) wifi:Init dynamic rx buffer num: 32
[0;32mI (680) wifi_init: rx ba win: 6[0m
[0;32mI (680) wifi_init: tcpip mbox: 32[0m
[0;32mI (690) wifi_init: udp mbox: 6[0m
[0;32mI (690) wifi_init: tcp mbox: 6[0m
[0;32mI (690) wifi_init: tcp tx win: 5760[0m
[0;32mI (700) wifi_init: tcp rx win: 5760[0m
[0;32mI (700) wifi_init: tcp mss: 1440[0m
[0;32mI (710) wifi_init: WiFi IRAM OP enabled[0m
[0;32mI (710) wifi_init: WiFi RX IRAM OP enabled[0m
[0;32mI (720) phy_init: phy_version 4791,2c4672b,Dec 20 2023,16:06:06[0m
I (800) wifi:mode : sta (e8:db:84:0b:d1:b4)
I (810) wifi:enable tsf
[0;33mW (810) event: handler already registered, overwriting[0m
I (860) smartconfig: SC version: V3.0.1
E (860) smartconfig: smartconfig busy
ESP_ERROR_CHECK failed: esp_err_t 0xffffffff (ESP_FAIL) at 0x400d736f
file: "./main/main.c" line 711
func: ultrasonic_test
expression: esp_smartconfig_start(&cfg)

abort() was called at PC 0x400890d3 on core 1


Backtrace: 0x400817d2:0x3ffc8c00 0x400890dd:0x3ffc8c20 0x40090895:0x3ffc8c40 0x400890d3:0x3ffc8cb0 0x400d736f:0x3ffc8ce0 0x40089be9:0x3ffc8d40




ELF file SHA256: 40350b877

Rebooting...
ets Jun  8 2016 00:22:57

rst:0xc (SW_CPU_RESET),boot:0x13 (SPI_FAST_FLASH_BOOT)
configsip: 0, SPIWP:0xee
clk_drv:0x00,q_drv:0x00,d_drv:0x00,cs0_drv:0x00,hd_drv:0x00,wp_drv:0x00
mode:DIO, clock div:2
load:0x3fff0030,len:7172
load:0x40078000,len:15540
load:0x40080400,len:4
ho 8 tail 4 room 4
load:0x40080404,len:3904
entry 0x40080640
[0;32mI (30) boot: ESP-IDF v5.2.1-dirty 2nd stage bootloader[0m
[0;32mI (31) boot: compile time Jun 24 2024 15:54:38[0m
[0;32mI (31) boot: Multicore bootloader[0m
[0;32mI (36) boot: chip revision: v1.0[0m
[0;32mI (39) boot.esp32: SPI Speed      : 40MHz[0m
[0;32mI (44) boot.esp32: SPI Mode       : DIO[0m
[0;32mI (49) boot.esp32: SPI Flash Size : 2MB[0m
[0;32mI (53) boot: Enabling RNG early entropy source...[0m
[0;32mI (59) boot: Partition Table:[0m
[0;32mI (62) boot: ## Label            Usage          Type ST Offset   Length[0m
[0;32mI (69) boot:  0 nvs              WiFi data        01 02 00009000 00006000[0m
[0;32mI (77) boot:  1 phy_init         RF data          01 01 0000f000 00001000[0m
[0;32mI (84) boot:  2 factory          factory app      00 00 00010000 00177000[0m
[0;32mI (92) boot: End of partition table[0m
[0;32mI (96) esp_image: segment 0: paddr=00010020 vaddr=3f400020 size=289b8h (166328) map[0m
[0;32mI (162) esp_image: segment 1: paddr=000389e0 vaddr=3ffb0000 size=03c34h ( 15412) load[0m
[0;32mI (167) esp_image: segment 2: paddr=0003c61c vaddr=40080000 size=039fch ( 14844) load[0m
[0;32mI (174) esp_image: segment 3: paddr=00040020 vaddr=400d0020 size=a97c0h (694208) map[0m
[0;32mI (414) esp_image: segment 4: paddr=000e97e8 vaddr=400839fc size=12c80h ( 76928) load[0m
[0;32mI (455) boot: Loaded app from partition at offset 0x10000[0m
[0;32mI (455) boot: Disabling RNG early entropy source...[0m
[0;32mI (467) cpu_start: Multicore app[0m
[0;32mI (476) cpu_start: Pro cpu start user code[0m
[0;32mI (476) cpu_start: cpu freq: 160000000 Hz[0m
[0;32mI (476) cpu_start: Application information:[0m
[0;32mI (479) cpu_start: Project name:     main[0m
[0;32mI (483) cpu_start: App version:      1[0m
[0;32mI (488) cpu_start: Compile time:     Jun 24 2024 15:54:11[0m
[0;32mI (494) cpu_start: ELF file SHA256:  40350b877...[0m
[0;32mI (499) cpu_start: ESP-IDF:          v5.2.1-dirty[0m
[0;32mI (505) cpu_start: Min chip rev:     v0.0[0m
[0;32mI (509) cpu_start: Max chip rev:     v3.99 [0m
[0;32mI (514) cpu_start: Chip rev:         v1.0[0m
[0;32mI (519) heap_init: Initializing. RAM available for dynamic allocation:[0m
[0;32mI (526) heap_init: At 3FFAE6E0 len 00001920 (6 KiB): DRAM[0m
[0;32mI (532) heap_init: At 3FFB8558 len 00027AA8 (158 KiB): DRAM[0m
[0;32mI (539) heap_init: At 3FFE0440 len 00003AE0 (14 KiB): D/IRAM[0m
[0;32mI (545) heap_init: At 3FFE4350 len 0001BCB0 (111 KiB): D/IRAM[0m
[0;32mI (551) heap_init: At 4009667C len 00009984 (38 KiB): IRAM[0m
[0;32mI (559) spi_flash: detected chip: generic[0m
[0;32mI (562) spi_flash: flash io: dio[0m
[0;33mW (566) spi_flash: Detected size(4096k) larger than the size in the binary image header(2048k). Using the size in the binary image header.[0m
[0;32mI (580) main_task: Started on CPU0[0m
[0;32mI (590) main_task: Calling app_main()[0m
I (630) wifi:wifi driver task: 3ffc0474, prio:23, stack:6656, core=0
I (640) wifi:wifi firmware version: a9f5b59
I (650) wifi:wifi certification version: v7.0
I (650) wifi:config NVS flash: enabled
I (650) wifi:config nano formating: disabled
I (650) wifi:Init data frame dynamic rx buffer num: 32
I (650) wifi:Init static rx mgmt buffer num: 5
I (660) wifi:Init management short buffer num: 32
I (660) wifi:Init dynamic tx buffer num: 32
I (670) wifi:Init static rx buffer size: 1600
I (670) wifi:Init static rx buffer num: 10
I (670) wifi:Init dynamic rx buffer num: 32
[0;32mI (680) wifi_init: rx ba win: 6[0m
[0;32mI (680) wifi_init: tcpip mbox: 32[0m
[0;32mI (690) wifi_init: udp mbox: 6[0m
[0;32mI (690) wifi_init: tcp mbox: 6[0m
[0;32mI (690) wifi_init: tcp tx win: 5760[0m
[0;32mI (700) wifi_init: tcp rx win: 5760[0m
[0;32mI (700) wifi_init: tcp mss: 1440[0m
[0;32mI (710) wifi_init: WiFi IRAM OP enabled[0m
[0;32mI (710) wifi_init: WiFi RX IRAM OP enabled[0m
[0;32mI (720) phy_init: phy_version 4791,2c4672b,Dec 20 2023,16:06:06[0m
I (800) wifi:mode : sta (e8:db:84:0b:d1:b4)
I (800) wifi:enable tsf
[0;33mW (810) event: handler already registered, overwriting[0m
I (860) smartconfig: SC version: V3.0.1
E (860) smartconfig: smartconfig busy
ESP_ERROR_CHECK failed: esp_err_t 0xffffffff (ESP_FAIL) at 0x400d736f
file: "./main/main.c" line 711
func: ultrasonic_test
expression: esp_smartconfig_start(&cfg)

abort() was called at PC 0x400890d3 on core 1


Backtrace: 0x400817d2:0x3ffc8c00 0x400890dd:0x3ffc8c20 0x40090895:0x3ffc8c40 0x400890d3:0x3ffc8cb0 0x400d736f:0x3ffc8ce0 0x40089be9:0x3ffc8d40




ELF file SHA256: 40350b877

Rebooting...
ets Jun  8 2016 00:22:57

rst:0xc (SW_CPU_RESET),boot:0x13 (SPI_FAST_FLASH_BOOT)
configsip: 0, SPIWP:0xee
clk_drv:0x00,q_drv:0x00,d_drv:0x00,cs0_drv:0x00,hd_drv:0x00,wp_drv:0x00
mode:DIO, clock div:2
load:0x3fff0030,len:7172
load:0x40078000,len:15540
load:0x40080400,len:4
ho 8 tail 4 room 4
load:0x40080404,len:3904
entry 0x40080640
[0;32mI (30) boot: ESP-IDF v5.2.1-dirty 2nd stage bootloader[0m
[0;32mI (31) boot: compile time Jun 24 2024 15:54:38[0m
[0;32mI (31) boot: Multicore bootloader[0m
[0;32mI (36) boot: chip revision: v1.0[0m
[0;32mI (39) boot.esp32: SPI Speed      : 40MHz[0m
[0;32mI (44) boot.esp32: SPI Mode       : DIO[0m
[0;32mI (49) boot.esp32: SPI Flash Size : 2MB[0m
[0;32mI (53) boot: Enabling RNG early entropy source...[0m
[0;32mI (59) boot: Partition Table:[0m
[0;32mI (62) boot: ## Label            Usage          Type ST Offset   Length[0m
[0;32mI (69) boot:  0 nvs              WiFi data        01 02 00009000 00006000[0m
[0;32mI (77) boot:  1 phy_init         RF data          01 01 0000f000 00001000[0m
[0;32mI (84) boot:  2 factory          factory app      00 00 00010000 00177000[0m
[0;32mI (92) boot: End of partition table[0m
[0;32mI (96) esp_image: segment 0: paddr=00010020 vaddr=3f400020 size=289b8h (166328) map[0m
[0;32mI (162) esp_image: segment 1: paddr=000389e0 vaddr=3ffb0000 size=03c34h ( 15412) load[0m
[0;32mI (167) esp_image: segment 2: paddr=0003c61c vaddr=40080000 size=039fch ( 14844) load[0m
[0;32mI (174) esp_image: segment 3: paddr=00040020 vaddr=400d0020 size=a97c0h (694208) map[0m
[0;32mI (414) esp_image: segment 4: paddr=000e97e8 vaddr=400839fc size=12c80h ( 76928) load[0m
[0;32mI (455) boot: Loaded app from partition at offset 0x10000[0m
[0;32mI (455) boot: Disabling RNG early entropy source...[0m
[0;32mI (467) cpu_start: Multicore app[0m
[0;32mI (476) cpu_start: Pro cpu start user code[0m
[0;32mI (476) cpu_start: cpu freq: 160000000 Hz[0m
[0;32mI (476) cpu_start: Application information:[0m
[0;32mI (479) cpu_start: Project name:     main[0m
[0;32mI (483) cpu_start: App version:      1[0m
[0;32mI (488) cpu_start: Compile time:     Jun 24 2024 15:54:11[0m
[0;32mI (494) cpu_start: ELF file SHA256:  40350b877...[0m
[0;32mI (499) cpu_start: ESP-IDF:          v5.2.1-dirty[0m
[0;32mI (505) cpu_start: Min chip rev:     v0.0[0m
[0;32mI (509) cpu_start: Max chip rev:     v3.99 [0m
[0;32mI (514) cpu_start: Chip rev:         v1.0[0m
[0;32mI (519) heap_init: Initializing. RAM available for dynamic allocation:[0m
[0;32mI (526) heap_init: At 3FFAE6E0 len 00001920 (6 KiB): DRAM[0m
[0;32mI (532) heap_init: At 3FFB8558 len 00027AA8 (158 KiB): DRAM[0m
[0;32mI (539) heap_init: At 3FFE0440 len 00003AE0 (14 KiB): D/IRAM[0m
[0;32mI (545) heap_init: At 3FFE4350 len 0001BCB0 (111 KiB): D/IRAM[0m
[0;32mI (551) heap_init: At 4009667C len 00009984 (38 KiB): IRAM[0m
[0;32mI (559) spi_flash: detected chip: generic[0m
[0;32mI (562) spi_flash: flash io: dio[0m
[0;33mW (566) spi_flash: Detected size(4096k) larger than the size in the binary image header(2048k). Using the size in the binary image header.[0m
[0;32mI (580) main_task: Started on CPU0[0m
[0;32mI (590) main_task: Calling app_main()[0m
I (630) wifi:wifi driver task: 3ffc0474, prio:23, stack:6656, core=0
I (640) wifi:wifi firmware version: a9f5b59
I (650) wifi:wifi certification version: v7.0
I (650) wifi:config NVS flash: enabled
I (650) wifi:config nano formating: disabled
I (650) wifi:Init data frame dynamic rx buffer num: 32
I (650) wifi:Init static rx mgmt buffer num: 5
I (660) wifi:Init management short buffer num: 32
I (660) wifi:Init dynamic tx buffer num: 32
I (670) wifi:Init static rx buffer size: 1600
I (670) wifi:Init static rx buffer num: 10
I (670) wifi:Init dynamic rx buffer num: 32
[0;32mI (680) wifi_init: rx ba win: 6[0m
[0;32mI (680) wifi_init: tcpip mbox: 32[0m
[0;32mI (690) wifi_init: udp mbox: 6[0m
[0;32mI (690) wifi_init: tcp mbox: 6[0m
[0;32mI (690) wifi_init: tcp tx win: 5760[0m
[0;32mI (700) wifi_init: tcp rx win: 5760[0m
[0;32mI (700) wifi_init: tcp mss: 1440[0m
[0;32mI (710) wifi_init: WiFi IRAM OP enabled[0m
[0;32mI (710) wifi_init: WiFi RX IRAM OP enabled[0m
[0;32mI (720) phy_init: phy_version 4791,2c4672b,Dec 20 2023,16:06:06[0m
I (810) wifi:mode : sta (e8:db:84:0b:d1:b4)
I (810) wifi:enable tsf
[0;33mW (810) event: handler already registered, overwriting[0m
I (860) smartconfig: SC version: V3.0.1
E (860) smartconfig: smartconfig busy
ESP_ERROR_CHECK failed: esp_err_t 0xffffffff (ESP_FAIL) at 0x400d736f
file: "./main/main.c" line 711
func: ultrasonic_test
expression: esp_smartconfig_start(&cfg)

abort() was called at PC 0x400890d3 on core 1


Backtrace: 0x400817d2:0x3ffc8c00 0x400890dd:0x3ffc8c20 0x40090895:0x3ffc8c40 0x400890d3:0x3ffc8cb0 0x400d736f:0x3ffc8ce0 0x40089be9:0x3ffc8d40




ELF file SHA256: 40350b877

Rebooting...
ets Jun  8 2016 00:22:57

rst:0xc (SW_CPU_RESET),boot:0x13 (SPI_FAST_FLASH_BOOT)
configsip: 0, SPIWP:0xee
clk_drv:0x00,q_drv:0x00,d_drv:0x00,cs0_drv:0x00,hd_drv:0x00,wp_drv:0x00
mode:DIO, clock div:2
load:0x3fff0030,len:7172
load:0x40078000,len:15540
load:0x40080400,len:4
ho 8 tail 4 room 4
load:0x40080404,len:3904
entry 0x40080640
[0;32mI (30) boot: ESP-IDF v5.2.1-dirty 2nd stage bootloader[0m
[0;32mI (31) boot: compile time Jun 24 2024 15:54:38[0m
[0;32mI (31) boot: Multicore bootloader[0m
[0;32mI (36) boot: chip revision: v1.0[0m
[0;32mI (39) boot.esp32: SPI Speed      : 40MHz[0m
[0;32mI (44) boot.esp32: SPI Mode       : DIO[0m
[0;32mI (49) boot.esp32: SPI Flash Size : 2MB[0m
[0;32mI (53) boot: Enabling RNG early entropy source...[0m
[0;32mI (59) boot: Partition Table:[0m
[0;32mI (62) boot: ## Label            Usage          Type ST Offset   Length[0m
[0;32mI (69) boot:  0 nvs              WiFi data        01 02 00009000 00006000[0m
[0;32mI (77) boot:  1 phy_init         RF data          01 01 0000f000 00001000[0m
[0;32mI (84) boot:  2 factory          factory app      00 00 00010000 00177000[0m
[0;32mI (92) boot: End of partition table[0m
[0;32mI (96) esp_image: segment 0: paddr=00010020 vaddr=3f400020 size=289b8h (166328) map[0m
[0;32mI (162) esp_image: segment 1: paddr=000389e0 vaddr=3ffb0000 size=03c34h ( 15412) load[0m
[0;32mI (167) esp_image: segment 2: paddr=0003c61c vaddr=40080000 size=039fch ( 14844) load[0m
[0;32mI (174) esp_image: segment 3: paddr=00040020 vaddr=400d0020 size=a97c0h (694208) map[0m
