et+
Bï¿½ï¿½Jï¿½ï¿½Ñ¹esp32: SPI Speed    ï¿½ets Jul 29 2019 12:21:46

rst:0x1 (POWERON_RESET),boot:0x13 (SPI_FAST_FLASH_BOOT)
configsip: 0, SPIWP:0xee
clk_drv:0x00,q_drv:0x00,d_drv:0x00,cs0_drv:0x00,hd_drv:0x00,wp_drv:0x00
mode:DIO, clock div:2
load:0x3fff0030,len:7172
load:0x40078000,len:15540
load:0x40080400,len:4
ho 8 tail 4 room 4
load:0x40080404,len:3904
entry 0x40080640
[0;32mI (31) boot: ESP-IDF v5.2.1-dirty 2nd stage bootloader[0m
[0;32mI (31) boot: compile time Jun 25 2024 11:41:08[0m
[0;32mI (31) boot: Multicore bootloader[0m
[0;32mI (36) boot: chip revision: v3.1[0m
[0;32mI (40) boot.esp32: SPI Speed      : 40MHz[0m
[0;32mI (44) boot.esp32: SPI Mode       : DIO[0m
[0;32mI (49) boot.esp32: SPI Flash Size : 2MB[0m
[0;32mI (53) boot: Enabling RNG early entropy source...[0m
[0;32mI (59) boot: Partition Table:[0m
[0;32mI (62) boot: ## Label            Usage          Type ST Offset   Length[0m
[0;32mI (70) boot:  0 nvs              WiFi data        01 02 00009000 00006000[0m
[0;32mI (77) boot:  1 phy_init         RF data          01 01 0000f000 00001000[0m
[0;32mI (85) boot:  2 factory          factory app      00 00 00010000 00177000[0m
[0;32mI (92) boot: End of partition table[0m
[0;32mI (96) esp_image: segment 0: paddr=00010020 vaddr=3f400020 size=3a294h (238228) map[0m
[0;32mI (186) esp_image: segment 1: paddr=0004a2bc vaddr=3ffb0000 size=03cc4h ( 15556) load[0m
[0;32mI (192) esp_image: segment 2: paddr=0004df88 vaddr=40080000 size=02090h (  8336) load[0m
[0;32mI (196) esp_image: segment 3: paddr=00050020 vaddr=400d0020 size=c8d28h (822568) map[0m
[0;32mI (482) esp_image: segment 4: paddr=00118d50 vaddr=40082090 size=14628h ( 83496) load[0m
[0;32mI (527) boot: Loaded app from partition at offset 0x10000[0m
[0;32mI (527) boot: Disabling RNG early entropy source...[0m
[0;32mI (538) cpu_start: Multicore app[0m
[0;32mI (547) cpu_start: Pro cpu start user code[0m
[0;32mI (547) cpu_start: cpu freq: 160000000 Hz[0m
[0;32mI (547) cpu_start: Application information:[0m
[0;32mI (550) cpu_start: Project name:     main[0m
[0;32mI (555) cpu_start: App version:      1[0m
[0;32mI (559) cpu_start: Compile time:     Jun 25 2024 16:54:24[0m
[0;32mI (565) cpu_start: ELF file SHA256:  b7f0611c9...[0m
[0;32mI (571) cpu_start: ESP-IDF:          v5.2.1-dirty[0m
[0;32mI (576) cpu_start: Min chip rev:     v0.0[0m
[0;32mI (581) cpu_start: Max chip rev:     v3.99 [0m
[0;32mI (586) cpu_start: Chip rev:         v3.1[0m
[0;32mI (591) heap_init: Initializing. RAM available for dynamic allocation:[0m
[0;32mI (598) heap_init: At 3FFAE6E0 len 00001920 (6 KiB): DRAM[0m
[0;32mI (604) heap_init: At 3FFB8960 len 000276A0 (157 KiB): DRAM[0m
[0;32mI (610) heap_init: At 3FFE0440 len 00003AE0 (14 KiB): D/IRAM[0m
[0;32mI (616) heap_init: At 3FFE4350 len 0001BCB0 (111 KiB): D/IRAM[0m
[0;32mI (623) heap_init: At 400966B8 len 00009948 (38 KiB): IRAM[0m
[0;32mI (630) spi_flash: detected chip: generic[0m
[0;32mI (633) spi_flash: flash io: dio[0m
[0;33mW (637) spi_flash: Detected size(4096k) larger than the size in the binary image header(2048k). Using the size in the binary image header.[0m
[0;33mW (651) i2c: This driver is an old driver, please migrate your application code to adapt `driver/i2c_master.h`[0m
[0;32mI (662) main_task: Started on CPU0[0m
[0;32mI (672) main_task: Calling app_main()[0m
I (712) wifi:wifi driver task: 3ffc0a00, prio:23, stack:6656, core=0
I (732) wifi:wifi firmware version: a9f5b59
I (732) wifi:wifi certification version: v7.0
I (732) wifi:config NVS flash: enabled
I (732) wifi:config nano formating: disabled
I (732) wifi:Init data frame dynamic rx buffer num: 32
I (742) wifi:Init static rx mgmt buffer num: 5
I (742) wifi:Init management short buffer num: 32
I (742) wifi:Init dynamic tx buffer num: 32
I (752) wifi:Init static rx buffer size: 1600
I (752) wifi:Init static rx buffer num: 10
I (762) wifi:Init dynamic rx buffer num: 32
[0;32mI (762) wifi_init: rx ba win: 6[0m
[0;32mI (762) wifi_init: tcpip mbox: 32[0m
[0;32mI (772) wifi_init: udp mbox: 6[0m
[0;32mI (772) wifi_init: tcp mbox: 6[0m
[0;32mI (782) wifi_init: tcp tx win: 5760[0m
[0;32mI (782) wifi_init: tcp rx win: 5760[0m
[0;32mI (782) wifi_init: tcp mss: 1440[0m
[0;32mI (792) wifi_init: WiFi IRAM OP enabled[0m
[0;32mI (792) wifi_init: WiFi RX IRAM OP enabled[0m
[0;32mI (802) phy_init: phy_version 4791,2c4672b,Dec 20 2023,16:06:06[0m
I (892) wifi:mode : sta (b0:b2:1c:a7:ba:fc)
I (892) wifi:enable tsf
I (952) smartconfig: SC version: V3.0.1
I (5792) wifi:ic_enable_sniffer
I (5792) smartconfig: Start to find channel...
[0;32mI (5792) MQTT_PROJECT: Scan done[0m
I (70522) smartconfig: TYPE: ESPTOUCH
I (70522) smartconfig: T|AP MAC: b0:be:76:82:86:c6
I (70532) smartconfig: Found channel on 3-1. Start to get ssid and password...
[0;32mI (70532) MQTT_PROJECT: Found channel[0m
I (74012) smartconfig: T|pswd: 1234567890@
I (74012) smartconfig: T|ssid: EDABK_SERVER
I (74012) smartconfig: T|bssid: b0:be:76:82:86:c6
I (74012) wifi:ic_disable_sniffer
[0;32mI (74012) MQTT_PROJECT: Got SSID and password[0m
[0;32mI (74022) MQTT_PROJECT: SSID:EDABK_SERVER[0m
[0;32mI (74022) MQTT_PROJECT: PASSWORD:1234567890@[0m
I (74052) wifi:new:<3,1>, old:<3,1>, ap:<255,255>, sta:<3,1>, prof:1
I (74052) wifi:state: init -> auth (b0)
I (74062) wifi:state: auth -> assoc (0)
I (74082) wifi:state: assoc -> run (10)
I (74182) wifi:connected with EDABK_SERVER, aid = 6, channel 3, 40U, bssid = b0:be:76:82:86:c6
I (74182) wifi:security: WPA2-PSK, phy: bgn, rssi: -61
I (74192) wifi:pm start, type: 1

I (74192) wifi:dp: 1, bi: 102400, li: 3, scale listen interval from 307200 us to 307200 us
I (74192) wifi:AP's beacon interval = 102400 us, DTIM period = 1
I (74232) wifi:<ba-add>idx:0 (ifx:0, b0:be:76:82:86:c6), tid:0, ssn:2, winSize:64
[0;32mI (75702) esp_netif_handlers: sta ip: 192.168.0.127, mask: 255.255.255.0, gw: 192.168.0.1[0m
[0;32mI (75702) MQTT_PROJECT: WiFi Connected to app[0m

assert failed: xQueueReceive queue.c:1531 (( pxQueue ))


Backtrace: 0x400817da:0x3ffc7eb0 0x400890e5:0x3ffc7ed0 0x40090a0d:0x3ffc7ef0 0x400898c7:0x3ffc8010 0x400d786e:0x3ffc8050 0x40089c25:0x3ffc8080




ELF file SHA256: b7f0611c9

Rebooting...
ets Jul 29 2019 12:21:46

rst:0xc (SW_CPU_RESET),boot:0x13 (SPI_FAST_FLASH_BOOT)
configsip: 0, SPIWP:0xee
clk_drv:0x00,q_drv:0x00,d_drv:0x00,cs0_drv:0x00,hd_drv:0x00,wp_drv:0x00
mode:DIO, clock div:2
load:0x3fff0030,len:7172
load:0x40078000,len:15540
load:0x40080400,len:4
ho 8 tail 4 room 4
load:0x40080404,len:3904
entry 0x40080640
[0;32mI (31) boot: ESP-IDF v5.2.1-dirty 2nd stage bootloader[0m
[0;32mI (31) boot: compile time Jun 25 2024 11:41:08[0m
[0;32mI (31) boot: Multicore bootloader[0m
[0;32mI (36) boot: chip revision: v3.1[0m
[0;32mI (40) boot.esp32: SPI Speed      : 40MHz[0m
[0;32mI (44) boot.esp32: SPI Mode       : DIO[0m
[0;32mI (49) boot.esp32: SPI Flash Size : 2MB[0m
[0;32mI (53) boot: Enabling RNG early entropy source...[0m
[0;32mI (59) boot: Partition Table:[0m
[0;32mI (62) boot: ## Label            Usage          Type ST Offset   Length[0m
[0;32mI (70) boot:  0 nvs              WiFi data        01 02 00009000 00006000[0m
[0;32mI (77) boot:  1 phy_init         RF data          01 01 0000f000 00001000[0m
[0;32mI (84) boot:  2 factory          factory app      00 00 00010000 00177000[0m
[0;32mI (92) boot: End of partition table[0m
[0;32mI (96) esp_image: segment 0: paddr=00010020 vaddr=3f400020 size=3a294h (238228) map[0m
[0;32mI (186) esp_image: segment 1: paddr=0004a2bc vaddr=3ffb0000 size=03cc4h ( 15556) load[0m
[0;32mI (192) esp_image: segment 2: paddr=0004df88 vaddr=40080000 size=02090h (  8336) load[0m
[0;32mI (196) esp_image: segment 3: paddr=00050020 vaddr=400d0020 size=c8d28h (822568) map[0m
[0;32mI (482) esp_image: segment 4: paddr=00118d50 vaddr=40082090 size=14628h ( 83496) load[0m
[0;32mI (526) boot: Loaded app from partition at offset 0x10000[0m
[0;32mI (527) boot: Disabling RNG early entropy source...[0m
[0;32mI (538) cpu_start: Multicore app[0m
[0;32mI (547) cpu_start: Pro cpu start user code[0m
[0;32mI (547) cpu_start: cpu freq: 160000000 Hz[0m
[0;32mI (547) cpu_start: Application information:[0m
[0;32mI (550) cpu_start: Project name:     main[0m
[0;32mI (555) cpu_start: App version:      1[0m
[0;32mI (559) cpu_start: Compile time:     Jun 25 2024 16:54:24[0m
[0;32mI (565) cpu_start: ELF file SHA256:  b7f0611c9...[0m
[0;32mI (571) cpu_start: ESP-IDF:          v5.2.1-dirty[0m
[0;32mI (576) cpu_start: Min chip rev:     v0.0[0m
[0;32mI (581) cpu_start: Max chip rev:     v3.99 [0m
[0;32mI (585) cpu_start: Chip rev:         v3.1[0m
[0;32mI (590) heap_init: Initializing. RAM available for dynamic allocation:[0m
[0;32mI (598) heap_init: At 3FFAE6E0 len 00001920 (6 KiB): DRAM[0m
[0;32mI (603) heap_init: At 3FFB8960 len 000276A0 (157 KiB): DRAM[0m
[0;32mI (610) heap_init: At 3FFE0440 len 00003AE0 (14 KiB): D/IRAM[0m
[0;32mI (616) heap_init: At 3FFE4350 len 0001BCB0 (111 KiB): D/IRAM[0m
[0;32mI (622) heap_init: At 400966B8 len 00009948 (38 KiB): IRAM[0m
[0;32mI (630) spi_flash: detected chip: generic[0m
[0;32mI (633) spi_flash: flash io: dio[0m
[0;33mW (637) spi_flash: Detected size(4096k) larger than the size in the binary image header(2048k). Using the size in the binary image header.[0m
[0;33mW (651) i2c: This driver is an old driver, please migrate your application code to adapt `driver/i2c_master.h`[0m
[0;32mI (662) main_task: Started on CPU0[0m
[0;32mI (672) main_task: Calling app_main()[0m
I (712) wifi:wifi driver task: 3ffc0a00, prio:23, stack:6656, core=0
I (732) wifi:wifi firmware version: a9f5b59
I (732) wifi:wifi certification version: v7.0
I (732) wifi:config NVS flash: enabled
I (732) wifi:config nano formating: disabled
I (732) wifi:Init data frame dynamic rx buffer num: 32
I (742) wifi:Init static rx mgmt buffer num: 5
I (742) wifi:Init management short buffer num: 32
I (742) wifi:Init dynamic tx buffer num: 32
I (752) wifi:Init static rx buffer size: 1600
I (752) wifi:Init static rx buffer num: 10
I (762) wifi:Init dynamic rx buffer num: 32
[0;32mI (762) wifi_init: rx ba win: 6[0m
[0;32mI (762) wifi_init: tcpip mbox: 32[0m
[0;32mI (772) wifi_init: udp mbox: 6[0m
[0;32mI (772) wifi_init: tcp mbox: 6[0m
[0;32mI (782) wifi_init: tcp tx win: 5760[0m
[0;32mI (782) wifi_init: tcp rx win: 5760[0m
[0;32mI (782) wifi_init: tcp mss: 1440[0m
[0;32mI (792) wifi_init: WiFi IRAM OP enabled[0m
[0;32mI (792) wifi_init: WiFi RX IRAM OP enabled[0m
[0;32mI (802) phy_init: phy_version 4791,2c4672b,Dec 20 2023,16:06:06[0m
I (892) wifi:mode : sta (b0:b2:1c:a7:ba:fc)
I (892) wifi:enable tsf
I (952) smartconfig: SC version: V3.0.1
I (5792) wifi:ic_enable_sniffer
I (5792) smartconfig: Start to find channel...
[0;32mI (5792) MQTT_PROJECT: Scan done[0m
I (6812) smartconfig: TYPE: ESPTOUCH
I (6812) smartconfig: T|PHONE MAC:d6:8a:c7:8b:9a:1c
I (6812) smartconfig: T|AP MAC:b0:be:76:82:86:c6
I (6812) smartconfig: Found channel on 3-1. Start to get ssid and password...
[0;32mI (6822) MQTT_PROJECT: Found channel[0m
I (21602) smartconfig: T|pswd: 1234567890@
I (21612) smartconfig: T|ssid: EDABK_SERVER
I (21612) smartconfig: T|bssid: b0:be:76:82:86:c6
I (21612) wifi:ic_disable_sniffer
[0;32mI (21612) MQTT_PROJECT: Got SSID and password[0m
[0;32mI (21612) MQTT_PROJECT: SSID:EDABK_SERVER[0m
[0;32mI (21622) MQTT_PROJECT: PASSWORD:1234567890@[0m
I (21642) wifi:new:<3,1>, old:<3,1>, ap:<255,255>, sta:<3,1>, prof:1
I (21642) wifi:state: init -> auth (b0)
I (21642) wifi:state: auth -> assoc (0)
I (21662) wifi:state: assoc -> run (10)
I (21812) wifi:connected with EDABK_SERVER, aid = 6, channel 3, 40U, bssid = b0:be:76:82:86:c6
I (21812) wifi:security: WPA2-PSK, phy: bgn, rssi: -71
I (21822) wifi:pm start, type: 1

I (21822) wifi:dp: 1, bi: 102400, li: 3, scale listen interval from 307200 us to 307200 us
I (21862) wifi:<ba-add>idx:0 (ifx:0, b0:be:76:82:86:c6), tid:0, ssn:2, winSize:64
I (21902) wifi:AP's beacon interval = 102400 us, DTIM period = 1
[0;32mI (23332) esp_netif_handlers: sta ip: 192.168.0.127, mask: 255.255.255.0, gw: 192.168.0.1[0m
[0;32mI (23332) MQTT_PROJECT: WiFi Connected to app[0m

assert failed: xQueueReceive queue.c:1531 (( pxQueue ))


Backtrace: 0x400817da:0x3ffc7eb0 0x400890e5:0x3ffc7ed0 0x40090a0d:0x3ffc7ef0 0x400898c7:0x3ffc8010 0x400d786e:0x3ffc8050 0x40089c25:0x3ffc8080




ELF file SHA256: b7f0611c9

Rebooting...
ets Jul 29 2019 12:21:46

rst:0xc (SW_CPU_RESET),boot:0x13 (SPI_FAST_FLASH_BOOT)
configsip: 0, SPIWP:0xee
clk_drv:0x00,q_drv:0x00,d_drv:0x00,cs0_drv:0x00,hd_drv:0x00,wp_drv:0x00
mode:DIO, clock div:2
load:0x3fff0030,len:7172
load:0x40078000,len:15540
load:0x40080400,len:4
ho 8 tail 4 room 4
load:0x40080404,len:3904
entry 0x40080640
[0;32mI (31) boot: ESP-IDF v5.2.1-dirty 2nd stage bootloader[0m
[0;32mI (31) boot: compile time Jun 25 2024 11:41:08[0m
[0;32mI (31) boot: Multicore bootloader[0m
[0;32mI (36) boot: chip revision: v3.1[0m
[0;32mI (40) boot.esp32: SPI Speed      : 40MHz[0m
[0;32mI (44) boot.esp32: SPI Mode       : DIO[0m
[0;32mI (49) boot.esp32: SPI Flash Size : 2MB[0m
[0;32mI (53) boot: Enabling RNG early entropy source...[0m
[0;32mI (59) boot: Partition Table:[0m
[0;32mI (62) boot: ## Label            Usage          Type ST Offset   Length[0m
[0;32mI (70) boot:  0 nvs              WiFi data        01 02 00009000 00006000[0m
[0;32mI (77) boot:  1 phy_init         RF data          01 01 0000f000 00001000[0m
[0;32mI (84) boot:  2 factory          factory app      00 00 00010000 00177000[0m
[0;32mI (92) boot: End of partition table[0m
[0;32mI (96) esp_image: segment 0: paddr=00010020 vaddr=3f400020 size=3a294h (238228) map[0m
[0;32mI (186) esp_image: segment 1: paddr=0004a2bc vaddr=3ffb0000 size=03cc4h ( 15556) load[0m
[0;32mI (192) esp_image: segment 2: paddr=0004df88 vaddr=40080000 size=02090h (  8336) load[0m
[0;32mI (196) esp_image: segment 3: paddr=00050020 vaddr=400d0020 size=c8d28h (822568) map[0m
[0;32mI (482) esp_image: segment 4: paddr=00118d50 vaddr=40082090 size=14628h ( 83496) load[0m
[0;32mI (526) boot: Loaded app from partition at offset 0x10000[0m
[0;32mI (527) boot: Disabling RNG early entropy source...[0m
[0;32mI (538) cpu_start: Multicore app[0m
[0;32mI (547) cpu_start: Pro cpu start user code[0m
[0;32mI (547) cpu_start: cpu freq: 160000000 Hz[0m
[0;32mI (547) cpu_start: Application information:[0m
[0;32mI (550) cpu_start: Project name:     main[0m
[0;32mI (555) cpu_start: App version:      1[0m
[0;32mI (559) cpu_start: Compile time:     Jun 25 2024 16:54:24[0m
[0;32mI (565) cpu_start: ELF file SHA256:  b7f0611c9...[0m
[0;32mI (570) cpu_start: ESP-IDF:          v5.2.1-dirty[0m
[0;32mI (576) cpu_start: Min chip rev:     v0.0[0m
[0;32mI (581) cpu_start: Max chip rev:     v3.99 [0m
[0;32mI (585) cpu_start: Chip rev:         v3.1[0m
[0;32mI (590) heap_init: Initializing. RAM available for dynamic allocation:[0m
[0;32mI (598) heap_init: At 3FFAE6E0 len 00001920 (6 KiB): DRAM[0m
[0;32mI (603) heap_init: At 3FFB8960 len 000276A0 (157 KiB): DRAM[0m
[0;32mI (610) heap_init: At 3FFE0440 len 00003AE0 (14 KiB): D/IRAM[0m
[0;32mI (616) heap_init: At 3FFE4350 len 0001BCB0 (111 KiB): D/IRAM[0m
[0;32mI (622) heap_init: At 400966B8 len 00009948 (38 KiB): IRAM[0m
[0;32mI (630) spi_flash: detected chip: generic[0m
[0;32mI (633) spi_flash: flash io: dio[0m
[0;33mW (637) spi_flash: Detected size(4096k) larger than the size in the binary image header(2048k). Using the size in the binary image header.[0m
[0;33mW (651) i2c: This driver is an old driver, please migrate your application code to adapt `driver/i2c_master.h`[0m
[0;32mI (662) main_task: Started on CPU0[0m
[0;32mI (672) main_task: Calling app_main()[0m
I (712) wifi:wifi driver task: 3ffc0a00, prio:23, stack:6656, core=0
I (732) wifi:wifi firmware version: a9f5b59
I (732) wifi:wifi certification version: v7.0
I (732) wifi:config NVS flash: enabled
I (732) wifi:config nano formating: disabled
I (732) wifi:Init data frame dynamic rx buffer num: 32
I (742) wifi:Init static rx mgmt buffer num: 5
I (742) wifi:Init management short buffer num: 32
I (742) wifi:Init dynamic tx buffer num: 32
I (752) wifi:Init static rx buffer size: 1600
I (752) wifi:Init static rx buffer num: 10
I (762) wifi:Init dynamic rx buffer num: 32
[0;32mI (762) wifi_init: rx ba win: 6[0m
[0;32mI (762) wifi_init: tcpip mbox: 32[0m
[0;32mI (772) wifi_init: udp mbox: 6[0m
[0;32mI (772) wifi_init: tcp mbox: 6[0m
[0;32mI (782) wifi_init: tcp tx win: 5760[0m
[0;32mI (782) wifi_init: tcp rx win: 5760[0m
[0;32mI (782) wifi_init: tcp mss: 1440[0m
[0;32mI (792) wifi_init: WiFi IRAM OP enabled[0m
[0;32mI (792) wifi_init: WiFi RX IRAM OP enabled[0m
[0;32mI (802) phy_init: phy_version 4791,2c4672b,Dec 20 2023,16:06:06[0m
I (892) wifi:mode : sta (b0:b2:1c:a7:ba:fc)
I (892) wifi:enable tsf
I (952) smartconfig: SC version: V3.0.1
I (5792) wifi:ic_enable_sniffer
I (5792) smartconfig: Start to find channel...
[0;32mI (5792) MQTT_PROJECT: Scan done[0m
I (7752) smartconfig: TYPE: ESPTOUCH
I (7752) smartconfig: T|PHONE MAC:d6:8a:c7:8b:9a:1c
I (7752) smartconfig: T|AP MAC:b0:be:76:82:86:c6
I (7752) smartconfig: Found channel on 3-1. Start to get ssid and password...
[0;32mI (7752) MQTT_PROJECT: Found channel[0m
