40) boot.esp32: SPï¿½ets Jul 29 2019 12:21:46

rst:0x1 (POWERON_RESET),boot:0x13 (SPI_FAST_FLASH_BOOT)
configsip: 0, SPIWP:0xee
clk_drv:0x00,q_drv:0x00,d_drv:0x00,cs0_drv:0x00,hd_drv:0x00,wp_drv:0x00
mode:DIO, clock div:2
load:0x3fff0030,len:7172
load:0x40078000,len:15540
load:0x40080400,len:4
ho 8 tail 4 room 4
load:0x40080404,len:3904
entry 0x40080640
[0;32mI (31) boot: ESP-IDF v5.2.1-dirty 2nd stage bootloader[0m
[0;32mI (31) boot: compile time Jun 25 2024 11:41:08[0m
[0;32mI (31) boot: Multicore bootloader[0m
[0;32mI (36) boot: chip revision: v3.1[0m
[0;32mI (40) boot.esp32: SPI Speed      : 40MHz[0m
[0;32mI (44) boot.esp32: SPI Mode       : DIO[0m
[0;32mI (49) boot.esp32: SPI Flash Size : 2MB[0m
[0;32mI (53) boot: Enabling RNG early entropy source...[0m
[0;32mI (59) boot: Partition Table:[0m
[0;32mI (62) boot: ## Label            Usage          Type ST Offset   Length[0m
[0;32mI (70) boot:  0 nvs              WiFi data        01 02 00009000 00006000[0m
[0;32mI (77) boot:  1 phy_init         RF data          01 01 0000f000 00001000[0m
[0;32mI (85) boot:  2 factory          factory app      00 00 00010000 00177000[0m
[0;32mI (92) boot: End of partition table[0m
[0;32mI (96) esp_image: segment 0: paddr=00010020 vaddr=3f400020 size=307cch (198604) map[0m
[0;32mI (173) esp_image: segment 1: paddr=000407f4 vaddr=3ffb0000 size=03e9ch ( 16028) load[0m
[0;32mI (179) esp_image: segment 2: paddr=00044698 vaddr=40080000 size=0b980h ( 47488) load[0m
[0;32mI (198) esp_image: segment 3: paddr=00050020 vaddr=400d0020 size=cc8e4h (837860) map[0m
[0;32mI (485) esp_image: segment 4: paddr=0011c90c vaddr=4008b980 size=0e654h ( 58964) load[0m
[0;32mI (521) boot: Loaded app from partition at offset 0x10000[0m
[0;32mI (521) boot: Disabling RNG early entropy source...[0m
[0;32mI (533) cpu_start: Multicore app[0m
[0;32mI (542) cpu_start: Pro cpu start user code[0m
[0;32mI (542) cpu_start: cpu freq: 160000000 Hz[0m
[0;32mI (542) cpu_start: Application information:[0m
[0;32mI (545) cpu_start: Project name:     main[0m
[0;32mI (550) cpu_start: App version:      1[0m
[0;32mI (554) cpu_start: Compile time:     Jun 25 2024 11:40:52[0m
[0;32mI (560) cpu_start: ELF file SHA256:  6246e9316...[0m
[0;32mI (566) cpu_start: ESP-IDF:          v5.2.1-dirty[0m
[0;32mI (571) cpu_start: Min chip rev:     v0.0[0m
[0;32mI (576) cpu_start: Max chip rev:     v3.99 [0m
[0;32mI (580) cpu_start: Chip rev:         v3.1[0m
[0;32mI (585) heap_init: Initializing. RAM available for dynamic allocation:[0m
[0;32mI (593) heap_init: At 3FFAE6E0 len 00001920 (6 KiB): DRAM[0m
[0;32mI (598) heap_init: At 3FFC0AF0 len 0001F510 (125 KiB): DRAM[0m
[0;32mI (605) heap_init: At 3FFE0440 len 00003AE0 (14 KiB): D/IRAM[0m
[0;32mI (611) heap_init: At 3FFE4350 len 0001BCB0 (111 KiB): D/IRAM[0m
[0;32mI (617) heap_init: At 40099FD4 len 0000602C (24 KiB): IRAM[0m
[0;32mI (625) spi_flash: detected chip: generic[0m
[0;32mI (628) spi_flash: flash io: dio[0m
[0;33mW (632) spi_flash: Detected size(4096k) larger than the size in the binary image header(2048k). Using the size in the binary image header.[0m
[0;33mW (646) i2c: This driver is an old driver, please migrate your application code to adapt `driver/i2c_master.h`[0m
[0;32mI (657) main_task: Started on CPU0[0m
[0;32mI (667) main_task: Calling app_main()[0m
I (707) wifi:wifi driver task: 3ffc8ac8, prio:23, stack:6656, core=0
I (727) wifi:wifi firmware version: a9f5b59
I (727) wifi:wifi certification version: v7.0
I (727) wifi:config NVS flash: enabled
I (727) wifi:config nano formating: disabled
I (727) wifi:Init data frame dynamic rx buffer num: 32
I (737) wifi:Init static rx mgmt buffer num: 5
I (737) wifi:Init management short buffer num: 32
I (737) wifi:Init dynamic tx buffer num: 32
I (747) wifi:Init static rx buffer size: 1600
I (747) wifi:Init static rx buffer num: 10
I (757) wifi:Init dynamic rx buffer num: 32
[0;32mI (757) wifi_init: rx ba win: 6[0m
[0;32mI (757) wifi_init: tcpip mbox: 32[0m
[0;32mI (767) wifi_init: udp mbox: 6[0m
[0;32mI (767) wifi_init: tcp mbox: 6[0m
[0;32mI (777) wifi_init: tcp tx win: 5760[0m
[0;32mI (777) wifi_init: tcp rx win: 5760[0m
[0;32mI (777) wifi_init: tcp mss: 1440[0m
[0;32mI (787) wifi_init: WiFi IRAM OP enabled[0m
[0;32mI (787) wifi_init: WiFi RX IRAM OP enabled[0m
[0;32mI (797) phy_init: phy_version 4791,2c4672b,Dec 20 2023,16:06:06[0m
I (887) wifi:mode : sta (b0:b2:1c:a7:ba:fc)
I (887) wifi:enable tsf
I (907) wifi:new:<1,0>, old:<1,0>, ap:<255,255>, sta:<1,0>, prof:1
I (907) wifi:state: init -> auth (b0)
I (947) wifi:state: auth -> assoc (0)
I (1027) wifi:state: assoc -> run (10)
I (1177) wifi:connected with Thanh Tam, aid = 4, channel 1, BW20, bssid = 10:39:4e:fd:17:30
I (1177) wifi:security: WPA2-PSK, phy: bgn, rssi: -68
I (1187) wifi:pm start, type: 1

I (1187) wifi:dp: 1, bi: 102400, li: 3, scale listen interval from 307200 us to 307200 us
I (1227) wifi:AP's beacon interval = 102400 us, DTIM period = 1
[0;32mI (2197) esp_netif_handlers: sta ip: 192.168.1.10, mask: 255.255.255.0, gw: 192.168.1.1[0m
[0;32mI (2207) example: Turn off LCD backlight[0m
[0;32mI (2207) gpio: GPIO[32]| InputEn: 0| OutputEn: 1| OpenDrain: 0| Pullup: 0| Pulldown: 0| Intr:0 [0m
[0;32mI (2207) example: Initialize SPI bus[0m
[0;32mI (2207) example: Install panel IO[0m
I (2217) wifi:<ba-add>idx:0 (ifx:0, 10:39:4e:fd:17:30), tid:0, ssn:5, winSize:64
[0;32mI (2227) gpio: GPIO[2]| InputEn: 0| OutputEn: 1| OpenDrain: 0| Pullup: 0| Pulldown: 0| Intr:0 [0m
[0;32mI (2227) example: Install ILI9341 panel driver[0m
[0;32mI (2237) gpio: GPIO[33]| InputEn: 0| OutputEn: 1| OpenDrain: 0| Pullup: 0| Pulldown: 0| Intr:0 [0m
[0;32mI (2247) ili9341: LCD panel create success, version: 1.2.0[0m
[0;32mI (2277) MQTT_PROJECT: MQTT_EVENT_CONNECTED[0m
[0;32mI (2367) example: Turn on LCD backlight[0m
[0;32mI (2367) example: Initialize LVGL library[0m
[0;32mI (2367) example: Register display driver to LVGL[0m
[0;32mI (2377) example: Install LVGL tick timer[0m
[0;32mI (2377) TX_MHZ14A_TASK: Wrote 9 bytes[0m
[0;32mI (2377) bmx280: Probing for BMP280/BME280 sensors on I2C 0[0m
[0;31mE (2387) FreeRTOS: FreeRTOS Task "Sensor_Task" should not return, Aborting now![0m
[0;32mI (238
abort() was called at PC 0x4008c287 on core 0


Backtrace: 0x40081a3e:0x3ffdb260 0x4008b6a1:0x3ffdb280 0x400941f1:0x3ffdb2a0 0x4008c287:0x3ffdb310




ELF file SHA256: 6246e9316

Rebooting...
ets Jul 29 2019 12:21:46

rst:0xc (SW_CPU_RESET),boot:0x13 (SPI_FAST_FLASH_BOOT)
configsip: 0, SPIWP:0xee
clk_drv:0x00,q_drv:0x00,d_drv:0x00,cs0_drv:0x00,hd_drv:0x00,wp_drv:0x00
mode:DIO, clock div:2
load:0x3fff0030,len:7172
load:0x40078000,len:15540
load:0x40080400,len:4
ho 8 tail 4 room 4
load:0x40080404,len:3904
entry 0x40080640
[0;32mI (31) boot: ESP-IDF v5.2.1-dirty 2nd stage bootloader[0m
[0;32mI (31) boot: compile time Jun 25 2024 11:41:08[0m
[0;32mI (31) boot: Multicore bootloader[0m
[0;32mI (36) boot: chip revision: v3.1[0m
[0;32mI (40) boot.esp32: SPI Speed      : 40MHz[0m
[0;32mI (44) boot.esp32: SPI Mode       : DIO[0m
[0;32mI (49) boot.esp32: SPI Flash Size : 2MB[0m
[0;32mI (53) boot: Enabling RNG early entropy source...[0m
[0;32mI (59) boot: Partition Table:[0m
[0;32mI (62) boot: ## Label            Usage          Type ST Offset   Length[0m
[0;32mI (70) boot:  0 nvs              WiFi data        01 02 00009000 00006000[0m
[0;32mI (77) boot:  1 phy_init         RF data          01 01 0000f000 00001000[0m
[0;32mI (84) boot:  2 factory          factory app      00 00 00010000 00177000[0m
[0;32mI (92) boot: End of partition table[0m
[0;32mI (96) esp_image: segment 0: paddr=00010020 vaddr=3f400020 size=307cch (198604) map[0m
[0;32mI (173) esp_image: segment 1: paddr=000407f4 vaddr=3ffb0000 size=03e9ch ( 16028) load[0m
[0;32mI (179) esp_image: segment 2: paddr=00044698 vaddr=40080000 size=0b980h ( 47488) load[0m
[0;32mI (198) esp_image: segment 3: paddr=00050020 vaddr=400d0020 size=cc8e4h (837860) map[0m
[0;32mI (485) esp_image: segment 4: paddr=0011c90c vaddr=4008b980 size=0e654h ( 58964) load[0m
[0;32mI (521) boot: Loaded app from partition at offset 0x10000[0m
[0;32mI (521) boot: Disabling RNG early entropy source...[0m
[0;32mI (533) cpu_start: Multicore app[0m
[0;32mI (542) cpu_start: Pro cpu start user code[0m
[0;32mI (542) cpu_start: cpu freq: 160000000 Hz[0m
[0;32mI (542) cpu_start: Application information:[0m
[0;32mI (545) cpu_start: Project name:     main[0m
[0;32mI (550) cpu_start: App version:      1[0m
[0;32mI (554) cpu_start: Compile time:     Jun 25 2024 11:40:52[0m
[0;32mI (560) cpu_start: ELF file SHA256:  6246e9316...[0m
[0;32mI (565) cpu_start: ESP-IDF:          v5.2.1-dirty[0m
[0;32mI (571) cpu_start: Min chip rev:     v0.0[0m
[0;32mI (576) cpu_start: Max chip rev:     v3.99 [0m
[0;32mI (580) cpu_start: Chip rev:         v3.1[0m
[0;32mI (585) heap_init: Initializing. RAM available for dynamic allocation:[0m
[0;32mI (592) heap_init: At 3FFAE6E0 len 00001920 (6 KiB): DRAM[0m
[0;32mI (598) heap_init: At 3FFC0AF0 len 0001F510 (125 KiB): DRAM[0m
[0;32mI (605) heap_init: At 3FFE0440 len 00003AE0 (14 KiB): D/IRAM[0m
[0;32mI (611) heap_init: At 3FFE4350 len 0001BCB0 (111 KiB): D/IRAM[0m
[0;32mI (617) heap_init: At 40099FD4 len 0000602C (24 KiB): IRAM[0m
[0;32mI (625) spi_flash: detected chip: generic[0m
[0;32mI (628) spi_flash: flash io: dio[0m
[0;33mW (632) spi_flash: Detected size(4096k) larger than the size in the binary image header(2048k). Using the size in the binary image header.[0m
[0;33mW (646) i2c: This driver is an old driver, please migrate your application code to adapt `driver/i2c_master.h`[0m
[0;32mI (657) main_task: Started on CPU0[0m
[0;32mI (667) main_task: Calling app_main()[0m
I (707) wifi:wifi driver task: 3ffc8ac8, prio:23, stack:6656, core=0
I (727) wifi:wifi firmware version: a9f5b59
I (727) wifi:wifi certification version: v7.0
I (727) wifi:config NVS flash: enabled
I (727) wifi:config nano formating: disabled
I (727) wifi:Init data frame dynamic rx buffer num: 32
I (737) wifi:Init static rx mgmt buffer num: 5
I (737) wifi:Init management short buffer num: 32
I (737) wifi:Init dynamic tx buffer num: 32
I (747) wifi:Init static rx buffer size: 1600
I (747) wifi:Init static rx buffer num: 10
I (757) wifi:Init dynamic rx buffer num: 32
[0;32mI (757) wifi_init: rx ba win: 6[0m
[0;32mI (757) wifi_init: tcpip mbox: 32[0m
[0;32mI (767) wifi_init: udp mbox: 6[0m
[0;32mI (767) wifi_init: tcp mbox: 6[0m
[0;32mI (777) wifi_init: tcp tx win: 5760[0m
[0;32mI (777) wifi_init: tcp rx win: 5760[0m
[0;32mI (777) wifi_init: tcp mss: 1440[0m
[0;32mI (787) wifi_init: WiFi IRAM OP enabled[0m
[0;32mI (787) wifi_init: WiFi RX IRAM OP enabled[0m
[0;32mI (797) phy_init: phy_version 4791,2c4672b,Dec 20 2023,16:06:06[0m
I (887) wifi:mode : sta (b0:b2:1c:a7:ba:fc)
I (887) wifi:enable tsf
I (907) wifi:new:<1,0>, old:<1,0>, ap:<255,255>, sta:<1,0>, prof:1
I (907) wifi:state: init -> auth (b0)
I (917) wifi:state: auth -> init (8a0)
I (917) wifi:new:<1,0>, old:<1,0>, ap:<255,255>, sta:<1,0>, prof:1
I (3347) wifi:new:<1,0>, old:<1,0>, ap:<255,255>, sta:<1,0>, prof:1
I (3347) wifi:state: init -> auth (b0)
I (3407) wifi:state: auth -> assoc (0)
I (3477) wifi:state: assoc -> run (10)
I (3597) wifi:connected with Thanh Tam, aid = 4, channel 1, BW20, bssid = 10:39:4e:fd:17:30
I (3597) wifi:security: WPA2-PSK, phy: bgn, rssi: -68
I (3597) wifi:pm start, type: 1

I (3597) wifi:dp: 1, bi: 102400, li: 3, scale listen interval from 307200 us to 307200 us
I (3617) wifi:AP's beacon interval = 102400 us, DTIM period = 1
[0;32mI (4607) esp_netif_handlers: sta ip: 192.168.1.10, mask: 255.255.255.0, gw: 192.168.1.1[0m
[0;32mI (4617) example: Turn off LCD backlight[0m
[0;32mI (4617) gpio: GPIO[32]| InputEn: 0| OutputEn: 1| OpenDrain: 0| Pullup: 0| Pulldown: 0| Intr:0 [0m
[0;32mI (4617) example: Initialize SPI bus[0m
[0;32mI (4627) example: Install panel IO[0m
[0;32mI (4627) gpio: GPIO[2]| InputEn: 0| OutputEn: 1| OpenDrain: 0| Pullup: 0| Pulldown: 0| Intr:0 [0m
[0;32mI (4637) example: Install ILI9341 panel driver[0m
I (4637) wifi:<ba-add>idx:0 (ifx:0, 10:39:4e:fd:17:30), tid:0, ssn:5, winSize:64
[0;32mI (4647) gpio: GPIO[33]| InputEn: 0| OutputEn: 1| OpenDrain: 0| Pullup: 0| Pulldown: 0| Intr:0 [0m
[0;32mI (4657) ili9341: LCD panel create success, version: 1.2.0[0m
[0;32mI (4687) MQTT_PROJECT: MQTT_EVENT_CONNECTED[0m
[0;32mI (4787) example: Turn on LCD backlight[0m
[0;32mI (4787) example: Initialize LVGL library[0m
[0;32mI (4787) example: Register display driver to LVGL[0m
[0;32mI (4797) example: Install LVGL tick timer[0m
[0;32mI (4797) TX_MHZ14A_TASK: Wrote 9 bytes[0m
[0;32mI (4797) bmx280: Probing for BMP280/BME280 sensors on I2C 0[0m
[0;31mE (4807) FreeRTOS: FreeRTOS Task "Sensor_Task" should not return, Aborting now![0m
[0;32mI (48
abort() was called at PC 0x4008c287 on core 0


Backtrace: 0x40081a3e:0x3ffdb260 0x4008b6a1:0x3ffdb280 0x400941f1:0x3ffdb2a0 0x4008c287:0x3ffdb310




ELF file SHA256: 6246e9316

Rebooting...
ets Jul 29 2019 12:21:46

rst:0xc (SW_CPU_RESET),boot:0x13 (SPI_FAST_FLASH_BOOT)
configsip: 0, SPIWP:0xee
clk_drv:0x00,q_drv:0x00,d_drv:0x00,cs0_drv:0x00,hd_drv:0x00,wp_drv:0x00
mode:DIO, clock div:2
load:0x3fff0030,len:7172
load:0x40078000,len:15540
load:0x40080400,len:4
ho 8 tail 4 room 4
load:0x40080404,len:3904
entry 0x40080640
[0;32mI (31) boot: ESP-IDF v5.2.1-dirty 2nd stage bootloader[0m
[0;32mI (31) boot: compile time Jun 25 2024 11:41:08[0m
[0;32mI (31) boot: Multicore bootloader[0m
[0;32mI (36) boot: chip revision: v3.1[0m
[0;32mI (40) boot.esp32: SPI Speed      : 40MHz[0m
[0;32mI (44) boot.esp32: SPI Mode       : DIO[0m
[0;32mI (49) boot.esp32: SPI Flash Size : 2MB[0m
[0;32mI (53) boot: Enabling RNG early entropy source...[0m
[0;32mI (59) boot: Partition Table:[0m
[0;32mI (62) boot: ## Label            Usage          Type ST Offset   Length[0m
[0;32mI (70) boot:  0 nvs              WiFi data        01 02 00009000 00006000[0m
[0;32mI (77) boot:  1 phy_init         RF data          01 01 0000f000 00001000[0m
[0;32mI (84) boot:  2 factory          factory app      00 00 00010000 00177000[0m
[0;32mI (92) boot: End of partition table[0m
[0;32mI (96) esp_image: segment 0: paddr=00010020 vaddr=3f400020 size=307cch (198604) map[0m
[0;32mI (173) esp_image: segment 1: paddr=000407f4 vaddr=3ffb0000 size=03e9ch ( 16028) load[0m
[0;32mI (179) esp_image: segment 2: paddr=00044698 vaddr=40080000 size=0b980h ( 47488) load[0m
[0;32mI (198) esp_image: segment 3: paddr=00050020 vaddr=400d0020 size=cc8e4h (837860) map[0m
[0;32mI (485) esp_image: segment 4: paddr=0011c90c vaddr=4008b980 size=0e654h ( 58964) load[0m
[0;32mI (521) boot: Loaded app from partition at offset 0x10000[0m
[0;32mI (521) boot: Disabling RNG early entropy source...[0m
[0;32mI (533) cpu_start: Multicore app[0m
[0;32mI (542) cpu_start: Pro cpu start user code[0m
[0;32mI (542) cpu_start: cpu freq: 160000000 Hz[0m
[0;32mI (542) cpu_start: Application information:[0m
[0;32mI (545) cpu_start: Project name:     main[0m
[0;32mI (550) cpu_start: App version:      1[0m
[0;32mI (554) cpu_start: Compile time:     Jun 25 2024 11:40:52[0m
[0;32mI (560) cpu_start: ELF file SHA256:  6246e9316...[0m
[0;32mI (565) cpu_start: ESP-IDF:          v5.2.1-dirty[0m
[0;32mI (571) cpu_start: Min chip rev:     v0.0[0m
[0;32mI (576) cpu_start: Max chip rev:     v3.99 [0m
[0;32mI (580) cpu_start: Chip rev:         v3.1[0m
[0;32mI (585) heap_init: Initializing. RAM available for dynamic allocation:[0m
[0;32mI (592) heap_init: At 3FFAE6E0 len 00001920 (6 KiB): DRAM[0m
[0;32mI (598) heap_init: At 3FFC0AF0 len 0001F510 (125 KiB): DRAM[0m
[0;32mI (605) heap_init: At 3FFE0440 len 00003AE0 (14 KiB): D/IRAM[0m
[0;32mI (611) heap_init: At 3FFE4350 len 0001BCB0 (111 KiB): D/IRAM[0m
[0;32mI (617) heap_init: At 40099FD4 len 0000602C (24 KiB): IRAM[0m
[0;32mI (625) spi_flash: detected chip: generic[0m
[0;32mI (628) spi_flash: flash io: dio[0m
[0;33mW (632) spi_flash: Detected size(4096k) larger than the size in the binary image header(2048k). Using the size in the binary image header.[0m
[0;33mW (646) i2c: This driver is an old driver, please migrate your application code to adapt `driver/i2c_master.h`[0m
[0;32mI (657) main_task: Started on CPU0[0m
[0;32mI (667) main_task: Calling app_main()[0m
I (707) wifi:wifi driver task: 3ffc8ac8, prio:23, stack:6656, core=0
I (727) wifi:wifi firmware version: a9f5b59
I (727) wifi:wifi certification version: v7.0
I (727) wifi:config NVS flash: enabled
I (727) wifi:config nano formating: disabled
I (727) wifi:Init data frame dynamic rx buffer num: 32
I (737) wifi:Init static rx mgmt buffer num: 5
I (737) wifi:Init management short buffer num: 32
I (737) wifi:Init dynamic tx buffer num: 32
I (747) wifi:Init static rx buffer size: 1600
I (747) wifi:Init static rx buffer num: 10
I (757) wifi:Init dynamic rx buffer num: 32
[0;32mI (757) wifi_init: rx ba win: 6[0m
[0;32mI (757) wifi_init: tcpip mbox: 32[0m
[0;32mI (767) wifi_init: udp mbox: 6[0m
[0;32mI (767) wifi_init: tcp mbox: 6[0m
[0;32mI (777) wifi_init: tcp tx win: 5760[0m
[0;32mI (777) wifi_init: tcp rx win: 5760[0m
[0;32mI (777) wifi_init: tcp mss: 1440[0m
[0;32mI (787) wifi_init: WiFi IRAM OP enabled[0m
[0;32mI (787) wifi_init: WiFi RX IRAM OP enabled[0m
[0;32mI (797) phy_init: phy_version 4791,2c4672b,Dec 20 2023,16:06:06[0m
I (887) wifi:mode : sta (b0:b2:1c:a7:ba:fc)
I (887) wifi:enable tsf
I (917) wifi:new:<1,0>, old:<1,0>, ap:<255,255>, sta:<1,0>, prof:1
I (917) wifi:state: init -> auth (b0)
I (927) wifi:state: auth -> init (8a0)
I (927) wifi:new:<1,0>, old:<1,0>, ap:<255,255>, sta:<1,0>, prof:1
I (3357) wifi:new:<1,0>, old:<1,0>, ap:<255,255>, sta:<1,0>, prof:1
I (3367) wifi:state: init -> auth (b0)
I (3417) wifi:state: auth -> assoc (0)
I (3497) wifi:state: assoc -> run (10)
I (3627) wifi:connected with Thanh Tam, aid = 4, channel 1, BW20, bssid = 10:39:4e:fd:17:30
I (3627) wifi:security: WPA2-PSK, phy: bgn, rssi: -67
I (3637) wifi:pm start, type: 1

I (3637) wifi:dp: 1, bi: 102400, li: 3, scale listen interval from 307200 us to 307200 us
I (3787) wifi:AP's beacon interval = 102400 us, DTIM period = 1
[0;32mI (4647) esp_netif_handlers: sta ip: 192.168.1.10, mask: 255.255.255.0, gw: 192.168.1.1[0m
[0;32mI (4657) example: Turn off LCD backlight[0m
[0;32mI (4657) gpio: GPIO[32]| InputEn: 0| OutputEn: 1| OpenDrain: 0| Pullup: 0| Pulldown: 0| Intr:0 [0m
[0;32mI (4657) example: Initialize SPI bus[0m
[0;32mI (4667) example: Install panel IO[0m
[0;32mI (4667) gpio: GPIO[2]| InputEn: 0| OutputEn: 1| OpenDrain: 0| Pullup: 0| Pulldown: 0| Intr:0 [0m
I (4667) wifi:<ba-add>idx:0 (ifx:0, 10:39:4e:fd:17:30), tid:0, ssn:5, winSize:64
[0;32mI (4687) example: Install ILI9341 panel driver[0m
[0;32mI (4687) gpio: GPIO[33]| InputEn: 0| OutputEn: 1| OpenDrain: 0| Pullup: 0| Pulldown: 0| Intr:0 [0m
[0;32mI (4697) ili9341: LCD panel create success, version: 1.2.0[0m
[0;32mI (4737) MQTT_PROJECT: MQTT_EVENT_CONNECTED[0m
[0;32mI (4827) example: Turn on LCD backlight[0m
[0;32mI (4827) example: Initialize LVGL library[0m
[0;32mI (4827) example: Register display driver to LVGL[0m
[0;32mI (4837) example: Install LVGL tick timer[0m
[0;32mI (4837) TX_MHZ14A_TASK: Wrote 9 bytes[0m
[0;32mI (4837) bmx280: Probing for BMP280/BME280 sensors on I2C 0[0m
[0;31mE (4847) FreeRTOS: FreeRTOS Task "Sensor_Task" should not return, Aborting now![0m
[0;32mI (4847)
abort() was called at PC 0x4008c287 on core 0


Backtrace: 0x40081a3e:0x3ffdb260 0x4008b6a1:0x3ffdb280 0x400941f1:0x3ffdb2a0 0x4008c287:0x3ffdb310




ELF file SHA256: 6246e9316

Rebooting...
ets Jul 29 2019 12:21:46

rst:0xc (SW_CPU_RESET),boot:0x13 (SPI_FAST_FLASH_BOOT)
configsip: 0, SPIWP:0xee
clk_drv:0x00,q_drv:0x00,d_drv:0x00,cs0_drv:0x00,hd_drv:0x00,wp_drv:0x00
mode:DIO, clock div:2
load:0x3fff0030,len:7172
load:0x40078000,len:15540
load:0x40080400,len:4
ho 8 tail 4 room 4
load:0x40080404,len:3904
entry 0x40080640
[0;32mI (31) boot: ESP-IDF v5.2.1-dirty 2nd stage bootloader[0m
[0;32mI (31) boot: compile time Jun 25 2024 11:41:08[0m
[0;32mI (31) boot: Multicore bootloader[0m
[0;32mI (36) boot: chip revision: v3.1[0m
[0;32mI (40) boot.esp32: SPI Speed      : 40MHz[0m
[0;32mI (44) boot.esp32: SPI Mode       : DIO[0m
[0;32mI (49) boot.esp32: SPI Flash Size : 2MB[0m
[0;32mI (53) boot: Enabling RNG early entropy source...[0m
[0;32mI (59) boot: Partition Table:[0m
[0;32mI (62) boot: ## Label            Usage          Type ST Offset   Length[0m
[0;32mI (70) boot:  0 nvs              WiFi data        01 02 00009000 00006000[0m
[0;32mI (77) boot:  1 phy_init         RF data          01 01 0000f000 00001000[0m
[0;32mI (84) boot:  2 factory          factory app      00 00 00010000 00177000[0m
[0;32mI (92) boot: End of partition table[0m
[0;32mI (96) esp_image: segment 0: paddr=00010020 vaddr=3f400020 size=307cch (198604) map[0m
[0;32mI (173) esp_image: segment 1: paddr=000407f4 vaddr=3ffb0000 size=03e9ch ( 16028) load[0m
[0;32mI (179) esp_image: segment 2: paddr=00044698 vaddr=40080000 size=0b980h ( 47488) load[0m
[0;32mI (198) esp_image: segment 3: paddr=00050020 vaddr=400d0020 size=cc8e4h (837860) map[0m
[0;32mI (485) esp_image: segment 4: paddr=0011c90c vaddr=4008b980 size=0e654h ( 58964) load[0m
[0;32mI (521) boot: Loaded app from partition at offset 0x10000[0m
[0;32mI (521) boot: Disabling RNG early entropy source...[0m
[0;32mI (533) cpu_start: Multicore app[0m
[0;32mI (542) cpu_start: Pro cpu start user code[0m
[0;32mI (542) cpu_start: cpu freq: 160000000 Hz[0m
[0;32mI (542) cpu_start: Application information:[0m
[0;32mI (545) cpu_start: Project name:     main[0m
[0;32mI (550) cpu_start: App version:      1[0m
[0;32mI (554) cpu_start: Compile time:     Jun 25 2024 11:40:52[0m
[0;32mI (560) cpu_start: ELF file SHA256:  6246e9316...[0m
[0;32mI (565) cpu_start: ESP-IDF:          v5.2.1-dirty[0m
[0;32mI (571) cpu_start: Min chip rev:     v0.0[0m
[0;32mI (576) cpu_start: Max chip rev:     v3.99 [0m
[0;32mI (580) cpu_start: Chip rev:         v3.1[0m
[0;32mI (585) heap_init: Initializing. RAM available for dynamic allocation:[0m
[0;32mI (592) heap_init: At 3FFAE6E0 len 00001920 (6 KiB): DRAM[0m
[0;32mI (598) heap_init: At 3FFC0AF0 len 0001F510 (125 KiB): DRAM[0m
[0;32mI (605) heap_init: At 3FFE0440 len 00003AE0 (14 KiB): D/IRAM[0m
[0;32mI (611) heap_init: At 3FFE4350 len 0001BCB0 (111 KiB): D/IRAM[0m
[0;32mI (617) heap_init: At 40099FD4 len 0000602C (24 KiB): IRAM[0m
[0;32mI (625) spi_flash: detected chip: generic[0m
[0;32mI (628) spi_flash: flash io: dio[0m
[0;33mW (632) spi_flash: Detected size(4096k) larger than the size in the binary image header(2048k). Using the size in the binary image header.[0m
[0;33mW (646) i2c: This driver is an old driver, please migrate your application code to adapt `driver/i2c_master.h`[0m
[0;32mI (657) main_task: Started on CPU0[0m
[0;32mI (667) main_task: Calling app_main()[0m
I (707) wifi:wifi driver task: 3ffc8ac8, prio:23, stack:6656, core=0
I (727) wifi:wifi firmware version: a9f5b59
I (727) wifi:wifi certification version: v7.0
I (727) wifi:config NVS flash: enabled
I (727) wifi:config nano formating: disabled
I (727) wifi:Init data frame dynamic rx buffer num: 32
I (737) wifi:Init static rx mgmt buffer num: 5
I (737) wifi:Init management short buffer num: 32
I (737) wifi:Init dynamic tx buffer num: 32
I (747) wifi:Init static rx buffer size: 1600
I (747) wifi:Init static rx buffer num: 10
I (757) wifi:Init dynamic rx buffer num: 32
[0;32mI (757) wifi_init: rx ba win: 6[0m
[0;32mI (757) wifi_init: tcpip mbox: 32[0m
[0;32mI (767) wifi_init: udp mbox: 6[0m
[0;32mI (767) wifi_init: tcp mbox: 6[0m
[0;32mI (777) wifi_init: tcp tx win: 5760[0m
[0;32mI (777) wifi_init: tcp rx win: 5760[0m
[0;32mI (777) wifi_init: tcp mss: 1440[0m
[0;32mI (787) wifi_init: WiFi IRAM OP enabled[0m
[0;32mI (787) wifi_init: WiFi RX IRAM OP enabled[0m
[0;32mI (797) phy_init: phy_version 4791,2c4672b,Dec 20 2023,16:06:06[0m
I (887) wifi:mode : sta (b0:b2:1c:a7:ba:fc)
I (887) wifi:enable tsf
I (947) wifi:new:<1,0>, old:<1,0>, ap:<255,255>, sta:<1,0>, prof:1
I (947) wifi:state: init -> auth (b0)
I (1007) wifi:state: auth -> init (8a0)
I (1007) wifi:new:<1,0>, old:<1,0>, ap:<255,255>, sta:<1,0>, prof:1
I (3437) wifi:new:<1,0>, old:<1,0>, ap:<255,255>, sta:<1,0>, prof:1
I (3437) wifi:state: init -> auth (b0)
I (3497) wifi:state: auth -> assoc (0)
I (3597) wifi:state: assoc -> run (10)
I (3837) wifi:connected with Thanh Tam, aid = 4, channel 1, BW20, bssid = 10:39:4e:fd:17:30
I (3837) wifi:security: WPA2-PSK, phy: bgn, rssi: -67
I (3847) wifi:pm start, type: 1

I (3847) wifi:dp: 1, bi: 102400, li: 3, scale listen interval from 307200 us to 307200 us
I (3917) wifi:AP's beacon interval = 102400 us, DTIM period = 1
[0;32mI (4847) esp_netif_handlers: sta ip: 192.168.1.10, mask: 255.255.255.0, gw: 192.168.1.1[0m
[0;32mI (4847) example: Turn off LCD backlight[0m
[0;32mI (4857) gpio: GPIO[32]| InputEn: 0| OutputEn: 1| OpenDrain: 0| Pullup: 0| Pulldown: 0| Intr:0 [0m
[0;32mI (4857) example: Initialize SPI bus[0m
[0;32mI (4867) example: Install panel IO[0m
[0;32mI (4867) gpio: GPIO[2]| InputEn: 0| OutputEn: 1| OpenDrain: 0| Pullup: 0| Pulldown: 0| Intr:0 [0m
[0;32mI (4877) example: Install ILI9341 panel driver[0m
[0;32mI (4877) gpio: GPIO[33]| InputEn: 0| OutputEn: 1| OpenDrain: 0| Pullup: 0| Pulldown: 0| Intr:0 [0m
[0;32mI (4887) ili9341: LCD panel create success, version: 1.2.0[0m
I (4907) wifi:<ba-add>idx:0 (ifx:0, 10:39:4e:fd:17:30), tid:0, ssn:4, winSize:64
[0;32mI (5017) example: Turn on LCD backlight[0m
[0;32mI (5017) example: Initialize LVGL library[0m
[0;32mI (5017) example: Register display driver to LVGL[0m
[0;32mI (5027) MQTT_PROJECT: MQTT_EVENT_CONNECTED[0m
[0;32mI (5027) example: Install LVGL tick timer[0m
[0;32mI (5027) TX_MHZ14A_TASK: Wrote 9 bytes[0m
[0;32mI (5037) bmx280: Probing for BMP280/BME280 sensors on I2C 0[0m
[0;31mE (5037) FreeRTOS: FreeRTOS Task "Sensor_Task" should not return, Aborting now![0m
[0;32
abort() was called at PC 0x4008c287 on core 0


Backtrace: 0x40081a3e:0x3ffdb2f0 0x4008b6a1:0x3ffdb310 0x400941f1:0x3ffdb330 0x4008c287:0x3ffdb3a0




ELF file SHA256: 6246e9316

Rebooting...
ets Jul 29 2019 12:21:46

rst:0xc (SW_CPU_RESET),boot:0x13 (SPI_FAST_FLASH_BOOT)
configsip: 0, SPIWP:0xee
clk_drv:0x00,q_drv:0x00,d_drv:0x00,cs0_drv:0x00,hd_drv:0x00,wp_drv:0x00
mode:DIO, clock div:2
load:0x3fff0030,len:7172
load:0x40078000,len:15540
load:0x40080400,len:4
ho 8 tail 4 room 4
load:0x40080404,len:3904
entry 0x40080640
[0;32mI (31) boot: ESP-IDF v5.2.1-dirty 2nd stage bootloader[0m
[0;32mI (31) boot: compile time Jun 25 2024 11:41:08[0m
[0;32mI (31) boot: Multicore bootloader[0m
[0;32mI (36) boot: chip revision: v3.1[0m
[0;32mI (40) boot.esp32: SPI Speed      : 40MHz[0m
[0;32mI (44) boot.esp32: SPI Mode       : DIO[0m
[0;32mI (49) boot.esp32: SPI Flash Size : 2MB[0m
[0;32mI (53) boot: Enabling RNG early entropy source...[0m
[0;32mI (59) boot: Partition Table:[0m
[0;32mI (62) boot: ## Label            Usage          Type ST Offset   Length[0m
[0;32mI (70) boot:  0 nvs              WiFi data        01 02 00009000 00006000[0m
[0;32mI (77) boot:  1 phy_init         RF data          01 01 0000f000 00001000[0m
[0;32mI (84) boot:  2 factory          factory app      00 00 00010000 00177000[0m
[0;32mI (92) boot: End of partition table[0m
[0;32mI (96) esp_image: segment 0: paddr=00010020 vaddr=3f400020 size=307cch (198604) map[0m
[0;32mI (173) esp_image: segment 1: paddr=000407f4 vaddr=3ffb0000 size=03e9ch ( 16028) load[0m
[0;32mI (179) esp_image: segment 2: paddr=00044698 vaddr=40080000 size=0b980h ( 47488) load[0m
[0;32mI (198) esp_image: segment 3: paddr=00050020 vaddr=400d0020 size=cc8e4h (837860) map[0m
[0;32mI (485) esp_image: segment 4: paddr=0011c90c vaddr=4008b980 size=0e654h ( 58964) load[0m
[0;32mI (521) boot: Loaded app from partition at offset 0x10000[0m
[0;32mI (521) boot: Disabling RNG early entropy source...[0m
[0;32mI (533) cpu_start: Multicore app[0m
[0;32mI (542) cpu_start: Pro cpu start user code[0m
[0;32mI (542) cpu_start: cpu freq: 160000000 Hz[0m
[0;32mI (542) cpu_start: Application information:[0m
[0;32mI (545) cpu_start: Project name:     main[0m
[0;32mI (550) cpu_start: App version:      1[0m
[0;32mI (554) cpu_start: Compile time:     Jun 25 2024 11:40:52[0m
[0;32mI (560) cpu_start: ELF file SHA256:  6246e9316...[0m
[0;32mI (565) cpu_start: ESP-IDF:          v5.2.1-dirty[0m
[0;32mI (571) cpu_start: Min chip rev:     v0.0[0m
[0;32mI (576) cpu_start: Max chip rev:     v3.99 [0m
[0;32mI (580) cpu_start: Chip rev:         v3.1[0m
[0;32mI (585) heap_init: Initializing. RAM available for dynamic allocation:[0m
[0;32mI (592) heap_init: At 3FFAE6E0 len 00001920 (6 KiB): DRAM[0m
[0;32mI (598) heap_init: At 3FFC0AF0 len 0001F510 (125 KiB): DRAM[0m
[0;32mI (605) heap_init: At 3FFE0440 len 00003AE0 (14 KiB): D/IRAM[0m
[0;32mI (611) heap_init: At 3FFE4350 len 0001BCB0 (111 KiB): D/IRAM[0m
[0;32mI (617) heap_init: At 40099FD4 len 0000602C (24 KiB): IRAM[0m
[0;32mI (625) spi_flash: detected chip: generic[0m
[0;32mI (628) spi_flash: flash io: dio[0m
[0;33mW (632) spi_flash: Detected size(4096k) larger than the size in the binary image header(2048k). Using the size in the binary image header.[0m
[0;33mW (646) i2c: This driver is an old driver, please migrate your application code to adapt `driver/i2c_master.h`[0m
[0;32mI (657) main_task: Started on CPU0[0m
[0;32mI (667) main_task: Calling app_main()[0m
I (707) wifi:wifi driver task: 3ffc8ac8, prio:23, stack:6656, core=0
I (727) wifi:wifi firmware version: a9f5b59
I (727) wifi:wifi certification version: v7.0
I (727) wifi:config NVS flash: enabled
I (727) wifi:config nano formating: disabled
I (727) wifi:Init data frame dynamic rx buffer num: 32
I (737) wifi:Init static rx mgmt buffer num: 5
I (737) wifi:Init management short buffer num: 32
I (737) wifi:Init dynamic tx buffer num: 32
I (747) wifi:Init static rx buffer size: 1600
I (747) wifi:Init static rx buffer num: 10
I (757) wifi:Init dynamic rx buffer num: 32
[0;32mI (757) wifi_init: rx ba win: 6[0m
[0;32mI (757) wifi_init: tcpip mbox: 32[0m
[0;32mI (767) wifi_init: udp mbox: 6[0m
[0;32mI (767) wifi_init: tcp mbox: 6[0m
[0;32mI (777) wifi_init: tcp tx win: 5760[0m
[0;32mI (777) wifi_init: tcp rx win: 5760[0m
[0;32mI (777) wifi_init: tcp mss: 1440[0m
[0;32mI (787) wifi_init: WiFi IRAM OP enabled[0m
[0;32mI (787) wifi_init: WiFi RX IRAM OP enabled[0m
[0;32mI (797) phy_init: phy_version 4791,2c4672b,Dec 20 2023,16:06:06[0m
I (887) wifi:mode : sta (b0:b2:1c:a7:ba:fc)
I (887) wifi:enable tsf
I (907) wifi:new:<1,0>, old:<1,0>, ap:<255,255>, sta:<1,0>, prof:1
I (907) wifi:state: init -> auth (b0)
I (917) wifi:state: auth -> init (8a0)
I (917) wifi:new:<1,0>, old:<1,0>, ap:<255,255>, sta:<1,0>, prof:1
I (3347) wifi:new:<1,0>, old:<1,0>, ap:<255,255>, sta:<1,0>, prof:1
I (3347) wifi:state: init -> auth (b0)
I (3417) wifi:state: auth -> assoc (0)
I (3527) wifi:state: assoc -> run (10)
I (3677) wifi:connected with Thanh Tam, aid = 4, channel 1, BW20, bssid = 10:39:4e:fd:17:30
I (3677) wifi:security: WPA2-PSK, phy: bgn, rssi: -68
I (3687) wifi:pm start, type: 1

I (3687) wifi:dp: 1, bi: 102400, li: 3, scale listen interval from 307200 us to 307200 us
I (3747) wifi:AP's beacon interval = 102400 us, DTIM period = 1
[0;32mI (4697) esp_netif_handlers: sta ip: 192.168.1.10, mask: 255.255.255.0, gw: 192.168.1.1[0m
[0;32mI (4707) example: Turn off LCD backlight[0m
[0;32mI (4707) gpio: GPIO[32]| InputEn: 0| OutputEn: 1| OpenDrain: 0| Pullup: 0| Pulldown: 0| Intr:0 [0m
[0;32mI (4707) example: Initialize SPI bus[0m
[0;32mI (4717) example: Install panel IO[0m
[0;32mI (4717) gpio: GPIO[2]| InputEn: 0| OutputEn: 1| OpenDrain: 0| Pullup: 0| Pulldown: 0| Intr:0 [0m
[0;32mI (4727) example: Install ILI9341 panel driver[0m
I (4727) wifi:<ba-add>idx:0 (ifx:0, 10:39:4e:fd:17:30), tid:0, ssn:6, winSize:64
[0;32mI (4737) gpio: GPIO[33]| InputEn: 0| OutputEn: 1| OpenDrain: 0| Pullup: 0| Pulldown: 0| Intr:0 [0m
[0;32mI (4747) ili9341: LCD panel create success, version: 1.2.0[0m
[0;32mI (4787) MQTT_PROJECT: MQTT_EVENT_CONNECTED[0m
[0;32mI (4877) example: Turn on LCD backlight[0m
[0;32mI (4877) example: Initialize LVGL library[0m
[0;32mI (4877) example: Register display driver to LVGL[0m
[0;32mI (4887) example: Install LVGL tick timer[0m
[0;32mI (4887) TX_MHZ14A_TASK: Wrote 9 bytes[0m
[0;32mI (4887) bmx280: Probing for BMP280/BME280 sensors on I2C 0[0m
[0;31mE (4897) FreeRTOS: FreeRTOS Task "Sensor_Task" should not return, Aborting now![0m
[0;32m
abort() was called at PC 0x4008c287 on core 0


Backtrace: 0x40081a3e:0x3ffdb260 0x4008b6a1:0x3ffdb280 0x400941f1:0x3ffdb2a0 0x4008c287:0x3ffdb310




ELF file SHA256: 6246e9316

Rebooting...
ets Jul 29 2019 12:21:46

rst:0xc (SW_CPU_RESET),boot:0x13 (SPI_FAST_FLASH_BOOT)
configsip: 0, SPIWP:0xee
clk_drv:0x00,q_drv:0x00,d_drv:0x00,cs0_drv:0x00,hd_drv:0x00,wp_drv:0x00
mode:DIO, clock div:2
load:0x3fff0030,len:7172
load:0x40078000,len:15540
load:0x40080400,len:4
ho 8 tail 4 room 4
load:0x40080404,len:3904
entry 0x40080640
[0;32mI (31) boot: ESP-IDF v5.2.1-dirty 2nd stage bootloader[0m
[0;32mI (31) boot: compile time Jun 25 2024 11:41:08[0m
[0;32mI (31) boot: Multicore bootloader[0m
[0;32mI (36) boot: chip revision: v3.1[0m
[0;32mI (40) boot.esp32: SPI Speed      : 40MHz[0m
[0;32mI (44) boot.esp32: SPI Mode       : DIO[0m
[0;32mI (49) boot.esp32: SPI Flash Size : 2MB[0m
[0;32mI (53) boot: Enabling RNG early entropy source...[0m
[0;32mI (59) boot: Partition Table:[0m
[0;32mI (62) boot: ## Label            Usage          Type ST Offset   Length[0m
[0;32mI (70) boot:  0 nvs              WiFi data        01 02 00009000 00006000[0m
[0;32mI (77) boot:  1 phy_init         RF data          01 01 0000f000 00001000[0m
[0;32mI (84) boot:  2 factory          factory app      00 00 00010000 00177000[0m
[0;32mI (92) boot: End of partition table[0m
[0;32mI (96) esp_image: segment 0: paddr=00010020 vaddr=3f400020 size=307cch (198604) map[0m
[0;32mI (173) esp_image: segment 1: paddr=000407f4 vaddr=3ffb0000 size=03e9ch ( 16028) load[0m
[0;32mI (179) esp_image: segment 2: paddr=00044698 vaddr=40080000 size=0b980h ( 47488) load[0m
[0;32mI (198) esp_image: segment 3: paddr=00050020 vaddr=400d0020 size=cc8e4h (837860) map[0m
[0;32mI (485) esp_image: segment 4: paddr=0011c90c vaddr=4008b980 size=0e654h ( 58964) load[0m
[0;32mI (521) boot: Loaded app from partition at offset 0x10000[0m
[0;32mI (521) boot: Disabling RNG early entropy source...[0m
[0;32mI (533) cpu_start: Multicore app[0m
[0;32mI (542) cpu_start: Pro cpu start user code[0m
[0;32mI (542) cpu_start: cpu freq: 160000000 Hz[0m
[0;32mI (542) cpu_start: Application information:[0m
[0;32mI (545) cpu_start: Project name:     main[0m
[0;32mI (550) cpu_start: App version:      1[0m
[0;32mI (554) cpu_start: Compile time:     Jun 25 2024 11:40:52[0m
[0;32mI (560) cpu_start: ELF file SHA256:  6246e9316...[0m
[0;32mI (565) cpu_start: ESP-IDF:          v5.2.1-dirty[0m
[0;32mI (571) cpu_start: Min chip rev:     v0.0[0m
[0;32mI (576) cpu_start: Max chip rev:     v3.99 [0m
[0;32mI (580) cpu_start: Chip rev:         v3.1[0m
[0;32mI (585) heap_init: Initializing. RAM available for dynamic allocation:[0m
[0;32mI (592) heap_init: At 3FFAE6E0 len 00001920 (6 KiB): DRAM[0m
[0;32mI (598) heap_init: At 3FFC0AF0 len 0001F510 (125 KiB): DRAM[0m
[0;32mI (605) heap_init: At 3FFE0440 len 00003AE0 (14 KiB): D/IRAM[0m
[0;32mI (611) heap_init: At 3FFE4350 len 0001BCB0 (111 KiB): D/IRAM[0m
[0;32mI (617) heap_init: At 40099FD4 len 0000602C (24 KiB): IRAM[0m
[0;32mI (625) spi_flash: detected chip: generic[0m
[0;32mI (628) spi_flash: flash io: dio[0m
[0;33mW (632) spi_flash: Detected size(4096k) larger than the size in the binary image header(2048k). Using the size in the binary image header.[0m
[0;33mW (646) i2c: This driver is an old driver, please migrate your application code to adapt `driver/i2c_master.h`[0m
[0;32mI (657) main_task: Started on CPU0[0m
[0;32mI (667) main_task: Calling app_main()[0m
I (707) wifi:wifi driver task: 3ffc8ac8, prio:23, stack:6656, core=0
I (727) wifi:wifi firmware version: a9f5b59
I (727) wifi:wifi certification version: v7.0
I (727) wifi:config NVS flash: enabled
I (727) wifi:config nano formating: disabled
I (727) wifi:Init data frame dynamic rx buffer num: 32
I (737) wifi:Init static rx mgmt buffer num: 5
I (737) wifi:Init management short buffer num: 32
I (737) wifi:Init dynamic tx buffer num: 32
I (747) wifi:Init static rx buffer size: 1600
I (747) wifi:Init static rx buffer num: 10
I (757) wifi:Init dynamic rx buffer num: 32
[0;32mI (757) wifi_init: rx ba win: 6[0m
[0;32mI (757) wifi_init: tcpip mbox: 32[0m
[0;32mI (767) wifi_init: udp mbox: 6[0m
[0;32mI (767) wifi_init: tcp mbox: 6[0m
[0;32mI (777) wifi_init: tcp tx win: 5760[0m
[0;32mI (777) wifi_init: tcp rx win: 5760[0m
[0;32mI (777) wifi_init: tcp mss: 1440[0m
[0;32mI (787) wifi_init: WiFi IRAM OP enabled[0m
[0;32mI (787) wifi_init: WiFi RX IRAM OP enabled[0m
[0;32mI (797) phy_init: phy_version 4791,2c4672b,Dec 20 2023,16:06:06[0m
I (887) wifi:mode : sta (b0:b2:1c:a7:ba:fc)
I (887) wifi:enable tsf
I (907) wifi:new:<1,0>, old:<1,0>, ap:<255,255>, sta:<1,0>, prof:1
I (907) wifi:state: init -> auth (b0)
I (1007) wifi:state: auth -> init (8a0)
I (1007) wifi:new:<1,0>, old:<1,0>, ap:<255,255>, sta:<1,0>, prof:1
I (3437) wifi:new:<1,0>, old:<1,0>, ap:<255,255>, sta:<1,0>, prof:1
I (3437) wifi:state: init -> auth (b0)
I (3487) wifi:state: auth -> assoc (0)
I (3577) wifi:state: assoc -> run (10)
I (3707) wifi:connected with Thanh Tam, aid = 4, channel 1, BW20, bssid = 10:39:4e:fd:17:30
I (3707) wifi:security: WPA2-PSK, phy: bgn, rssi: -68
I (3707) wifi:pm start, type: 1

I (3707) wifi:dp: 1, bi: 102400, li: 3, scale listen interval from 307200 us to 307200 us
I (3727) wifi:AP's beacon interval = 102400 us, DTIM period = 1
[0;32mI (4717) esp_netif_handlers: sta ip: 192.168.1.10, mask: 255.255.255.0, gw: 192.168.1.1[0m
[0;32mI (4727) example: Turn off LCD backlight[0m
[0;32mI (4727) gpio: GPIO[32]| InputEn: 0| OutputEn: 1| OpenDrain: 0| Pullup: 0| Pulldown: 0| Intr:0 [0m
[0;32mI (4727) example: Initialize SPI bus[0m
[0;32mI (4737) example: Install panel IO[0m
[0;32mI (4737) gpio: GPIO[2]| InputEn: 0| OutputEn: 1| OpenDrain: 0| Pullup: 0| Pulldown: 0| Intr:0 [0m
[0;32mI (4747) example: Install ILI9341 panel driver[0m
I (4747) wifi:<ba-add>idx:0 (ifx:0, 10:39:4e:fd:17:30), tid:0, ssn:5, winSize:64
[0;32mI (4747) gpio: GPIO[33]| InputEn: 0| OutputEn: 1| OpenDrain: 0| Pullup: 0| Pulldown: 0| Intr:0 [0m
[0;32mI (4767) ili9341: LCD panel create success, version: 1.2.0[0m
[0;32mI (4797) MQTT_PROJECT: MQTT_EVENT_CONNECTED[0m
[0;32mI (4897) example: Turn on LCD backlight[0m
[0;32mI (4897) example: Initialize LVGL library[0m
[0;32mI (4897) example: Register display driver to LVGL[0m
[0;32mI (4907) example: Install LVGL tick timer[0m
[0;32mI (4907) TX_MHZ14A_TASK: Wrote 9 bytes[0m
[0;32mI (4907) bmx280: Probing for BMP280/BME280 sensors on I2C 0[0m
[0;31mE (4917) FreeRTOS: FreeRTOS Task "Sensor_Task" should not return, Aborting now![0m
[0;32mI (4917)
abort() was called at PC 0x4008c287 on core 0


Backtrace: 0x40081a3e:0x3ffdb270 0x4008b6a1:0x3ffdb290 0x400941f1:0x3ffdb2b0 0x4008c287:0x3ffdb320




ELF file SHA256: 6246e9316

Rebooting...
ets Jul 29 2019 12:21:46

rst:0xc (SW_CPU_RESET),boot:0x13 (SPI_FAST_FLASH_BOOT)
configsip: 0, SPIWP:0xee
clk_drv:0x00,q_drv:0x00,d_drv:0x00,cs0_drv:0x00,hd_drv:0x00,wp_drv:0x00
mode:DIO, clock div:2
load:0x3fff0030,len:7172
load:0x40078000,len:15540
load:0x40080400,len:4
ho 8 tail 4 room 4
load:0x40080404,len:3904
entry 0x40080640
[0;32mI (31) boot: ESP-IDF v5.2.1-dirty 2nd stage bootloader[0m
[0;32mI (31) boot: compile time Jun 25 2024 11:41:08[0m
[0;32mI (31) boot: Multicore bootloader[0m
[0;32mI (36) boot: chip revision: v3.1[0m
[0;32mI (40) boot.esp32: SPI Speed      : 40MHz[0m
[0;32mI (44) boot.esp32: SPI Mode       : DIO[0m
[0;32mI (49) boot.esp32: SPI Flash Size : 2MB[0m
[0;32mI (53) boot: Enabling RNG early entropy source...[0m
[0;32mI (59) boot: Partition Table:[0m
[0;32mI (62) boot: ## Label            Usage          Type ST Offset   Length[0m
[0;32mI (70) boot:  0 nvs              WiFi data        01 02 00009000 00006000[0m
[0;32mI (77) boot:  1 phy_init         RF data          01 01 0000f000 00001000[0m
[0;32mI (84) boot:  2 factory          factory app      00 00 00010000 00177000[0m
[0;32mI (92) boot: End of partition table[0m
[0;32mI (96) esp_image: segment 0: paddr=00010020 vaddr=3f400020 size=307cch (198604) map[0m
[0;32mI (173) esp_image: segment 1: paddr=000407f4 vaddr=3ffb0000 size=03e9ch ( 16028) load[0m
[0;32mI (179) esp_image: segment 2: paddr=00044698 vaddr=40080000 size=0b980h ( 47488) load[0m
[0;32mI (198) esp_image: segment 3: paddr=00050020 vaddr=400d0020 size=cc8e4h (837860) map[0m
[0;32mI (485) esp_image: segment 4: paddr=0011c90c vaddr=4008b980 size=0e654h ( 58964) load[0m
[0;32mI (521) boot: Loaded app from partition at offset 0x10000[0m
[0;32mI (521) boot: Disabling RNG early entropy source...[0m
[0;32mI (533) cpu_start: Multicore app[0m
[0;32mI (542) cpu_start: Pro cpu start user code[0m
[0;32mI (542) cpu_start: cpu freq: 160000000 Hz[0m
[0;32mI (542) cpu_start: Application information:[0m
[0;32mI (545) cpu_start: Project name:     main[0m
[0;32mI (550) cpu_start: App version:      1[0m
[0;32mI (554) cpu_start: Compile time:     Jun 25 2024 11:40:52[0m
[0;32mI (560) cpu_start: ELF file SHA256:  6246e9316...[0m
[0;32mI (565) cpu_start: ESP-IDF:          v5.2.1-dirty[0m
[0;32mI (571) cpu_start: Min chip rev:     v0.0[0m
[0;32mI (576) cpu_start: Max chip rev:     v3.99 [0m
[0;32mI (580) cpu_start: Chip rev:         v3.1[0m
[0;32mI (585) heap_init: Initializing. RAM available for dynamic allocation:[0m
[0;32mI (592) heap_init: At 3FFAE6E0 len 00001920 (6 KiB): DRAM[0m
[0;32mI (598) heap_init: At 3FFC0AF0 len 0001F510 (125 KiB): DRAM[0m
[0;32mI (605) heap_init: At 3FFE0440 len 00003AE0 (14 KiB): D/IRAM[0m
[0;32mI (611) heap_init: At 3FFE4350 len 0001BCB0 (111 KiB): D/IRAM[0m
[0;32mI (617) heap_init: At 40099FD4 len 0000602C (24 KiB): IRAM[0m
[0;32mI (625) spi_flash: detected chip: generic[0m
[0;32mI (628) spi_flash: flash io: dio[0m
[0;33mW (632) spi_flash: Detected size(4096k) larger than the size in the binary image header(2048k). Using the size in the binary image header.[0m
[0;33mW (646) i2c: This driver is an old driver, please migrate your application code to adapt `driver/i2c_master.h`[0m
[0;32mI (657) main_task: Started on CPU0[0m
[0;32mI (667) main_task: Calling app_main()[0m
I (707) wifi:wifi driver task: 3ffc8ac8, prio:23, stack:6656, core=0
I (727) wifi:wifi firmware version: a9f5b59
I (727) wifi:wifi certification version: v7.0
I (727) wifi:config NVS flash: enabled
I (727) wifi:config nano formating: disabled
I (727) wifi:Init data frame dynamic rx buffer num: 32
I (737) wifi:Init static rx mgmt buffer num: 5
I (737) wifi:Init management short buffer num: 32
I (737) wifi:Init dynamic tx buffer num: 32
I (747) wifi:Init static rx buffer size: 1600
I (747) wifi:Init static rx buffer num: 10
I (757) wifi:Init dynamic rx buffer num: 32
[0;32mI (757) wifi_init: rx ba win: 6[0m
[0;32mI (757) wifi_init: tcpip mbox: 32[0m
[0;32mI (767) wifi_init: udp mbox: 6[0m
[0;32mI (767) wifi_init: tcp mbox: 6[0m
[0;32mI (777) wifi_init: tcp tx win: 5760[0m
[0;32mI (777) wifi_init: tcp rx win: 5760[0m
[0;32mI (777) wifi_init: tcp mss: 1440[0m
[0;32mI (787) wifi_init: WiFi IRAM OP enabled[0m
[0;32mI (787) wifi_init: WiFi RX IRAM OP enabled[0m
[0;32mI (797) phy_init: phy_version 4791,2c4672b,Dec 20 2023,16:06:06[0m
I (887) wifi:mode : sta (b0:b2:1c:a7:ba:fc)
I (887) wifi:enable tsf
I (917) wifi:new:<1,0>, old:<1,0>, ap:<255,255>, sta:<1,0>, prof:1
I (917) wifi:state: init -> auth (b0)
I (927) wifi:state: auth -> init (8a0)
I (927) wifi:new:<1,0>, old:<1,0>, ap:<255,255>, sta:<1,0>, prof:1
I (3347) wifi:new:<1,0>, old:<1,0>, ap:<255,255>, sta:<1,0>, prof:1
I (3357) wifi:state: init -> auth (b0)
I (3397) wifi:state: auth -> assoc (0)
I (3477) wifi:state: assoc -> run (10)
I (3727) wifi:connected with Thanh Tam, aid = 4, channel 1, BW20, bssid = 10:39:4e:fd:17:30
I (3727) wifi:security: WPA2-PSK, phy: bgn, rssi: -69
I (3727) wifi:pm start, type: 1

I (3727) wifi:dp: 1, bi: 102400, li: 3, scale listen interval from 307200 us to 307200 us
I (3787) wifi:AP's beacon interval = 102400 us, DTIM period = 1
[0;32mI (4737) esp_netif_handlers: sta ip: 192.168.1.10, mask: 255.255.255.0, gw: 192.168.1.1[0m
[0;32mI (4747) example: Turn off LCD backlight[0m
[0;32mI (4747) gpio: GPIO[32]| InputEn: 0| OutputEn: 1| OpenDrain: 0| Pullup: 0| Pulldown: 0| Intr:0 [0m
[0;32mI (4747) example: Initialize SPI bus[0m
[0;32mI (4757) example: Install panel IO[0m
I (4757) wifi:<ba-add>idx:0 (ifx:0, 10:39:4e:fd:17:30), tid:0, ssn:5, winSize:64
[0;32mI (4767) gpio: GPIO[2]| InputEn: 0| OutputEn: 1| OpenDrain: 0| Pullup: 0| Pulldown: 0| Intr:0 [0m
[0;32mI (4777) example: Install ILI9341 panel driver[0m
[0;32mI (4777) gpio: GPIO[33]| InputEn: 0| OutputEn: 1| OpenDrain: 0| Pullup: 0| Pulldown: 0| Intr:0 [0m
[0;32mI (4787) ili9341: LCD panel create success, version: 1.2.0[0m
[0;32mI (4917) example: Turn on LCD backlight[0m
[0;32mI (4917) example: Initialize LVGL library[0m
[0;32mI (4917) example: Register display driver to LVGL[0m
[0;32mI (4927) example: Install LVGL tick timer[0m
[0;32mI (4927) TX_MHZ14A_TASK: Wrote 9 bytes[0m
[0;32mI (4927) bmx280: Probing for BMP280/BME280 sensors on I2C 0[0m
[0;31mE (4937) FreeRTOS: FreeRTOS Task "Sensor_Task" should not return, Aborting now![0m
[0;32mI (493
abort() was called at PC 0x4008c287 on core 0


Backtrace: 0x40081a3e:0x3ffdb940 0x4008b6a1:0x3ffdb960 0x400941f1:0x3ffdb980 0x4008c287:0x3ffdb9f0




ELF file SHA256: 6246e9316

Rebooting...
ets Jul 29 2019 12:21:46

rst:0xc (SW_CPU_RESET),boot:0x13 (SPI_FAST_FLASH_BOOT)
configsip: 0, SPIWP:0xee
clk_drv:0x00,q_drv:0x00,d_drv:0x00,cs0_drv:0x00,hd_drv:0x00,wp_drv:0x00
mode:DIO, clock div:2
load:0x3fff0030,len:7172
load:0x40078000,len:15540
load:0x40080400,len:4
ho 8 tail 4 room 4
load:0x40080404,len:3904
entry 0x40080640
[0;32mI (31) boot: ESP-IDF v5.2.1-dirty 2nd stage bootloader[0m
[0;32mI (31) boot: compile time Jun 25 2024 11:41:08[0m
[0;32mI (31) boot: Multicore bootloader[0m
[0;32mI (36) boot: chip revision: v3.1[0m
[0;32mI (40) boot.esp32: SPI Speed      : 40MHz[0m
[0;32mI (44) boot.esp32: SPI Mode       : DIO[0m
[0;32mI (49) boot.esp32: SPI Flash Size : 2MB[0m
[0;32mI (53) boot: Enabling RNG early entropy source...[0m
[0;32mI (59) boot: Partition Table:[0m
[0;32mI (62) boot: ## Label            Usage          Type ST Offset   Length[0m
[0;32mI (70) boot:  0 nvs              WiFi data        01 02 00009000 00006000[0m
[0;32mI (77) boot:  1 phy_init         RF data          01 01 0000f000 00001000[0m
[0;32mI (84) boot:  2 factory          factory app      00 00 00010000 00177000[0m
[0;32mI (92) boot: End of partition table[0m
[0;32mI (96) esp_image: segment 0: paddr=00010020 vaddr=3f400020 size=307cch (198604) map[0m
[0;32mI (173) esp_image: segment 1: paddr=000407f4 vaddr=3ffb0000 size=03e9ch ( 16028) load[0m
[0;32mI (179) esp_image: segment 2: paddr=00044698 vaddr=40080000 size=0b980h ( 47488) load[0m
[0;32mI (198) esp_image: segment 3: paddr=00050020 vaddr=400d0020 size=cc8e4h (837860) map[0m
[0;32mI (485) esp_image: segment 4: paddr=0011c90c vaddr=4008b980 size=0e654h ( 58964) load[0m
[0;32mI (521) boot: Loaded app from partition at offset 0x10000[0m
[0;32mI (521) boot: Disabling RNG early entropy source...[0m
[0;32mI (533) cpu_start: Multicore app[0m
[0;32mI (542) cpu_start: Pro cpu start user code[0m
[0;32mI (542) cpu_start: cpu freq: 160000000 Hz[0m
[0;32mI (542) cpu_start: Application information:[0m
[0;32mI (545) cpu_start: Project name:     main[0m
[0;32mI (550) cpu_start: App version:      1[0m
[0;32mI (554) cpu_start: Compile time:     Jun 25 2024 11:40:52[0m
[0;32mI (560) cpu_start: ELF file SHA256:  6246e9316...[0m
[0;32mI (565) cpu_start: ESP-IDF:          v5.2.1-dirty[0m
[0;32mI (571) cpu_start: Min chip rev:     v0.0[0m
[0;32mI (576) cpu_start: Max chip rev:     v3.99 [0m
[0;32mI (580) cpu_start: Chip rev:         v3.1[0m
[0;32mI (585) heap_init: Initializing. RAM available for dynamic allocation:[0m
[0;32mI (592) heap_init: At 3FFAE6E0 len 00001920 (6 KiB): DRAM[0m
[0;32mI (598) heap_init: At 3FFC0AF0 len 0001F510 (125 KiB): DRAM[0m
[0;32mI (605) heap_init: At 3FFE0440 len 00003AE0 (14 KiB): D/IRAM[0m
[0;32mI (611) heap_init: At 3FFE4350 len 0001BCB0 (111 KiB): D/IRAM[0m
[0;32mI (617) heap_init: At 40099FD4 len 0000602C (24 KiB): IRAM[0m
[0;32mI (625) spi_flash: detected chip: generic[0m
[0;32mI (628) spi_flash: flash io: dio[0m
[0;33mW (632) spi_flash: Detected size(4096k) larger than the size in the binary image header(2048k). Using the size in the binary image header.[0m
[0;33mW (646) i2c: This driver is an old driver, please migrate your application code to adapt `driver/i2c_master.h`[0m
[0;32mI (657) main_task: Started on CPU0[0m
[0;32mI (667) main_task: Calling app_main()[0m
I (707) wifi:wifi driver task: 3ffc8ac8, prio:23, stack:6656, core=0
I (727) wifi:wifi firmware version: a9f5b59
I (727) wifi:wifi certification version: v7.0
I (727) wifi:config NVS flash: enabled
I (727) wifi:config nano formating: disabled
I (727) wifi:Init data frame dynamic rx buffer num: 32
I (737) wifi:Init static rx mgmt buffer num: 5
I (737) wifi:Init management short buffer num: 32
I (737) wifi:Init dynamic tx buffer num: 32
I (747) wifi:Init static rx buffer size: 1600
I (747) wifi:Init static rx buffer num: 10
I (757) wifi:Init dynamic rx buffer num: 32
[0;32mI (757) wifi_init: rx ba win: 6[0m
[0;32mI (757) wifi_init: tcpip mbox: 32[0m
[0;32mI (767) wifi_init: udp mbox: 6[0m
[0;32mI (767) wifi_init: tcp mbox: 6[0m
[0;32mI (777) wifi_init: tcp tx win: 5760[0m
[0;32mI (777) wifi_init: tcp rx win: 5760[0m
[0;32mI (777) wifi_init: tcp mss: 1440[0m
[0;32mI (787) wifi_init: WiFi IRAM OP enabled[0m
[0;32mI (787) wifi_init: WiFi RX IRAM OP enabled[0m
[0;32mI (797) phy_init: phy_version 4791,2c4672b,Dec 20 2023,16:06:06[0m
I (887) wifi:mode : sta (b0:b2:1c:a7:ba:fc)
I (887) wifi:enable tsf
I (967) wifi:new:<1,0>, old:<1,0>, ap:<255,255>, sta:<1,0>, prof:1
I (967) wifi:state: init -> auth (b0)
I (987) wifi:state: auth -> init (8a0)
I (987) wifi:new:<1,0>, old:<1,0>, ap:<255,255>, sta:<1,0>, prof:1
I (3417) wifi:new:<1,0>, old:<1,0>, ap:<255,255>, sta:<1,0>, prof:1
I (3417) wifi:state: init -> auth (b0)
I (3487) wifi:state: auth -> assoc (0)
I (3547) wifi:state: assoc -> run (10)
I (3667) wifi:connected with Thanh Tam, aid = 4, channel 1, BW20, bssid = 10:39:4e:fd:17:30
I (3677) wifi:security: WPA2-PSK, phy: bgn, rssi: -66
I (3677) wifi:pm start, type: 1

I (3677) wifi:dp: 1, bi: 102400, li: 3, scale listen interval from 307200 us to 307200 us
I (3737) wifi:AP's beacon interval = 102400 us, DTIM period = 1
[0;32mI (4687) esp_netif_handlers: sta ip: 192.168.1.10, mask: 255.255.255.0, gw: 192.168.1.1[0m
[0;32mI (4697) example: Turn off LCD backlight[0m
[0;32mI (4697) gpio: GPIO[32]| InputEn: 0| OutputEn: 1| OpenDrain: 0| Pullup: 0| Pulldown: 0| Intr:0 [0m
[0;32mI (4697) example: Initialize SPI bus[0m
[0;32mI (4707) example: Install panel IO[0m
[0;32mI (4707) gpio: GPIO[2]| InputEn: 0| OutputEn: 1| OpenDrain: 0| Pullup: 0| Pulldown: 0| Intr:0 [0m
[0;32mI (4717) example: Install ILI9341 panel driver[0m
I (4717) wifi:<ba-add>idx:0 (ifx:0, 10:39:4e:fd:17:30), tid:0, ssn:5, winSize:64
[0;32mI (4727) gpio: GPIO[33]| InputEn: 0| OutputEn: 1| OpenDrain: 0| Pullup: 0| Pulldown: 0| Intr:0 [0m
[0;32mI (4737) ili9341: LCD panel create success, version: 1.2.0[0m
[0;32mI (4777) MQTT_PROJECT: MQTT_EVENT_CONNECTED[0m
[0;32mI (4867) example: Turn on LCD backlight[0m
[0;32mI (4867) example: Initialize LVGL library[0m
[0;32mI (4867) example: Register display driver to LVGL[0m
[0;32mI (4877) example: Install LVGL tick timer[0m
[0;32mI (4877) TX_MHZ14A_TASK: Wrote 9 bytes[0m
[0;32mI (4877) bmx280: Probing for BMP280/BME280 sensors on I2C 0[0m
[0;31mE (4887) FreeRTOS: FreeRTOS Task "Sensor_Task" should not return, Aborting now![0m
[0;32mI (488
abort() was called at PC 0x4008c287 on core 0


Backtrace: 0x40081a3e:0x3ffdb260 0x4008b6a1:0x3ffdb280 0x400941f1:0x3ffdb2a0 0x4008c287:0x3ffdb310




ELF file SHA256: 6246e9316

Rebooting...
ets Jul 29 2019 12:21:46

rst:0xc (SW_CPU_RESET),boot:0x13 (SPI_FAST_FLASH_BOOT)
configsip: 0, SPIWP:0xee
clk_drv:0x00,q_drv:0x00,d_drv:0x00,cs0_drv:0x00,hd_drv:0x00,wp_drv:0x00
mode:DIO, clock div:2
load:0x3fff0030,len:7172
load:0x40078000,len:15540
load:0x40080400,len:4
ho 8 tail 4 room 4
load:0x40080404,len:3904
entry 0x40080640
[0;32mI (31) boot: ESP-IDF v5.2.1-dirty 2nd stage bootloader[0m
[0;32mI (31) boot: compile time Jun 25 2024 11:41:08[0m
[0;32mI (31) boot: Multicore bootloader[0m
[0;32mI (36) boot: chip revision: v3.1[0m
[0;32mI (40) boot.esp32: SPI Speed      : 40MHz[0m
[0;32mI (44) boot.esp32: SPI Mode       : DIO[0m
[0;32mI (49) boot.esp32: SPI Flash Size : 2MB[0m
[0;32mI (53) boot: Enabling RNG early entropy source...[0m
[0;32mI (59) boot: Partition Table:[0m
[0;32mI (62) boot: ## Label            Usage          Type ST Offset   Length[0m
[0;32mI (70) boot:  0 nvs              WiFi data        01 02 00009000 00006000[0m
[0;32mI (77) boot:  1 phy_init         RF data          01 01 0000f000 00001000[0m
[0;32mI (84) boot:  2 factory          factory app      00 00 00010000 00177000[0m
[0;32mI (92) boot: End of partition table[0m
[0;32mI (96) esp_image: segment 0: paddr=00010020 vaddr=3f400020 size=307cch (198604) map[0m
[0;32mI (173) esp_image: segment 1: paddr=000407f4 vaddr=3ffb0000 size=03e9ch ( 16028) load[0m
[0;32mI (179) esp_image: segment 2: paddr=00044698 vaddr=40080000 size=0b980h ( 47488) load[0m
[0;32mI (198) esp_image: segment 3: paddr=00050020 vaddr=400d0020 size=cc8e4h (837860) map[0m
[0;32mI (485) esp_image: segment 4: paddr=0011c90c vaddr=4008b980 size=0e654h ( 58964) load[0m
[0;32mI (521) boot: Loaded app from partition at offset 0x10000[0m
[0;32mI (521) boot: Disabling RNG early entropy source...[0m
[0;32mI (533) cpu_start: Multicore app[0m
[0;32mI (542) cpu_start: Pro cpu start user code[0m
[0;32mI (542) cpu_start: cpu freq: 160000000 Hz[0m
[0;32mI (542) cpu_start: Application information:[0m
[0;32mI (545) cpu_start: Project name:     main[0m
[0;32mI (550) cpu_start: App version:      1[0m
[0;32mI (554) cpu_start: Compile time:     Jun 25 2024 11:40:52[0m
[0;32mI (560) cpu_start: ELF file SHA256:  6246e9316...[0m
[0;32mI (565) cpu_start: ESP-IDF:          v5.2.1-dirty[0m
[0;32mI (571) cpu_start: Min chip rev:     v0.0[0m
[0;32mI (576) cpu_start: Max chip rev:     v3.99 [0m
[0;32mI (580) cpu_start: Chip rev:         v3.1[0m
[0;32mI (585) heap_init: Initializing. RAM available for dynamic allocation:[0m
[0;32mI (592) heap_init: At 3FFAE6E0 len 00001920 (6 KiB): DRAM[0m
[0;32mI (598) heap_init: At 3FFC0AF0 len 0001F510 (125 KiB): DRAM[0m
[0;32mI (605) heap_init: At 3FFE0440 len 00003AE0 (14 KiB): D/IRAM[0m
[0;32mI (611) heap_init: At 3FFE4350 len 0001BCB0 (111 KiB): D/IRAM[0m
[0;32mI (617) heap_init: At 40099FD4 len 0000602C (24 KiB): IRAM[0m
[0;32mI (625) spi_flash: detected chip: generic[0m
[0;32mI (628) spi_flash: flash io: dio[0m
[0;33mW (632) spi_flash: Detected size(4096k) larger than the size in the binary image header(2048k). Using the size in the binary image header.[0m
[0;33mW (646) i2c: This driver is an old driver, please migrate your application code to adapt `driver/i2c_master.h`[0m
[0;32mI (657) main_task: Started on CPU0[0m
[0;32mI (667) main_task: Calling app_main()[0m
I (707) wifi:wifi driver task: 3ffc8ac8, prio:23, stack:6656, core=0
I (727) wifi:wifi firmware version: a9f5b59
I (727) wifi:wifi certification version: v7.0
I (727) wifi:config NVS flash: enabled
I (727) wifi:config nano formating: disabled
I (727) wifi:Init data frame dynamic rx buffer num: 32
I (737) wifi:Init static rx mgmt buffer num: 5
I (737) wifi:Init management short buffer num: 32
I (737) wifi:Init dynamic tx buffer num: 32
I (747) wifi:Init static rx buffer size: 1600
I (747) wifi:Init static rx buffer num: 10
I (757) wifi:Init dynamic rx buffer num: 32
[0;32mI (757) wifi_init: rx ba win: 6[0m
[0;32mI (757) wifi_init: tcpip mbox: 32[0m
[0;32mI (767) wifi_init: udp mbox: 6[0m
[0;32mI (767) wifi_init: tcp mbox: 6[0m
[0;32mI (777) wifi_init: tcp tx win: 5760[0m
[0;32mI (777) wifi_init: tcp rx win: 5760[0m
[0;32mI (777) wifi_init: tcp mss: 1440[0m
[0;32mI (787) wifi_init: WiFi IRAM OP enabled[0m
[0;32mI (787) wifi_init: WiFi RX IRAM OP enabled[0m
[0;32mI (797) phy_init: phy_version 4791,2c4672b,Dec 20 2023,16:06:06[0m
I (887) wifi:mode : sta (b0:b2:1c:a7:ba:fc)
I (887) wifi:enable tsf
I (897) wifi:new:<1,0>, old:<1,0>, ap:<255,255>, sta:<1,0>, prof:1
I (907) wifi:state: init -> auth (b0)
I (917) wifi:state: auth -> init (8a0)
I (917) wifi:new:<1,0>, old:<1,0>, ap:<255,255>, sta:<1,0>, prof:1
I (3347) wifi:new:<1,0>, old:<1,0>, ap:<255,255>, sta:<1,0>, prof:1
I (3347) wifi:state: init -> auth (b0)
I (3387) wifi:state: auth -> assoc (0)
I (3477) wifi:state: assoc -> run (10)
I (3607) wifi:connected with Thanh Tam, aid = 4, channel 1, BW20, bssid = 10:39:4e:fd:17:30
I (3607) wifi:security: WPA2-PSK, phy: bgn, rssi: -68
I (3617) wifi:pm start, type: 1

I (3617) wifi:dp: 1, bi: 102400, li: 3, scale listen interval from 307200 us to 307200 us
I (3627) wifi:AP's beacon interval = 102400 us, DTIM period = 1
[0;32mI (4627) esp_netif_handlers: sta ip: 192.168.1.10, mask: 255.255.255.0, gw: 192.168.1.1[0m
[0;32mI (4637) example: Turn off LCD backlight[0m
[0;32mI (4637) gpio: GPIO[32]| InputEn: 0| OutputEn: 1| OpenDrain: 0| Pullup: 0| Pulldown: 0| Intr:0 [0m
[0;32mI (4637) example: Initialize SPI bus[0m
[0;32mI (4647) example: Install panel IO[0m
[0;32mI (4647) gpio: GPIO[2]| InputEn: 0| OutputEn: 1| OpenDrain: 0| Pullup: 0| Pulldown: 0| Intr:0 [0m
I (4657) wifi:<ba-add>idx:0 (ifx:0, 10:39:4e:fd:17:30), tid:0, ssn:5, winSize:64
[0;32mI (4667) example: Install ILI9341 panel driver[0m
[0;32mI (4667) gpio: GPIO[33]| InputEn: 0| OutputEn: 1| OpenDrain: 0| Pullup: 0| Pulldown: 0| Intr:0 [0m
[0;32mI (4677) ili9341: LCD panel create success, version: 1.2.0[0m
[0;32mI (4717) MQTT_PROJECT: MQTT_EVENT_CONNECTED[0m
[0;32mI (4807) example: Turn on LCD backlight[0m
[0;32mI (4807) example: Initialize LVGL library[0m
[0;32mI (4807) example: Register display driver to LVGL[0m
[0;32mI (4817) example: Install LVGL tick timer[0m
[0;32mI (4817) TX_MHZ14A_TASK: Wrote 9 bytes[0m
[0;32mI (4817) bmx280: Probing for BMP280/BME280 sensors on I2C 0[0m
[0;31mE (4827) FreeRTOS: FreeRTOS Task "Sensor_Task" should not return, Aborting now![0m
[0;32mI (482
abort() was called at PC 0x4008c287 on core 0


Backtrace: 0x40081a3e:0x3ffdb260 0x4008b6a1:0x3ffdb280 0x400941f1:0x3ffdb2a0 0x4008c287:0x3ffdb310




ELF file SHA256: 6246e9316

Rebooting...
ets Jul 29 2019 12:21:46

rst:0xc (SW_CPU_RESET),boot:0x13 (SPI_FAST_FLASH_BOOT)
configsip: 0, SPIWP:0xee
clk_drv:0x00,q_drv:0x00,d_drv:0x00,cs0_drv:0x00,hd_drv:0x00,wp_drv:0x00
mode:DIO, clock div:2
load:0x3fff0030,len:7172
load:0x40078000,len:15540
load:0x40080400,len:4
ho 8 tail 4 room 4
load:0x40080404,len:3904
entry 0x40080640
[0;32mI (31) boot: ESP-IDF v5.2.1-dirty 2nd stage bootloader[0m
[0;32mI (31) boot: compile time Jun 25 2024 11:41:08[0m
[0;32mI (31) boot: Multicore bootloader[0m
[0;32mI (36) boot: chip revision: v3.1[0m
[0;32mI (40) boot.esp32: SPI Speed      : 40MHz[0m
[0;32mI (44) boot.esp32: SPI Mode       : DIO[0m
[0;32mI (49) boot.esp32: SPI Flash Size : 2MB[0m
[0;32mI (53) boot: Enabling RNG early entropy source...[0m
[0;32mI (59) boot: Partition Table:[0m
[0;32mI (62) boot: ## Label            Usage          Type ST Offset   Length[0m
[0;32mI (70) boot:  0 nvs              WiFi data        01 02 00009000 00006000[0m
[0;32mI (77) boot:  1 phy_init         RF data          01 01 0000f000 00001000[0m
[0;32mI (84) boot:  2 factory          factory app      00 00 00010000 00177000[0m
[0;32mI (92) boot: End of partition table[0m
[0;32mI (96) esp_image: segment 0: paddr=00010020 vaddr=3f400020 size=307cch (198604) map[0m
[0;32mI (173) esp_image: segment 1: paddr=000407f4 vaddr=3ffb0000 size=03e9ch ( 16028) load[0m
[0;32mI (179) esp_image: segment 2: paddr=00044698 vaddr=40080000 size=0b980h ( 47488) load[0m
[0;32mI (198) esp_image: segment 3: paddr=00050020 vaddr=400d0020 size=cc8e4h (837860) map[0m
[0;32mI (485) esp_image: segment 4: paddr=0011c90c vaddr=4008b980 size=0e654h ( 58964) load[0m
[0;32mI (521) boot: Loaded app from partition at offset 0x10000[0m
[0;32mI (521) boot: Disabling RNG early entropy source...[0m
[0;32mI (533) cpu_start: Multicore app[0m
[0;32mI (542) cpu_start: Pro cpu start user code[0m
[0;32mI (542) cpu_start: cpu freq: 160000000 Hz[0m
[0;32mI (542) cpu_start: Application information:[0m
[0;32mI (545) cpu_start: Project name:     main[0m
[0;32mI (550) cpu_start: App version:      1[0m
[0;32mI (554) cpu_start: Compile time:     Jun 25 2024 11:40:52[0m
[0;32mI (560) cpu_start: ELF file SHA256:  6246e9316...[0m
[0;32mI (565) cpu_start: ESP-IDF:          v5.2.1-dirty[0m
[0;32mI (571) cpu_start: Min chip rev:     v0.0[0m
[0;32mI (576) cpu_start: Max chip rev:     v3.99 [0m
[0;32mI (580) cpu_start: Chip rev:         v3.1[0m
[0;32mI (585) heap_init: Initializing. RAM available for dynamic allocation:[0m
[0;32mI (592) heap_init: At 3FFAE6E0 len 00001920 (6 KiB): DRAM[0m
[0;32mI (598) heap_init: At 3FFC0AF0 len 0001F510 (125 KiB): DRAM[0m
[0;32mI (605) heap_init: At 3FFE0440 len 00003AE0 (14 KiB): D/IRAM[0m
[0;32mI (611) heap_init: At 3FFE4350 len 0001BCB0 (111 KiB): D/IRAM[0m
[0;32mI (617) heap_init: At 40099FD4 len 0000602C (24 KiB): IRAM[0m
[0;32mI (625) spi_flash: detected chip: generic[0m
[0;32mI (628) spi_flash: flash io: dio[0m
[0;33mW (632) spi_flash: Detected size(4096k) larger than the size in the binary image header(2048k). Using the size in the binary image header.[0m
[0;33mW (646) i2c: This driver is an old driver, please migrate your application code to adapt `driver/i2c_master.h`[0m
[0;32mI (657) main_task: Started on CPU0[0m
[0;32mI (667) main_task: Calling app_main()[0m
I (707) wifi:wifi driver task: 3ffc8ac8, prio:23, stack:6656, core=0
I (727) wifi:wifi firmware version: a9f5b59
I (727) wifi:wifi certification version: v7.0
I (727) wifi:config NVS flash: enabled
I (727) wifi:config nano formating: disabled
I (727) wifi:Init data frame dynamic rx buffer num: 32
I (737) wifi:Init static rx mgmt buffer num: 5
I (737) wifi:Init management short buffer num: 32
I (737) wifi:Init dynamic tx buffer num: 32
I (747) wifi:Init static rx buffer size: 1600
I (747) wifi:Init static rx buffer num: 10
I (757) wifi:Init dynamic rx buffer num: 32
[0;32mI (757) wifi_init: rx ba win: 6[0m
[0;32mI (757) wifi_init: tcpip mbox: 32[0m
[0;32mI (767) wifi_init: udp mbox: 6[0m
[0;32mI (767) wifi_init: tcp mbox: 6[0m
[0;32mI (777) wifi_init: tcp tx win: 5760[0m
[0;32mI (777) wifi_init: tcp rx win: 5760[0m
[0;32mI (777) wifi_init: tcp mss: 1440[0m
[0;32mI (787) wifi_init: WiFi IRAM OP enabled[0m
[0;32mI (787) wifi_init: WiFi RX IRAM OP enabled[0m
[0;32mI (797) phy_init: phy_version 4791,2c4672b,Dec 20 2023,16:06:06[0m
I (887) wifi:mode : sta (b0:b2:1c:a7:ba:fc)
I (887) wifi:enable tsf
I (907) wifi:new:<1,0>, old:<1,0>, ap:<255,255>, sta:<1,0>, prof:1
I (907) wifi:state: init -> auth (b0)
I (927) wifi:state: auth -> init (8a0)
I (927) wifi:new:<1,0>, old:<1,0>, ap:<255,255>, sta:<1,0>, prof:1
I (3347) wifi:new:<1,0>, old:<1,0>, ap:<255,255>, sta:<1,0>, prof:1
I (3347) wifi:state: init -> auth (b0)
I (3417) wifi:state: auth -> assoc (0)
I (4427) wifi:state: assoc -> init (2700)
I (4427) wifi:new:<1,0>, old:<1,0>, ap:<255,255>, sta:<1,0>, prof:1
I (6847) wifi:new:<1,0>, old:<1,0>, ap:<255,255>, sta:<1,0>, prof:1
I (6847) wifi:state: init -> auth (b0)
I (6907) wifi:state: auth -> assoc (0)
I (6967) wifi:state: assoc -> run (10)
I (7097) wifi:connected with Thanh Tam, aid = 4, channel 1, BW20, bssid = 10:39:4e:fd:17:30
I (7097) wifi:security: WPA2-PSK, phy: bgn, rssi: -66
I (7107) wifi:pm start, type: 1

I (7107) wifi:dp: 1, bi: 102400, li: 3, scale listen interval from 307200 us to 307200 us
I (7147) wifi:AP's beacon interval = 102400 us, DTIM period = 1
[0;32mI (8117) esp_netif_handlers: sta ip: 192.168.1.10, mask: 255.255.255.0, gw: 192.168.1.1[0m
[0;32mI (8127) example: Turn off LCD backlight[0m
[0;32mI (8127) gpio: GPIO[32]| InputEn: 0| OutputEn: 1| OpenDrain: 0| Pullup: 0| Pulldown: 0| Intr:0 [0m
[0;32mI (8127) example: Initialize SPI bus[0m
[0;32mI (8137) example: Install panel IO[0m
I (8137) wifi:<ba-add>idx:0 (ifx:0, 10:39:4e:fd:17:30), tid:0, ssn:6, winSize:64
[0;32mI (8147) gpio: GPIO[2]| InputEn: 0| OutputEn: 1| OpenDrain: 0| Pullup: 0| Pulldown: 0| Intr:0 [0m
[0;32mI (8157) example: Install ILI9341 panel driver[0m
[0;32mI (8157) gpio: GPIO[33]| InputEn: 0| OutputEn: 1| OpenDrain: 0| Pullup: 0| Pulldown: 0| Intr:0 [0m
[0;32mI (8167) ili9341: LCD panel create success, version: 1.2.0[0m
[0;32mI (8217) MQTT_PROJECT: MQTT_EVENT_CONNECTED[0m
[0;32mI (8297) example: Turn on LCD backlight[0m
[0;32mI (8297) example: Initialize LVGL library[0m
[0;32mI (8297) example: Register display driver to LVGL[0m
[0;32mI (8307) example: Install LVGL tick timer[0m
[0;32mI (8307) TX_MHZ14A_TASK: Wrote 9 bytes[0m
[0;32mI (8307) bmx280: Probing for BMP280/BME280 sensors on I2C 0[0m
[0;31mE (8317) FreeRTOS: FreeRTOS Task "Sensor_Task" should not return, Aborting now![0m
[0;
abort() was called at PC 0x4008c287 on core 0


Backtrace: 0x40081a3e:0x3ffdb2e0 0x4008b6a1:0x3ffdb300 0x400941f1:0x3ffdb320 0x4008c287:0x3ffdb390




ELF file SHA256: 6246e9316

Rebooting...
ets Jul 29 2019 12:21:46

rst:0xc (SW_CPU_RESET),boot:0x13 (SPI_FAST_FLASH_BOOT)
configsip: 0, SPIWP:0xee
clk_drv:0x00,q_drv:0x00,d_drv:0x00,cs0_drv:0x00,hd_drv:0x00,wp_drv:0x00
mode:DIO, clock div:2
load:0x3fff0030,len:7172
load:0x40078000,len:15540
load:0x40080400,len:4
ho 8 tail 4 room 4
load:0x40080404,len:3904
entry 0x40080640
[0;32mI (31) boot: ESP-IDF v5.2.1-dirty 2nd stage bootloader[0m
[0;32mI (31) boot: compile time Jun 25 2024 11:41:08[0m
[0;32mI (31) boot: Multicore bootloader[0m
[0;32mI (36) boot: chip revision: v3.1[0m
[0;32mI (40) boot.esp32: SPI Speed      : 40MHz[0m
[0;32mI (44) boot.esp32: SPI Mode       : DIO[0m
[0;32mI (49) boot.esp32: SPI Flash Size : 2MB[0m
[0;32mI (53) boot: Enabling RNG early entropy source...[0m
[0;32mI (59) boot: Partition Table:[0m
[0;32mI (62) boot: ## Label            Usage          Type ST Offset   Length[0m
[0;32mI (70) boot:  0 nvs              WiFi data        01 02 00009000 00006000[0m
[0;32mI (77) boot:  1 phy_init         RF data          01 01 0000f000 00001000[0m
[0;32mI (84) boot:  2 factory          factory app      00 00 00010000 00177000[0m
[0;32mI (92) boot: End of partition table[0m
[0;32mI (96) esp_image: segment 0: paddr=00010020 vaddr=3f400020 size=307cch (198604) map[0m
[0;32mI (173) esp_image: segment 1: paddr=000407f4 vaddr=3ffb0000 size=03e9ch ( 16028) load[0m
[0;32mI (179) esp_image: segment 2: paddr=00044698 vaddr=40080000 size=0b980h ( 47488) load[0m
[0;32mI (198) esp_image: segment 3: paddr=00050020 vaddr=400d0020 size=cc8e4h (837860) map[0m
[0;32mI (485) esp_image: segment 4: paddr=0011c90c vaddr=4008b980 size=0e654h ( 58964) load[0m
[0;32mI (521) boot: Loaded app from partition at offset 0x10000[0m
[0;32mI (521) boot: Disabling RNG early entropy source...[0m
[0;32mI (533) cpu_start: Multicore app[0m
[0;32mI (542) cpu_start: Pro cpu start user code[0m
[0;32mI (542) cpu_start: cpu freq: 160000000 Hz[0m
[0;32mI (542) cpu_start: Application information:[0m
[0;32mI (545) cpu_start: Project name:     main[0m
[0;32mI (550) cpu_start: App version:      1[0m
[0;32mI (554) cpu_start: Compile time:     Jun 25 2024 11:40:52[0m
[0;32mI (560) cpu_start: ELF file SHA256:  6246e9316...[0m
[0;32mI (565) cpu_start: ESP-IDF:          v5.2.1-dirty[0m
[0;32mI (571) cpu_start: Min chip rev:     v0.0[0m
[0;32mI (576) cpu_start: Max chip rev:     v3.99 [0m
[0;32mI (580) cpu_start: Chip rev:         v3.1[0m
[0;32mI (585) heap_init: Initializing. RAM available for dynamic allocation:[0m
[0;32mI (592) heap_init: At 3FFAE6E0 len 00001920 (6 KiB): DRAM[0m
[0;32mI (598) heap_init: At 3FFC0AF0 len 0001F510 (125 KiB): DRAM[0m
[0;32mI (605) heap_init: At 3FFE0440 len 00003AE0 (14 KiB): D/IRAM[0m
[0;32mI (611) heap_init: At 3FFE4350 len 0001BCB0 (111 KiB): D/IRAM[0m
[0;32mI (617) heap_init: At 40099FD4 len 0000602C (24 KiB): IRAM[0m
[0;32mI (625) spi_flash: detected chip: generic[0m
[0;32mI (628) spi_flash: flash io: dio[0m
[0;33mW (632) spi_flash: Detected size(4096k) larger than the size in the binary image header(2048k). Using the size in the binary image header.[0m
[0;33mW (646) i2c: This driver is an old driver, please migrate your application code to adapt `driver/i2c_master.h`[0m
[0;32mI (657) main_task: Started on CPU0[0m
[0;32mI (667) main_task: Calling app_main()[0m
I (707) wifi:wifi driver task: 3ffc8ac8, prio:23, stack:6656, core=0
I (727) wifi:wifi firmware version: a9f5b59
I (727) wifi:wifi certification version: v7.0
I (727) wifi:config NVS flash: enabled
I (727) wifi:config nano formating: disabled
I (727) wifi:Init data frame dynamic rx buffer num: 32
I (737) wifi:Init static rx mgmt buffer num: 5
I (737) wifi:Init management short buffer num: 32
I (737) wifi:Init dynamic tx buffer num: 32
I (747) wifi:Init static rx buffer size: 1600
I (747) wifi:Init static rx buffer num: 10
I (757) wifi:Init dynamic rx buffer num: 32
[0;32mI (757) wifi_init: rx ba win: 6[0m
[0;32mI (757) wifi_init: tcpip mbox: 32[0m
[0;32mI (767) wifi_init: udp mbox: 6[0m
[0;32mI (767) wifi_init: tcp mbox: 6[0m
[0;32mI (777) wifi_init: tcp tx win: 5760[0m
[0;32mI (777) wifi_init: tcp rx win: 5760[0m
[0;32mI (777) wifi_init: tcp mss: 1440[0m
[0;32mI (787) wifi_init: WiFi IRAM OP enabled[0m
[0;32mI (787) wifi_init: WiFi RX IRAM OP enabled[0m
[0;32mI (797) phy_init: phy_version 4791,2c4672b,Dec 20 2023,16:06:06[0m
I (887) wifi:mode : sta (b0:b2:1c:a7:ba:fc)
I (887) wifi:enable tsf
I (907) wifi:new:<1,0>, old:<1,0>, ap:<255,255>, sta:<1,0>, prof:1
I (907) wifi:state: init -> auth (b0)
I (947) wifi:state: auth -> init (8a0)
I (947) wifi:new:<1,0>, old:<1,0>, ap:<255,255>, sta:<1,0>, prof:1
I (3377) wifi:new:<1,0>, old:<1,0>, ap:<255,255>, sta:<1,0>, prof:1
I (3377) wifi:state: init -> auth (b0)
I (3437) wifi:state: auth -> assoc (0)
I (3507) wifi:state: assoc -> run (10)
I (3657) wifi:connected with Thanh Tam, aid = 4, channel 1, BW20, bssid = 10:39:4e:fd:17:30
I (3657) wifi:security: WPA2-PSK, phy: bgn, rssi: -68
I (3667) wifi:pm start, type: 1

I (3667) wifi:dp: 1, bi: 102400, li: 3, scale listen interval from 307200 us to 307200 us
I (3707) wifi:AP's beacon interval = 102400 us, DTIM period = 1
[0;32mI (4677) esp_netif_handlers: sta ip: 192.168.1.10, mask: 255.255.255.0, gw: 192.168.1.1[0m
[0;32mI (4687) example: Turn off LCD backlight[0m
[0;32mI (4687) gpio: GPIO[32]| InputEn: 0| OutputEn: 1| OpenDrain: 0| Pullup: 0| Pulldown: 0| Intr:0 [0m
[0;32mI (4687) example: Initialize SPI bus[0m
[0;32mI (4697) example: Install panel IO[0m
[0;32mI (4697) gpio: GPIO[2]| InputEn: 0| OutputEn: 1| OpenDrain: 0| Pullup: 0| Pulldown: 0| Intr:0 [0m
[0;32mI (4707) example: Install ILI9341 panel driver[0m
[0;32mI (4707) gpio: GPIO[33]| InputEn: 0| OutputEn: 1| OpenDrain: 0| Pullup: 0| Pulldown: 0| Intr:0 [0m
I (4717) wifi:<ba-add>idx:0 (ifx:0, 10:39:4e:fd:17:30), tid:0, ssn:4, winSize:64
[0;32mI (4727) ili9341: LCD panel create success, version: 1.2.0[0m
[0;32mI (4807) MQTT_PROJECT: MQTT_EVENT_CONNECTED[0m
[0;32mI (4857) example: Turn on LCD backlight[0m
[0;32mI (4857) example: Initialize LVGL library[0m
[0;32mI (4857) example: Register display driver to LVGL[0m
[0;32mI (4867) example: Install LVGL tick timer[0m
[0;32mI (4867) TX_MHZ14A_TASK: Wrote 9 bytes[0m
[0;32mI (4867) bmx280: Probing for BMP280/BME280 sensors on I2C 0[0m
[0;31mE (4877) FreeRTOS: FreeRTOS Task "Sensor_Task" should not return, Aborting now![0m
[
abort() was called at PC 0x4008c287 on core 0


Backtrace: 0x40081a3e:0x3ffdb300 0x4008b6a1:0x3ffdb320 0x400941f1:0x3ffdb340 0x4008c287:0x3ffdb3b0




ELF file SHA256: 6246e9316

Rebooting...
ets Jul 29 2019 12:21:46

rst:0xc (SW_CPU_RESET),boot:0x13 (SPI_FAST_FLASH_BOOT)
configsip: 0, SPIWP:0xee
clk_drv:0x00,q_drv:0x00,d_drv:0x00,cs0_drv:0x00,hd_drv:0x00,wp_drv:0x00
mode:DIO, clock div:2
load:0x3fff0030,len:7172
load:0x40078000,len:15540
load:0x40080400,len:4
ho 8 tail 4 room 4
load:0x40080404,len:3904
entry 0x40080640
[0;32mI (31) boot: ESP-IDF v5.2.1-dirty 2nd stage bootloader[0m
[0;32mI (31) boot: compile time Jun 25 2024 11:41:08[0m
[0;32mI (31) boot: Multicore bootloader[0m
[0;32mI (36) boot: chip revision: v3.1[0m
[0;32mI (40) boot.esp32: SPI Speed      : 40MHz[0m
[0;32mI (44) boot.esp32: SPI Mode       : DIO[0m
[0;32mI (49) boot.esp32: SPI Flash Size : 2MB[0m
[0;32mI (53) boot: Enabling RNG early entropy source...[0m
[0;32mI (59) boot: Partition Table:[0m
[0;32mI (62) boot: ## Label            Usage          Type ST Offset   Length[0m
[0;32mI (70) boot:  0 nvs              WiFi data        01 02 00009000 00006000[0m
[0;32mI (77) boot:  1 phy_init         RF data          01 01 0000f000 00001000[0m
[0;32mI (84) boot:  2 factory          factory app      00 00 00010000 00177000[0m
[0;32mI (92) boot: End of partition table[0m
[0;32mI (96) esp_image: segment 0: paddr=00010020 vaddr=3f400020 size=307cch (198604) map[0m
[0;32mI (173) esp_image: segment 1: paddr=000407f4 vaddr=3ffb0000 size=03e9ch ( 16028) load[0m
[0;32mI (179) esp_image: segment 2: paddr=00044698 vaddr=40080000 size=0b980h ( 47488) load[0m
[0;32mI (198) esp_image: segment 3: paddr=00050020 vaddr=400d0020 size=cc8e4h (837860) map[0m
[0;32mI (485) esp_image: segment 4: paddr=0011c90c vaddr=4008b980 size=0e654h ( 58964) load[0m
[0;32mI (521) boot: Loaded app from partition at offset 0x10000[0m
[0;32mI (521) boot: Disabling RNG early entropy source...[0m
[0;32mI (533) cpu_start: Multicore app[0m
[0;32mI (542) cpu_start: Pro cpu start user code[0m
[0;32mI (542) cpu_start: cpu freq: 160000000 Hz[0m
[0;32mI (542) cpu_start: Application information:[0m
[0;32mI (545) cpu_start: Project name:     main[0m
[0;32mI (550) cpu_start: App version:      1[0m
[0;32mI (554) cpu_start: Compile time:     Jun 25 2024 11:40:52[0m
[0;32mI (560) cpu_start: ELF file SHA256:  6246e9316...[0m
[0;32mI (565) cpu_start: ESP-IDF:          v5.2.1-dirty[0m
[0;32mI (571) cpu_start: Min chip rev:     v0.0[0m
[0;32mI (576) cpu_start: Max chip rev:     v3.99 [0m
[0;32mI (580) cpu_start: Chip rev:         v3.1[0m
[0;32mI (585) heap_init: Initializing. RAM available for dynamic allocation:[0m
[0;32mI (592) heap_init: At 3FFAE6E0 len 00001920 (6 KiB): DRAM[0m
[0;32mI (598) heap_init: At 3FFC0AF0 len 0001F510 (125 KiB): DRAM[0m
[0;32mI (605) heap_init: At 3FFE0440 len 00003AE0 (14 KiB): D/IRAM[0m
[0;32mI (611) heap_init: At 3FFE4350 len 0001BCB0 (111 KiB): D/IRAM[0m
[0;32mI (617) heap_init: At 40099FD4 len 0000602C (24 KiB): IRAM[0m
[0;32mI (625) spi_flash: detected chip: generic[0m
[0;32mI (628) spi_flash: flash io: dio[0m
[0;33mW (632) spi_flash: Detected size(4096k) larger than the size in the binary image header(2048k). Using the size in the binary image header.[0m
[0;33mW (646) i2c: This driver is an old driver, please migrate your application code to adapt `driver/i2c_master.h`[0m
[0;32mI (657) main_task: Started on CPU0[0m
[0;32mI (667) main_task: Calling app_main()[0m
I (707) wifi:wifi driver task: 3ffc8ac8, prio:23, stack:6656, core=0
I (727) wifi:wifi firmware version: a9f5b59
I (727) wifi:wifi certification version: v7.0
I (727) wifi:config NVS flash: enabled
I (727) wifi:config nano formating: disabled
I (727) wifi:Init data frame dynamic rx buffer num: 32
I (737) wifi:Init static rx mgmt buffer num: 5
I (737) wifi:Init management short buffer num: 32
I (737) wifi:Init dynamic tx buffer num: 32
I (747) wifi:Init static rx buffer size: 1600
I (747) wifi:Init static rx buffer num: 10
I (757) wifi:Init dynamic rx buffer num: 32
[0;32mI (757) wifi_init: rx ba win: 6[0m
[0;32mI (757) wifi_init: tcpip mbox: 32[0m
[0;32mI (767) wifi_init: udp mbox: 6[0m
[0;32mI (767) wifi_init: tcp mbox: 6[0m
[0;32mI (777) wifi_init: tcp tx win: 5760[0m
[0;32mI (777) wifi_init: tcp rx win: 5760[0m
[0;32mI (777) wifi_init: tcp mss: 1440[0m
[0;32mI (787) wifi_init: WiFi IRAM OP enabled[0m
[0;32mI (787) wifi_init: WiFi RX IRAM OP enabled[0m
[0;32mI (797) phy_init: phy_version 4791,2c4672b,Dec 20 2023,16:06:06[0m
I (887) wifi:mode : sta (b0:b2:1c:a7:ba:fc)
I (887) wifi:enable tsf
I (907) wifi:new:<1,0>, old:<1,0>, ap:<255,255>, sta:<1,0>, prof:1
I (907) wifi:state: init -> auth (b0)
I (917) wifi:state: auth -> init (8a0)
I (917) wifi:new:<1,0>, old:<1,0>, ap:<255,255>, sta:<1,0>, prof:1
I (3367) wifi:new:<1,0>, old:<1,0>, ap:<255,255>, sta:<1,0>, prof:1
I (3367) wifi:state: init -> auth (b0)
I (3427) wifi:state: auth -> assoc (0)
I (3497) wifi:state: assoc -> run (10)
I (3647) wifi:connected with Thanh Tam, aid = 4, channel 1, BW20, bssid = 10:39:4e:fd:17:30
I (3647) wifi:security: WPA2-PSK, phy: bgn, rssi: -69
I (3647) wifi:pm start, type: 1

I (3647) wifi:dp: 1, bi: 102400, li: 3, scale listen interval from 307200 us to 307200 us
I (3707) wifi:AP's beacon interval = 102400 us, DTIM period = 1
[0;32mI (4657) esp_netif_handlers: sta ip: 192.168.1.10, mask: 255.255.255.0, gw: 192.168.1.1[0m
[0;32mI (4667) example: Turn off LCD backlight[0m
[0;32mI (4667) gpio: GPIO[32]| InputEn: 0| OutputEn: 1| OpenDrain: 0| Pullup: 0| Pulldown: 0| Intr:0 [0m
[0;32mI (4667) example: Initialize SPI bus[0m
[0;32mI (4677) example: Install panel IO[0m
[0;32mI (4677) gpio: GPIO[2]| InputEn: 0| OutputEn: 1| OpenDrain: 0| Pullup: 0| Pulldown: 0| Intr:0 [0m
[0;32mI (4687) example: Install ILI9341 panel driver[0m
[0;32mI (4687) gpio: GPIO[33]| InputEn: 0| OutputEn: 1| OpenDrain: 0| Pullup: 0| Pulldown: 0| Intr:0 [0m
I (4697) wifi:<ba-add>idx:0 (ifx:0, 10:39:4e:fd:17:30), tid:0, ssn:5, winSize:64
[0;32mI (4707) ili9341: LCD panel create success, version: 1.2.0[0m
[0;32mI (4747) MQTT_PROJECT: MQTT_EVENT_CONNECTED[0m
[0;32mI (4837) example: Turn on LCD backlight[0m
[0;32mI (4837) example: Initialize LVGL library[0m
[0;32mI (4837) example: Register display driver to LVGL[0m
[0;32mI (4847) example: Install LVGL tick timer[0m
[0;32mI (4847) TX_MHZ14A_TASK: Wrote 9 bytes[0m
[0;32mI (4847) bmx280: Probing for BMP280/BME280 sensors on I2C 0[0m
[0;31mE (4857) FreeRTOS: FreeRTOS Task "Sensor_Task" should not return, Aborting now![0m
[0;32mI (4857) 
abort() was called at PC 0x4008c287 on core 0


Backtrace: 0x40081a3e:0x3ffdb250 0x4008b6a1:0x3ffdb270 0x400941f1:0x3ffdb290 0x4008c287:0x3ffdb300




ELF file SHA256: 6246e9316

Rebooting...
ets Jul 29 2019 12:21:46

rst:0xc (SW_CPU_RESET),boot:0x13 (SPI_FAST_FLASH_BOOT)
configsip: 0, SPIWP:0xee
clk_drv:0x00,q_drv:0x00,d_drv:0x00,cs0_drv:0x00,hd_drv:0x00,wp_drv:0x00
mode:DIO, clock div:2
load:0x3fff0030,len:7172
load:0x40078000,len:15540
load:0x40080400,len:4
ho 8 tail 4 room 4
load:0x40080404,len:3904
entry 0x40080640
[0;32mI (31) boot: ESP-IDF v5.2.1-dirty 2nd stage bootloader[0m
[0;32mI (31) boot: compile time Jun 25 2024 11:41:08[0m
[0;32mI (31) boot: Multicore bootloader[0m
[0;32mI (36) boot: chip revision: v3.1[0m
[0;32mI (40) boot.esp32: SPI Speed      : 40MHz[0m
[0;32mI (44) boot.esp32: SPI Mode       : DIO[0m
[0;32mI (49) boot.esp32: SPI Flash Size : 2MB[0m
[0;32mI (53) boot: Enabling RNG early entropy source...[0m
[0;32mI (59) boot: Partition Table:[0m
[0;32mI (62) boot: ## Label            Usage          Type ST Offset   Length[0m
[0;32mI (70) boot:  0 nvs              WiFi data        01 02 00009000 00006000[0m
[0;32mI (77) boot:  1 phy_init         RF data          01 01 0000f000 00001000[0m
[0;32mI (84) boot:  2 factory          factory app      00 00 00010000 00177000[0m
[0;32mI (92) boot: End of partition table[0m
[0;32mI (96) esp_image: segment 0: paddr=00010020 vaddr=3f400020 size=307cch (198604) map[0m
[0;32mI (173) esp_image: segment 1: paddr=000407f4 vaddr=3ffb0000 size=03e9ch ( 16028) load[0m
[0;32mI (179) esp_image: segment 2: paddr=00044698 vaddr=40080000 size=0b980h ( 47488) load[0m
[0;32mI (198) esp_image: segment 3: paddr=00050020 vaddr=400d0020 size=cc8e4h (837860) map[0m
[0;32mI (485) esp_image: segment 4: paddr=0011c90c vaddr=4008b980 size=0e654h ( 58964) load[0m
[0;32mI (521) boot: Loaded app from partition at offset 0x10000[0m
[0;32mI (521) boot: Disabling RNG early entropy source...[0m
[0;32mI (533) cpu_start: Multicore app[0m
[0;32mI (542) cpu_start: Pro cpu start user code[0m
[0;32mI (542) cpu_start: cpu freq: 160000000 Hz[0m
[0;32mI (542) cpu_start: Application information:[0m
[0;32mI (545) cpu_start: Project name:     main[0m
[0;32mI (550) cpu_start: App version:      1[0m
[0;32mI (554) cpu_start: Compile time:     Jun 25 2024 11:40:52[0m
[0;32mI (560) cpu_start: ELF file SHA256:  6246e9316...[0m
[0;32mI (565) cpu_start: ESP-IDF:          v5.2.1-dirty[0m
[0;32mI (571) cpu_start: Min chip rev:     v0.0[0m
[0;32mI (576) cpu_start: Max chip rev:     v3.99 [0m
[0;32mI (580) cpu_start: Chip rev:         v3.1[0m
[0;32mI (585) heap_init: Initializing. RAM available for dynamic allocation:[0m
[0;32mI (592) heap_init: At 3FFAE6E0 len 00001920 (6 KiB): DRAM[0m
[0;32mI (598) heap_init: At 3FFC0AF0 len 0001F510 (125 KiB): DRAM[0m
[0;32mI (605) heap_init: At 3FFE0440 len 00003AE0 (14 KiB): D/IRAM[0m
[0;32mI (611) heap_init: At 3FFE4350 len 0001BCB0 (111 KiB): D/IRAM[0m
[0;32mI (617) heap_init: At 40099FD4 len 0000602C (24 KiB): IRAM[0m
[0;32mI (625) spi_flash: detected chip: generic[0m
[0;32mI (628) spi_flash: flash io: dio[0m
[0;33mW (632) spi_flash: Detected size(4096k) larger than the size in the binary image header(2048k). Using the size in the binary image header.[0m
[0;33mW (646) i2c: This driver is an old driver, please migrate your application code to adapt `driver/i2c_master.h`[0m
[0;32mI (657) main_task: Started on CPU0[0m
[0;32mI (667) main_task: Calling app_main()[0m
I (707) wifi:wifi driver task: 3ffc8ac8, prio:23, stack:6656, core=0
I (727) wifi:wifi firmware version: a9f5b59
I (727) wifi:wifi certification version: v7.0
I (727) wifi:config NVS flash: enabled
I (727) wifi:config nano formating: disabled
I (727) wifi:Init data frame dynamic rx buffer num: 32
I (737) wifi:Init static rx mgmt buffer num: 5
I (737) wifi:Init management short buffer num: 32
I (737) wifi:Init dynamic tx buffer num: 32
I (747) wifi:Init static rx buffer size: 1600
I (747) wifi:Init static rx buffer num: 10
I (757) wifi:Init dynamic rx buffer num: 32
[0;32mI (757) wifi_init: rx ba win: 6[0m
[0;32mI (757) wifi_init: tcpip mbox: 32[0m
[0;32mI (767) wifi_init: udp mbox: 6[0m
[0;32mI (767) wifi_init: tcp mbox: 6[0m
[0;32mI (777) wifi_init: tcp tx win: 5760[0m
[0;32mI (777) wifi_init: tcp rx win: 5760[0m
[0;32mI (777) wifi_init: tcp mss: 1440[0m
[0;32mI (787) wifi_init: WiFi IRAM OP enabled[0m
[0;32mI (787) wifi_init: WiFi RX IRAM OP enabled[0m
[0;32mI (797) phy_init: phy_version 4791,2c4672b,Dec 20 2023,16:06:06[0m
I (887) wifi:mode : sta (b0:b2:1c:a7:ba:fc)
I (887) wifi:enable tsf
I (907) wifi:new:<1,0>, old:<1,0>, ap:<255,255>, sta:<1,0>, prof:1
I (907) wifi:state: init -> auth (b0)
I (917) wifi:state: auth -> init (8a0)
I (917) wifi:new:<1,0>, old:<1,0>, ap:<255,255>, sta:<1,0>, prof:1
I (3347) wifi:new:<1,0>, old:<1,0>, ap:<255,255>, sta:<1,0>, prof:1
I (3347) wifi:state: init -> auth (b0)
I (3397) wifi:state: auth -> assoc (0)
I (3457) wifi:state: assoc -> run (10)
I (3607) wifi:connected with Thanh Tam, aid = 4, channel 1, BW20, bssid = 10:39:4e:fd:17:30
I (3607) wifi:security: WPA2-PSK, phy: bgn, rssi: -68
I (3617) wifi:pm start, type: 1

I (3617) wifi:dp: 1, bi: 102400, li: 3, scale listen interval from 307200 us to 307200 us
I (3627) wifi:AP's beacon interval = 102400 us, DTIM period = 1
[0;32mI (4627) esp_netif_handlers: sta ip: 192.168.1.10, mask: 255.255.255.0, gw: 192.168.1.1[0m
[0;32mI (4637) example: Turn off LCD backlight[0m
[0;32mI (4637) gpio: GPIO[32]| InputEn: 0| OutputEn: 1| OpenDrain: 0| Pullup: 0| Pulldown: 0| Intr:0 [0m
[0;32mI (4637) example: Initialize SPI bus[0m
[0;32mI (4647) example: Install panel IO[0m
[0;32mI (4647) gpio: GPIO[2]| InputEn: 0| OutputEn: 1| OpenDrain: 0| Pullup: 0| Pulldown: 0| Intr:0 [0m
[0;32mI (4657) example: Install ILI9341 panel driver[0m
[0;32mI (4667) gpio: GPIO[33]| InputEn: 0| OutputEn: 1| OpenDrain: 0| Pullup: 0| Pulldown: 0| Intr:0 [0m
[0;32mI (4667) ili9341: LCD panel create success, version: 1.2.0[0m
I (4737) wifi:<ba-add>idx:0 (ifx:0, 10:39:4e:fd:17:30), tid:0, ssn:6, winSize:64
[0;32mI (4767) MQTT_PROJECT: MQTT_EVENT_CONNECTED[0m
[0;32mI (4797) example: Turn on LCD backlight[0m
[0;32mI (4797) example: Initialize LVGL library[0m
[0;32mI (4797) example: Register display driver to LVGL[0m
[0;32mI (4807) example: Install LVGL tick timer[0m
[0;32mI (4807) TX_MHZ14A_TASK: Wrote 9 bytes[0m
[0;32mI (4807) bmx280: Probing for BMP280/BME280 sensors on I2C 0[0m
[0;31mE (4817) FreeRTOS: FreeRTOS Task "Sensor_Task" should not return, Aborting now![0m
[0;32mI (481
abort() was called at PC 0x4008c287 on core 0


Backtrace: 0x40081a3e:0x3ffdb270 0x4008b6a1:0x3ffdb290 0x400941f1:0x3ffdb2b0 0x4008c287:0x3ffdb320




ELF file SHA256: 6246e9316

Rebooting...
ets Jul 29 2019 12:21:46

rst:0xc (SW_CPU_RESET),boot:0x13 (SPI_FAST_FLASH_BOOT)
configsip: 0, SPIWP:0xee
clk_drv:0x00,q_drv:0x00,d_drv:0x00,cs0_drv:0x00,hd_drv:0x00,wp_drv:0x00
mode:DIO, clock div:2
load:0x3fff0030,len:7172
load:0x40078000,len:15540
load:0x40080400,len:4
ho 8 tail 4 room 4
load:0x40080404,len:3904
entry 0x40080640
[0;32mI (31) boot: ESP-IDF v5.2.1-dirty 2nd stage bootloader[0m
[0;32mI (31) boot: compile time Jun 25 2024 11:41:08[0m
[0;32mI (31) boot: Multicore bootloader[0m
[0;32mI (36) boot: chip revision: v3.1[0m
[0;32mI (40) boot.esp32: SPI Speed      : 40MHz[0m
[0;32mI (44) boot.esp32: SPI Mode       : DIO[0m
[0;32mI (49) boot.esp32: SPI Flash Size : 2MB[0m
[0;32mI (53) boot: Enabling RNG early entropy source...[0m
[0;32mI (59) boot: Partition Table:[0m
[0;32mI (62) boot: ## Label            Usage          Type ST Offset   Length[0m
[0;32mI (70) boot:  0 nvs              WiFi data        01 02 00009000 00006000[0m
[0;32mI (77) boot:  1 phy_init         RF data          01 01 0000f000 00001000[0m
[0;32mI (84) boot:  2 factory          factory app      00 00 00010000 00177000[0m
[0;32mI (92) boot: End of partition table[0m
[0;32mI (96) esp_image: segment 0: paddr=00010020 vaddr=3f400020 size=307cch (198604) map[0m
[0;32mI (173) esp_image: segment 1: paddr=000407f4 vaddr=3ffb0000 size=03e9ch ( 16028) load[0m
[0;32mI (179) esp_image: segment 2: paddr=00044698 vaddr=40080000 size=0b980h ( 47488) load[0m
[0;32mI (198) esp_image: segment 3: paddr=00050020 vaddr=400d0020 size=cc8e4h (837860) map[0m
[0;32mI (485) esp_image: segment 4: paddr=0011c90c vaddr=4008b980 size=0e654h ( 58964) load[0m
[0;32mI (521) boot: Loaded app from partition at offset 0x10000[0m
[0;32mI (521) boot: Disabling RNG early entropy source...[0m
[0;32mI (533) cpu_start: Multicore app[0m
[0;32mI (542) cpu_start: Pro cpu start user code[0m
[0;32mI (542) cpu_start: cpu freq: 160000000 Hz[0m
[0;32mI (542) cpu_start: Application information:[0m
[0;32mI (545) cpu_start: Project name:     main[0m
[0;32mI (550) cpu_start: App version:      1[0m
[0;32mI (554) cpu_start: Compile time:     Jun 25 2024 11:40:52[0m
[0;32mI (560) cpu_start: ELF file SHA256:  6246e9316...[0m
[0;32mI (565) cpu_start: ESP-IDF:          v5.2.1-dirty[0m
[0;32mI (571) cpu_start: Min chip rev:     v0.0[0m
[0;32mI (576) cpu_start: Max chip rev:     v3.99 [0m
[0;32mI (580) cpu_start: Chip rev:         v3.1[0m
[0;32mI (585) heap_init: Initializing. RAM available for dynamic allocation:[0m
[0;32mI (592) heap_init: At 3FFAE6E0 len 00001920 (6 KiB): DRAM[0m
[0;32mI (598) heap_init: At 3FFC0AF0 len 0001F510 (125 KiB): DRAM[0m
[0;32mI (605) heap_init: At 3FFE0440 len 00003AE0 (14 KiB): D/IRAM[0m
[0;32mI (611) heap_init: At 3FFE4350 len 0001BCB0 (111 KiB): D/IRAM[0m
[0;32mI (617) heap_init: At 40099FD4 len 0000602C (24 KiB): IRAM[0m
[0;32mI (625) spi_flash: detected chip: generic[0m
[0;32mI (628) spi_flash: flash io: dio[0m
[0;33mW (632) spi_flash: Detected size(4096k) larger than the size in the binary image header(2048k). Using the size in the binary image header.[0m
[0;33mW (646) i2c: This driver is an old driver, please migrate your application code to adapt `driver/i2c_master.h`[0m
[0;32mI (657) main_task: Started on CPU0[0m
[0;32mI (667) main_task: Calling app_main()[0m
I (707) wifi:wifi driver task: 3ffc8ac8, prio:23, stack:6656, core=0
I (727) wifi:wifi firmware version: a9f5b59
I (727) wifi:wifi certification version: v7.0
I (727) wifi:config NVS flash: enabled
I (727) wifi:config nano formating: disabled
I (727) wifi:Init data frame dynamic rx buffer num: 32
I (737) wifi:Init static rx mgmt buffer num: 5
I (737) wifi:Init management short buffer num: 32
I (737) wifi:Init dynamic tx buffer num: 32
I (747) wifi:Init static rx buffer size: 1600
I (747) wifi:Init static rx buffer num: 10
I (757) wifi:Init dynamic rx buffer num: 32
[0;32mI (757) wifi_init: rx ba win: 6[0m
[0;32mI (757) wifi_init: tcpip mbox: 32[0m
[0;32mI (767) wifi_init: udp mbox: 6[0m
[0;32mI (767) wifi_init: tcp mbox: 6[0m
[0;32mI (777) wifi_init: tcp tx win: 5760[0m
[0;32mI (777) wifi_init: tcp rx win: 5760[0m
[0;32mI (777) wifi_init: tcp mss: 1440[0m
[0;32mI (787) wifi_init: WiFi IRAM OP enabled[0m
[0;32mI (787) wifi_init: WiFi RX IRAM OP enabled[0m
[0;32mI (797) phy_init: phy_version 4791,2c4672b,Dec 20 2023,16:06:06[0m
I (887) wifi:mode : sta (b0:b2:1c:a7:ba:fc)
I (887) wifi:enable tsf
I (907) wifi:new:<1,0>, old:<1,0>, ap:<255,255>, sta:<1,0>, prof:1
I (907) wifi:state: init -> auth (b0)
I (937) wifi:state: auth -> init (8a0)
I (937) wifi:new:<1,0>, old:<1,0>, ap:<255,255>, sta:<1,0>, prof:1
I (3357) wifi:new:<1,0>, old:<1,0>, ap:<255,255>, sta:<1,0>, prof:1
I (3367) wifi:state: init -> auth (b0)
I (3407) wifi:state: auth -> assoc (0)
I (3477) wifi:state: assoc -> run (10)
I (3657) wifi:connected with Thanh Tam, aid = 4, channel 1, BW20, bssid = 10:39:4e:fd:17:30
I (3657) wifi:security: WPA2-PSK, phy: bgn, rssi: -68
I (3667) wifi:pm start, type: 1

I (3667) wifi:dp: 1, bi: 102400, li: 3, scale listen interval from 307200 us to 307200 us
I (3687) wifi:AP's beacon interval = 102400 us, DTIM period = 1
[0;32mI (4667) esp_netif_handlers: sta ip: 192.168.1.10, mask: 255.255.255.0, gw: 192.168.1.1[0m
[0;32mI (4667) example: Turn off LCD backlight[0m
[0;32mI (4677) gpio: GPIO[32]| InputEn: 0| OutputEn: 1| OpenDrain: 0| Pullup: 0| Pulldown: 0| Intr:0 [0m
[0;32mI (4677) example: Initialize SPI bus[0m
[0;32mI (4677) example: Install panel IO[0m
[0;32mI (4687) gpio: GPIO[2]| InputEn: 0| OutputEn: 1| OpenDrain: 0| Pullup: 0| Pulldown: 0| Intr:0 [0m
I (4687) wifi:<ba-add>idx:0 (ifx:0, 10:39:4e:fd:17:30), tid:0, ssn:6, winSize:64
[0;32mI (4697) example: Install ILI9341 panel driver[0m
[0;32mI (4707) gpio: GPIO[33]| InputEn: 0| OutputEn: 1| OpenDrain: 0| Pullup: 0| Pulldown: 0| Intr:0 [0m
[0;32mI (4717) ili9341: LCD panel create success, version: 1.2.0[0m
[0;32mI (4757) MQTT_PROJECT: MQTT_EVENT_CONNECTED[0m
[0;32mI (4837) example: Turn on LCD backlight[0m
[0;32mI (4837) example: Initialize LVGL library[0m
[0;32mI (4837) example: Register display driver to LVGL[0m
[0;32mI (4847) example: Install LVGL tick timer[0m
[0;32mI (4847) TX_MHZ14A_TASK: Wrote 9 bytes[0m
[0;32mI (4847) bmx280: Probing for BMP280/BME280 sensors on I2C 0[0m
[0;31mE (4857) FreeRTOS: FreeRTOS Task "Sensor_Task" should not return, Aborting now![0m
[0;32mI (4857) bm
abort() was called at PC 0x4008c287 on core 0


Backtrace: 0x40081a3e:0x3ffdb240 0x4008b6a1:0x3ffdb260 0x400941f1:0x3ffdb280 0x4008c287:0x3ffdb2f0




ELF file SHA256: 6246e9316

Rebooting...
ets Jul 29 2019 12:21:46

rst:0xc (SW_CPU_RESET),boot:0x13 (SPI_FAST_FLASH_BOOT)
configsip: 0, SPIWP:0xee
clk_drv:0x00,q_drv:0x00,d_drv:0x00,cs0_drv:0x00,hd_drv:0x00,wp_drv:0x00
mode:DIO, clock div:2
load:0x3fff0030,len:7172
load:0x40078000,len:15540
load:0x40080400,len:4
ho 8 tail 4 room 4
load:0x40080404,len:3904
entry 0x40080640
[0;32mI (31) boot: ESP-IDF v5.2.1-dirty 2nd stage bootloader[0m
[0;32mI (31) boot: compile time Jun 25 2024 11:41:08[0m
[0;32mI (31) boot: Multicore bootloader[0m
[0;32mI (36) boot: chip revision: v3.1[0m
[0;32mI (40) boot.esp32: SPI Speed      : 40MHz[0m
[0;32mI (44) boot.esp32: SPI Mode       : DIO[0m
[0;32mI (49) boot.esp32: SPI Flash Size : 2MB[0m
[0;32mI (53) boot: Enabling RNG early entropy source...[0m
[0;32mI (59) boot: Partition Table:[0m
[0;32mI (62) boot: ## Label            Usage          Type ST Offset   Length[0m
[0;32mI (70) boot:  0 nvs              WiFi data        01 02 00009000 00006000[0m
[0;32mI (77) boot:  1 phy_init         RF data          01 01 0000f000 00001000[0m
[0;32mI (84) boot:  2 factory          factory app      00 00 00010000 00177000[0m
[0;32mI (92) boot: End of partition table[0m
[0;32mI (96) esp_image: segment 0: paddr=00010020 vaddr=3f400020 size=307cch (198604) map[0m
[0;32mI (173) esp_image: segment 1: paddr=000407f4 vaddr=3ffb0000 size=03e9ch ( 16028) load[0m
[0;32mI (179) esp_image: segment 2: paddr=00044698 vaddr=40080000 size=0b980h ( 47488) load[0m
[0;32mI (198) esp_image: segment 3: paddr=00050020 vaddr=400d0020 size=cc8e4h (837860) map[0m
[0;32mI (485) esp_image: segment 4: paddr=0011c90c vaddr=4008b980 size=0e654h ( 58964) load[0m
[0;32mI (521) boot: Loaded app from partition at offset 0x10000[0m
[0;32mI (521) boot: Disabling RNG early entropy source...[0m
[0;32mI (533) cpu_start: Multicore app[0m
[0;32mI (542) cpu_start: Pro cpu start user code[0m
[0;32mI (542) cpu_start: cpu freq: 160000000 Hz[0m
[0;32mI (542) cpu_start: Application information:[0m
[0;32mI (545) cpu_start: Project name:     main[0m
[0;32mI (550) cpu_start: App version:      1[0m
[0;32mI (554) cpu_start: Compile time:     Jun 25 2024 11:40:52[0m
[0;32mI (560) cpu_start: ELF file SHA256:  6246e9316...[0m
[0;32mI (565) cpu_start: ESP-IDF:          v5.2.1-dirty[0m
[0;32mI (571) cpu_start: Min chip rev:     v0.0[0m
[0;32mI (576) cpu_start: Max chip rev:     v3.99 [0m
[0;32mI (580) cpu_start: Chip rev:         v3.1[0m
[0;32mI (585) heap_init: Initializing. RAM available for dynamic allocation:[0m
[0;32mI (592) heap_init: At 3FFAE6E0 len 00001920 (6 KiB): DRAM[0m
[0;32mI (598) heap_init: At 3FFC0AF0 len 0001F510 (125 KiB): DRAM[0m
[0;32mI (605) heap_init: At 3FFE0440 len 00003AE0 (14 KiB): D/IRAM[0m
[0;32mI (611) heap_init: At 3FFE4350 len 0001BCB0 (111 KiB): D/IRAM[0m
[0;32mI (617) heap_init: At 40099FD4 len 0000602C (24 KiB): IRAM[0m
[0;32mI (625) spi_flash: detected chip: generic[0m
[0;32mI (628) spi_flash: flash io: dio[0m
[0;33mW (632) spi_flash: Detected size(4096k) larger than the size in the binary image header(2048k). Using the size in the binary image header.[0m
[0;33mW (646) i2c: This driver is an old driver, please migrate your application code to adapt `driver/i2c_master.h`[0m
[0;32mI (657) main_task: Started on CPU0[0m
[0;32mI (667) main_task: Calling app_main()[0m
I (707) wifi:wifi driver task: 3ffc8ac8, prio:23, stack:6656, core=0
I (727) wifi:wifi firmware version: a9f5b59
I (727) wifi:wifi certification version: v7.0
I (727) wifi:config NVS flash: enabled
I (727) wifi:config nano formating: disabled
I (727) wifi:Init data frame dynamic rx buffer num: 32
I (737) wifi:Init static rx mgmt buffer num: 5
I (737) wifi:Init management short buffer num: 32
I (737) wifi:Init dynamic tx buffer num: 32
I (747) wifi:Init static rx buffer size: 1600
I (747) wifi:Init static rx buffer num: 10
I (757) wifi:Init dynamic rx buffer num: 32
[0;32mI (757) wifi_init: rx ba win: 6[0m
[0;32mI (757) wifi_init: tcpip mbox: 32[0m
[0;32mI (767) wifi_init: udp mbox: 6[0m
[0;32mI (767) wifi_init: tcp mbox: 6[0m
[0;32mI (777) wifi_init: tcp tx win: 5760[0m
[0;32mI (777) wifi_init: tcp rx win: 5760[0m
[0;32mI (777) wifi_init: tcp mss: 1440[0m
[0;32mI (787) wifi_init: WiFi IRAM OP enabled[0m
[0;32mI (787) wifi_init: WiFi RX IRAM OP enabled[0m
[0;32mI (797) phy_init: phy_version 4791,2c4672b,Dec 20 2023,16:06:06[0m
I (887) wifi:mode : sta (b0:b2:1c:a7:ba:fc)
I (887) wifi:enable tsf
I (907) wifi:new:<1,0>, old:<1,0>, ap:<255,255>, sta:<1,0>, prof:1
I (907) wifi:state: init -> auth (b0)
I (917) wifi:state: auth -> init (8a0)
I (917) wifi:new:<1,0>, old:<1,0>, ap:<255,255>, sta:<1,0>, prof:1
I (3367) wifi:new:<1,0>, old:<1,0>, ap:<255,255>, sta:<1,0>, prof:1
I (3367) wifi:state: init -> auth (b0)
I (3437) wifi:state: auth -> assoc (0)
I (3537) wifi:state: assoc -> run (10)
I (3647) wifi:connected with Thanh Tam, aid = 4, channel 1, BW20, bssid = 10:39:4e:fd:17:30
I (3647) wifi:security: WPA2-PSK, phy: bgn, rssi: -67
I (3657) wifi:pm start, type: 1

I (3657) wifi:dp: 1, bi: 102400, li: 3, scale listen interval from 307200 us to 307200 us
I (3707) wifi:AP's beacon interval = 102400 us, DTIM period = 1
[0;32mI (4667) esp_netif_handlers: sta ip: 192.168.1.10, mask: 255.255.255.0, gw: 192.168.1.1[0m
[0;32mI (4667) example: Turn off LCD backlight[0m
[0;32mI (4677) gpio: GPIO[32]| InputEn: 0| OutputEn: 1| OpenDrain: 0| Pullup: 0| Pulldown: 0| Intr:0 [0m
[0;32mI (4677) example: Initialize SPI bus[0m
[0;32mI (4677) example: Install panel IO[0m
[0;32mI (4687) gpio: GPIO[2]| InputEn: 0| OutputEn: 1| OpenDrain: 0| Pullup: 0| Pulldown: 0| Intr:0 [0m
[0;32mI (4697) example: Install ILI9341 panel driver[0m
[0;32mI (4697) gpio: GPIO[33]| InputEn: 0| OutputEn: 1| OpenDrain: 0| Pullup: 0| Pulldown: 0| Intr:0 [0m
[0;32mI (4707) ili9341: LCD panel create success, version: 1.2.0[0m
I (4717) wifi:<ba-add>idx:0 (ifx:0, 10:39:4e:fd:17:30), tid:0, ssn:5, winSize:64
[0;32mI (4777) MQTT_PROJECT: MQTT_EVENT_CONNECTED[0m
[0;32mI (4837) example: Turn on LCD backlight[0m
[0;32mI (4837) example: Initialize LVGL library[0m
[0;32mI (4837) example: Register display driver to LVGL[0m
[0;32mI (4847) example: Install LVGL tick timer[0m
[0;32mI (4847) TX_MHZ14A_TASK: Wrote 9 bytes[0m
