Bï¿½ï¿½Jï¿½ï¿½Ñ¹esp32: ï¿½ets Jul 29 2019 12:21:46

rst:0x1 (POWERON_RESET),boot:0x13 (SPI_FAST_FLASH_BOOT)
configsip: 0, SPIWP:0xee
clk_drv:0x00,q_drv:0x00,d_drv:0x00,cs0_drv:0x00,hd_drv:0x00,wp_drv:0x00
mode:DIO, clock div:2
load:0x3fff0030,len:7172
load:0x40078000,len:15540
load:0x40080400,len:4
ho 8 tail 4 room 4
load:0x40080404,len:3904
entry 0x40080640
[0;32mI (31) boot: ESP-IDF v5.2.1-dirty 2nd stage bootloader[0m
[0;32mI (31) boot: compile time Jun 25 2024 11:41:08[0m
[0;32mI (31) boot: Multicore bootloader[0m
[0;32mI (36) boot: chip revision: v3.1[0m
[0;32mI (40) boot.esp32: SPI Speed      : 40MHz[0m
[0;32mI (44) boot.esp32: SPI Mode       : DIO[0m
[0;32mI (49) boot.esp32: SPI Flash Size : 2MB[0m
[0;32mI (53) boot: Enabling RNG early entropy source...[0m
[0;32mI (59) boot: Partition Table:[0m
[0;32mI (62) boot: ## Label            Usage          Type ST Offset   Length[0m
[0;32mI (70) boot:  0 nvs              WiFi data        01 02 00009000 00006000[0m
[0;32mI (77) boot:  1 phy_init         RF data          01 01 0000f000 00001000[0m
[0;32mI (85) boot:  2 factory          factory app      00 00 00010000 00177000[0m
[0;32mI (92) boot: End of partition table[0m
[0;32mI (96) esp_image: segment 0: paddr=00010020 vaddr=3f400020 size=3054ch (197964) map[0m
[0;32mI (173) esp_image: segment 1: paddr=00040574 vaddr=3ffb0000 size=03e9ch ( 16028) load[0m
[0;32mI (179) esp_image: segment 2: paddr=00044418 vaddr=40080000 size=0bc00h ( 48128) load[0m
[0;32mI (198) esp_image: segment 3: paddr=00050020 vaddr=400d0020 size=cc548h (836936) map[0m
[0;32mI (485) esp_image: segment 4: paddr=0011c570 vaddr=4008bc00 size=0e3d4h ( 58324) load[0m
[0;32mI (521) boot: Loaded app from partition at offset 0x10000[0m
[0;32mI (521) boot: Disabling RNG early entropy source...[0m
[0;32mI (533) cpu_start: Multicore app[0m
[0;32mI (541) cpu_start: Pro cpu start user code[0m
[0;32mI (541) cpu_start: cpu freq: 160000000 Hz[0m
[0;32mI (541) cpu_start: Application information:[0m
[0;32mI (544) cpu_start: Project name:     main[0m
[0;32mI (549) cpu_start: App version:      1[0m
[0;32mI (554) cpu_start: Compile time:     Jun 25 2024 11:40:52[0m
[0;32mI (560) cpu_start: ELF file SHA256:  1654d8045...[0m
[0;32mI (565) cpu_start: ESP-IDF:          v5.2.1-dirty[0m
[0;32mI (570) cpu_start: Min chip rev:     v0.0[0m
[0;32mI (575) cpu_start: Max chip rev:     v3.99 [0m
[0;32mI (580) cpu_start: Chip rev:         v3.1[0m
[0;32mI (585) heap_init: Initializing. RAM available for dynamic allocation:[0m
[0;32mI (592) heap_init: At 3FFAE6E0 len 00001920 (6 KiB): DRAM[0m
[0;32mI (598) heap_init: At 3FFC0AF0 len 0001F510 (125 KiB): DRAM[0m
[0;32mI (604) heap_init: At 3FFE0440 len 00003AE0 (14 KiB): D/IRAM[0m
[0;32mI (611) heap_init: At 3FFE4350 len 0001BCB0 (111 KiB): D/IRAM[0m
[0;32mI (617) heap_init: At 40099FD4 len 0000602C (24 KiB): IRAM[0m
[0;32mI (625) spi_flash: detected chip: generic[0m
[0;32mI (628) spi_flash: flash io: dio[0m
[0;33mW (632) spi_flash: Detected size(4096k) larger than the size in the binary image header(2048k). Using the size in the binary image header.[0m
[0;33mW (645) i2c: This driver is an old driver, please migrate your application code to adapt `driver/i2c_master.h`[0m
[0;32mI (656) main_task: Started on CPU0[0m
[0;32mI (666) main_task: Calling app_main()[0m
I (706) wifi:wifi driver task: 3ffc8ac8, prio:23, stack:6656, core=0
I (726) wifi:wifi firmware version: a9f5b59
I (726) wifi:wifi certification version: v7.0
I (726) wifi:config NVS flash: enabled
I (726) wifi:config nano formating: disabled
I (726) wifi:Init data frame dynamic rx buffer num: 32
I (736) wifi:Init static rx mgmt buffer num: 5
I (736) wifi:Init management short buffer num: 32
I (736) wifi:Init dynamic tx buffer num: 32
I (746) wifi:Init static rx buffer size: 1600
I (746) wifi:Init static rx buffer num: 10
I (756) wifi:Init dynamic rx buffer num: 32
[0;32mI (756) wifi_init: rx ba win: 6[0m
[0;32mI (756) wifi_init: tcpip mbox: 32[0m
[0;32mI (766) wifi_init: udp mbox: 6[0m
[0;32mI (766) wifi_init: tcp mbox: 6[0m
[0;32mI (776) wifi_init: tcp tx win: 5760[0m
[0;32mI (776) wifi_init: tcp rx win: 5760[0m
[0;32mI (776) wifi_init: tcp mss: 1440[0m
[0;32mI (786) wifi_init: WiFi IRAM OP enabled[0m
[0;32mI (786) wifi_init: WiFi RX IRAM OP enabled[0m
[0;32mI (796) phy_init: phy_version 4791,2c4672b,Dec 20 2023,16:06:06[0m
I (886) wifi:mode : sta (b0:b2:1c:a7:ba:fc)
I (886) wifi:enable tsf
I (906) wifi:new:<1,0>, old:<1,0>, ap:<255,255>, sta:<1,0>, prof:1
I (906) wifi:state: init -> auth (b0)
I (916) wifi:state: auth -> init (8a0)
I (916) wifi:new:<1,0>, old:<1,0>, ap:<255,255>, sta:<1,0>, prof:1
I (3346) wifi:new:<1,0>, old:<1,0>, ap:<255,255>, sta:<1,0>, prof:1
I (3346) wifi:state: init -> auth (b0)
I (3396) wifi:state: auth -> assoc (0)
I (3466) wifi:state: assoc -> run (10)
I (3576) wifi:connected with Thanh Tam, aid = 4, channel 1, BW20, bssid = 10:39:4e:fd:17:30
I (3576) wifi:security: WPA2-PSK, phy: bgn, rssi: -74
I (3586) wifi:pm start, type: 1

I (3586) wifi:dp: 1, bi: 102400, li: 3, scale listen interval from 307200 us to 307200 us
I (3646) wifi:AP's beacon interval = 102400 us, DTIM period = 1
[0;32mI (4596) esp_netif_handlers: sta ip: 192.168.1.10, mask: 255.255.255.0, gw: 192.168.1.1[0m
[0;32mI (4606) example: Turn off LCD backlight[0m
[0;32mI (4606) gpio: GPIO[32]| InputEn: 0| OutputEn: 1| OpenDrain: 0| Pullup: 0| Pulldown: 0| Intr:0 [0m
[0;32mI (4606) example: Initialize SPI bus[0m
[0;32mI (4616) example: Install panel IO[0m
[0;32mI (4616) gpio: GPIO[2]| InputEn: 0| OutputEn: 1| OpenDrain: 0| Pullup: 0| Pulldown: 0| Intr:0 [0m
[0;32mI (4626) example: Install ILI9341 panel driver[0m
[0;32mI (4626) gpio: GPIO[33]| InputEn: 0| OutputEn: 1| OpenDrain: 0| Pullup: 0| Pulldown: 0| Intr:0 [0m
[0;32mI (4636) ili9341: LCD panel create success, version: 1.2.0[0m
I (4646) wifi:<ba-add>idx:0 (ifx:0, 10:39:4e:fd:17:30), tid:0, ssn:5, winSize:64
[0;32mI (4716) MQTT_PROJECT: MQTT_EVENT_CONNECTED[0m
[0;32mI (4766) example: Turn on LCD backlight[0m
[0;32mI (4766) example: Initialize LVGL library[0m
[0;32mI (4766) example: Register display driver to LVGL[0m
[0;32mI (4776) example: Install LVGL tick timer[0m
[0;32mI (4776) TX_MHZ14A_TASK: Wrote 9 bytes[0m
[0;32mI (4776) bmx280: Probing for BMP280/BME280 sensors on I2C 0[0m
[0;32mI (4786) main_task: Returned from app_main()[0m
[0;32mI (4786) bmx280: Probe success: address=ec, id=60[0m
[0;32mI (4806) bmx280: Reading out calibration values...[0m
[0;32mI (4806) bmx280: Read Low Bank.[0m
[0;32mI (4806) bmx280: Read High Bank.[0m
[0;32mI (4806) bmx280: Dumping calibration...[0m
[0;32mI (4806) bmx280: 4d 6d d0 67 32 00 0a 92 86 d6 d0 0b ca 1d fd ff [0m
[0;32mI (4816) bmx280: f9 ff ac 26 0a d8 bd 10 10 00 84 01 00 00 04 01 [0m
[0;32mI (4826) bmx280: 32 00 1e 00 [0m
[0;32mI (7806) TX_MHZ14A_TASK: Wrote 9 bytes[0m
[0;32mI (10836) TX_MHZ14A_TASK: Wrote 9 bytes[0m
[0;32mI (13866) TX_MHZ14A_TASK: Wrote 9 bytes[0m
[0;32mI (16896) TX_MHZ14A_TASK: Wrote 9 bytes[0m
[0;32mI (19926) TX_MHZ14A_TASK: Wrote 9 bytes[0m
[0;32mI (22956) TX_MHZ14A_TASK: Wrote 9 bytes[0m
[0;32mI (25986) TX_MHZ14A_TASK: Wrote 9 bytes[0m
[0;32mI (29016) TX_MHZ14A_TASK: Wrote 9 bytes[0m
[0;32mI (32046) TX_MHZ14A_TASK: Wrote 9 bytes[0m
[0;32mI (35076) TX_MHZ14A_TASK: Wrote 9 bytes[0m
[0;32mI (38106) TX_MHZ14A_TASK: Wrote 9 bytes[0m
[0;32mI (41136) TX_MHZ14A_TASK: Wrote 9 bytes[0m
[0;32mI (44166) TX_MHZ14A_TASK: Wrote 9 bytes[0m
[0;32mI (47196) TX_MHZ14A_TASK: Wrote 9 bytes[0m
[0;32mI (50226) TX_MHZ14A_TASK: Wrote 9 bytes[0m
[0;32mI (53256) TX_MHZ14A_TASK: Wrote 9 bytes[0m
[0;32mI (56286) TX_MHZ14A_TASK: Wrote 9 bytes[0m
[0;32mI (59316) TX_MHZ14A_TASK: Wrote 9 bytes[0m
[0;32mI (62346) TX_MHZ14A_TASK: Wrote 9 bytes[0m
[0;32mI (65376) TX_MHZ14A_TASK: Wrote 9 bytes[0m
[0;32mI (68406) TX_MHZ14A_TASK: Wrote 9 bytes[0m
[0;32mI (71436) TX_MHZ14A_TASK: Wrote 9 bytes[0m
[0;32mI (74466) TX_MHZ14A_TASK: Wrote 9 bytes[0m
