eï¿½j%ï¿½(40) boot.espets Jul 29 2019 12:21:46

rst:0x1 (POWERON_RESET),boot:0x13 (SPI_FAST_FLASH_BOOT)
configsip: 0, SPIWP:0xee
clk_drv:0x00,q_drv:0x00,d_drv:0x00,cs0_drv:0x00,hd_drv:0x00,wp_drv:0x00
mode:DIO, clock div:2
load:0x3fff0030,len:7172
load:0x40078000,len:15540
load:0x40080400,len:4
ho 8 tail 4 room 4
load:0x40080404,len:3904
entry 0x40080640
[0;32mI (31) boot: ESP-IDF v5.2.1-dirty 2nd stage bootloader[0m
[0;32mI (31) boot: compile time Jun 25 2024 11:41:08[0m
[0;32mI (31) boot: Multicore bootloader[0m
[0;32mI (36) boot: chip revision: v3.1[0m
[0;32mI (40) boot.esp32: SPI Speed      : 40MHz[0m
[0;32mI (44) boot.esp32: SPI Mode       : DIO[0m
[0;32mI (49) boot.esp32: SPI Flash Size : 2MB[0m
[0;32mI (53) boot: Enabling RNG early entropy source...[0m
[0;32mI (59) boot: Partition Table:[0m
[0;32mI (62) boot: ## Label            Usage          Type ST Offset   Length[0m
[0;32mI (70) boot:  0 nvs              WiFi data        01 02 00009000 00006000[0m
[0;32mI (77) boot:  1 phy_init         RF data          01 01 0000f000 00001000[0m
[0;32mI (85) boot:  2 factory          factory app      00 00 00010000 00177000[0m
[0;32mI (92) boot: End of partition table[0m
[0;32mI (96) esp_image: segment 0: paddr=00010020 vaddr=3f400020 size=289a8h (166312) map[0m
[0;32mI (162) esp_image: segment 1: paddr=000389d0 vaddr=3ffb0000 size=03c34h ( 15412) load[0m
[0;32mI (168) esp_image: segment 2: paddr=0003c60c vaddr=40080000 size=03a0ch ( 14860) load[0m
[0;32mI (174) esp_image: segment 3: paddr=00040020 vaddr=400d0020 size=a97b8h (694200) map[0m
[0;32mI (414) esp_image: segment 4: paddr=000e97e0 vaddr=40083a0c size=12c70h ( 76912) load[0m
[0;32mI (455) boot: Loaded app from partition at offset 0x10000[0m
[0;32mI (456) boot: Disabling RNG early entropy source...[0m
[0;32mI (467) cpu_start: Multicore app[0m
[0;32mI (476) cpu_start: Pro cpu start user code[0m
[0;32mI (476) cpu_start: cpu freq: 160000000 Hz[0m
[0;32mI (476) cpu_start: Application information:[0m
[0;32mI (479) cpu_start: Project name:     main[0m
[0;32mI (484) cpu_start: App version:      1[0m
[0;32mI (488) cpu_start: Compile time:     Jun 25 2024 16:54:24[0m
[0;32mI (494) cpu_start: ELF file SHA256:  c68538a38...[0m
[0;32mI (499) cpu_start: ESP-IDF:          v5.2.1-dirty[0m
[0;32mI (505) cpu_start: Min chip rev:     v0.0[0m
[0;32mI (510) cpu_start: Max chip rev:     v3.99 [0m
[0;32mI (514) cpu_start: Chip rev:         v3.1[0m
[0;32mI (519) heap_init: Initializing. RAM available for dynamic allocation:[0m
[0;32mI (526) heap_init: At 3FFAE6E0 len 00001920 (6 KiB): DRAM[0m
[0;32mI (532) heap_init: At 3FFB8558 len 00027AA8 (158 KiB): DRAM[0m
[0;32mI (539) heap_init: At 3FFE0440 len 00003AE0 (14 KiB): D/IRAM[0m
[0;32mI (545) heap_init: At 3FFE4350 len 0001BCB0 (111 KiB): D/IRAM[0m
[0;32mI (551) heap_init: At 4009667C len 00009984 (38 KiB): IRAM[0m
[0;32mI (559) spi_flash: detected chip: generic[0m
[0;32mI (562) spi_flash: flash io: dio[0m
[0;33mW (566) spi_flash: Detected size(4096k) larger than the size in the binary image header(2048k). Using the size in the binary image header.[0m
[0;32mI (580) main_task: Started on CPU0[0m
[0;32mI (590) main_task: Calling app_main()[0m
I (630) wifi:wifi driver task: 3ffc0574, prio:23, stack:6656, core=0
I (650) wifi:wifi firmware version: a9f5b59
I (650) wifi:wifi certification version: v7.0
I (650) wifi:config NVS flash: enabled
I (650) wifi:config nano formating: disabled
I (650) wifi:Init data frame dynamic rx buffer num: 32
I (660) wifi:Init static rx mgmt buffer num: 5
I (660) wifi:Init management short buffer num: 32
I (660) wifi:Init dynamic tx buffer num: 32
I (670) wifi:Init static rx buffer size: 1600
I (670) wifi:Init static rx buffer num: 10
I (680) wifi:Init dynamic rx buffer num: 32
[0;32mI (680) wifi_init: rx ba win: 6[0m
[0;32mI (680) wifi_init: tcpip mbox: 32[0m
[0;32mI (690) wifi_init: udp mbox: 6[0m
[0;32mI (690) wifi_init: tcp mbox: 6[0m
[0;32mI (700) wifi_init: tcp tx win: 5760[0m
[0;32mI (700) wifi_init: tcp rx win: 5760[0m
[0;32mI (700) wifi_init: tcp mss: 1440[0m
[0;32mI (710) wifi_init: WiFi IRAM OP enabled[0m
[0;32mI (710) wifi_init: WiFi RX IRAM OP enabled[0m
[0;32mI (720) phy_init: phy_version 4791,2c4672b,Dec 20 2023,16:06:06[0m
I (810) wifi:mode : sta (b0:b2:1c:a7:ba:fc)
I (810) wifi:enable tsf
I (870) smartconfig: SC version: V3.0.1
I (5700) wifi:ic_enable_sniffer
I (5710) smartconfig: Start to find channel...
[0;32mI (5710) MQTT_PROJECT: Scan done[0m
I (7990) smartconfig: TYPE: ESPTOUCH
I (7990) smartconfig: T|AP MAC: b0:be:76:82:86:c6
I (7990) smartconfig: Found channel on 3-1. Start to get ssid and password...
[0;32mI (7990) MQTT_PROJECT: Found channel[0m
I (53990) wifi:ic_disable_sniffer
I (53990) smartconfig: smartconfig restart
I (54040) smartconfig: SC version: V3.0.1
I (58870) wifi:ic_enable_sniffer
I (58870) smartconfig: Start to find channel...
[0;32mI (58880) MQTT_PROJECT: Scan done[0m
