ï¿½ï¿½ï¿½Ñ¥ï¿½ï¿½É•ï¿½bootloaderï¿½ets Jun  8 2016 00:22:57

rst:0x1 (POWERON_RESET),boot:0x13 (SPI_FAST_FLASH_BOOT)
configsip: 0, SPIWP:0xee
clk_drv:0x00,q_drv:0x00,d_drv:0x00,cs0_drv:0x00,hd_drv:0x00,wp_drv:0x00
mode:DIO, clock div:2
load:0x3fff0030,len:7172
load:0x40078000,len:15540
load:0x40080400,len:4
ho 8 tail 4 room 4
load:0x40080404,len:3904
entry 0x40080640
[0;32mI (30) boot: ESP-IDF v5.2.1-dirty 2nd stage bootloader[0m
[0;32mI (30) boot: compile time Jun 24 2024 15:54:38[0m
[0;32mI (30) boot: Multicore bootloader[0m
[0;32mI (35) boot: chip revision: v1.0[0m
[0;32mI (39) boot.esp32: SPI Speed      : 40MHz[0m
[0;32mI (44) boot.esp32: SPI Mode       : DIO[0m
[0;32mI (48) boot.esp32: SPI Flash Size : 2MB[0m
[0;32mI (53) boot: Enabling RNG early entropy source...[0m
[0;32mI (58) boot: Partition Table:[0m
[0;32mI (62) boot: ## Label            Usage          Type ST Offset   Length[0m
[0;32mI (69) boot:  0 nvs              WiFi data        01 02 00009000 00006000[0m
[0;32mI (76) boot:  1 phy_init         RF data          01 01 0000f000 00001000[0m
[0;32mI (84) boot:  2 factory          factory app      00 00 00010000 00177000[0m
[0;32mI (91) boot: End of partition table[0m
[0;32mI (95) esp_image: segment 0: paddr=00010020 vaddr=3f400020 size=3bca0h (244896) map[0m
[0;32mI (188) esp_image: segment 1: paddr=0004bcc8 vaddr=3ffb0000 size=03e6ch ( 15980) load[0m
[0;32mI (194) esp_image: segment 2: paddr=0004fb3c vaddr=40080000 size=004dch (  1244) load[0m
[0;32mI (195) esp_image: segment 3: paddr=00050020 vaddr=400d0020 size=c93b8h (824248) map[0m
[0;32mI (485) esp_image: segment 4: paddr=001193e0 vaddr=400804dc size=184c8h ( 99528) load[0m
[0;32mI (536) boot: Loaded app from partition at offset 0x10000[0m
[0;32mI (536) boot: Disabling RNG early entropy source...[0m
[0;32mI (548) cpu_start: Multicore app[0m
[0;32mI (557) cpu_start: Pro cpu start user code[0m
[0;32mI (557) cpu_start: cpu freq: 160000000 Hz[0m
[0;32mI (557) cpu_start: Application information:[0m
[0;32mI (560) cpu_start: Project name:     main[0m
[0;32mI (564) cpu_start: App version:      1[0m
[0;32mI (569) cpu_start: Compile time:     Jun 24 2024 15:54:11[0m
[0;32mI (575) cpu_start: ELF file SHA256:  5f8bec6dd...[0m
[0;32mI (580) cpu_start: ESP-IDF:          v5.2.1-dirty[0m
[0;32mI (586) cpu_start: Min chip rev:     v0.0[0m
[0;32mI (590) cpu_start: Max chip rev:     v3.99 [0m
[0;32mI (595) cpu_start: Chip rev:         v1.0[0m
[0;32mI (600) heap_init: Initializing. RAM available for dynamic allocation:[0m
[0;32mI (607) heap_init: At 3FFAE6E0 len 00001920 (6 KiB): DRAM[0m
[0;32mI (613) heap_init: At 3FFC0AF8 len 0001F508 (125 KiB): DRAM[0m
[0;32mI (619) heap_init: At 3FFE0440 len 00003AE0 (14 KiB): D/IRAM[0m
[0;32mI (626) heap_init: At 3FFE4350 len 0001BCB0 (111 KiB): D/IRAM[0m
[0;32mI (632) heap_init: At 400989A4 len 0000765C (29 KiB): IRAM[0m
[0;32mI (640) spi_flash: detected chip: generic[0m
[0;32mI (643) spi_flash: flash io: dio[0m
[0;33mW (647) spi_flash: Detected size(4096k) larger than the size in the binary image header(2048k). Using the size in the binary image header.[0m
[0;32mI (661) main_task: Started on CPU0[0m
[0;32mI (671) main_task: Calling app_main()[0m
[0;32mI (681) wifi station: ESP_WIFI_MODE_STA[0m
I (701) wifi:wifi driver task: 3ffc890c, prio:23, stack:6656, core=0
I (701) wifi:wifi firmware version: a9f5b59
I (701) wifi:wifi certification version: v7.0
I (701) wifi:config NVS flash: enabled
I (701) wifi:config nano formating: disabled
I (711) wifi:Init data frame dynamic rx buffer num: 32
I (711) wifi:Init static rx mgmt buffer num: 5
I (721) wifi:Init management short buffer num: 32
I (721) wifi:Init dynamic tx buffer num: 32
I (721) wifi:Init static rx buffer size: 1600
I (731) wifi:Init static rx buffer num: 10
I (731) wifi:Init dynamic rx buffer num: 32
[0;32mI (741) wifi_init: rx ba win: 6[0m
[0;32mI (741) wifi_init: tcpip mbox: 32[0m
[0;32mI (741) wifi_init: udp mbox: 6[0m
[0;32mI (751) wifi_init: tcp mbox: 6[0m
[0;32mI (751) wifi_init: tcp tx win: 5760[0m
[0;32mI (751) wifi_init: tcp rx win: 5760[0m
[0;32mI (761) wifi_init: tcp mss: 1440[0m
[0;32mI (761) wifi_init: WiFi IRAM OP enabled[0m
[0;32mI (771) wifi_init: WiFi RX IRAM OP enabled[0m
[0;32mI (801) phy_init: phy_version 4791,2c4672b,Dec 20 2023,16:06:06[0m
[0;33mW (801) phy_init: failed to load RF calibration data (0x1102), falling back to full calibration[0m
I (891) wifi:mode : sta (e8:db:84:0b:d1:b4)
I (891) wifi:enable tsf
[0;32mI (891) wifi station: wifi_init_sta finished.[0m
[0;32mI (3311) wifi station: retry to connect to the AP[0m
[0;32mI (3311) wifi station: connect to the AP fail[0m
[0;32mI (5721) wifi station: retry to connect to the AP[0m
[0;32mI (5721) wifi station: connect to the AP fail[0m
[0;32mI (8131) wifi station: retry to connect to the AP[0m
[0;32mI (8131) wifi station: connect to the AP fail[0m
[0;32mI (10551) wifi station: retry to connect to the AP[0m
[0;32mI (10551) wifi station: connect to the AP fail[0m
[0;32mI (12961) wifi station: retry to connect to the AP[0m
[0;32mI (12961) wifi station: connect to the AP fail[0m
[0;32mI (15371) wifi station: retry to connect to the AP[0m
[0;32mI (15381) wifi station: connect to the AP fail[0m
[0;32mI (17791) wifi station: retry to connect to the AP[0m
[0;32mI (17791) wifi station: connect to the AP fail[0m
[0;32mI (20201) wifi station: retry to connect to the AP[0m
[0;32mI (20201) wifi station: connect to the AP fail[0m
[0;32mI (22621) wifi station: retry to connect to the AP[0m
[0;32mI (22621) wifi station: connect to the AP fail[0m
[0;32mI (25031) wifi station: retry to connect to the AP[0m
[0;32mI (25031) wifi station: connect to the AP fail[0m
[0;32mI (27441) wifi station: connect to the AP fail[0m
[0;32mI (27441) wifi station: Failed to connect to SSID:Thanh Tam password:06111976[0m
[0;32mI (27451) MQTT: Other event id:7[0m
[0;31mE (27451) esp-tls: couldn't get hostname for :broker.hivemq.com: getaddrinfo() returns 202, addrinfo=0x0[0m
[0;31mE (27461) transport_base: Failed to open a new connection: 32769[0m
[0;31mE (27461) mqtt_client: Error transport connect[0m
[0;32mI (27471) MQTT: MQTT_EVENT_ERROR[0m
[0;32mI (27471) MQTT: Last errno string (Success)[0m
[0;32mI (27481) MQTT: MQTT_EVENT_DISCONNECTED[0m
[0;32mI (27481) example: Turn off LCD backlight[0m
[0;32mI (27491) gpio: GPIO[2]| InputEn: 0| OutputEn: 1| OpenDrain: 0| Pullup: 0| Pulldown: 0| Intr:0 [0m
[0;32mI (27501) example: Initialize SPI bus[0m
[0;32mI (27501) example: Install panel IO[0m
[0;32mI (27511) gpio: GPIO[5]| InputEn: 0| OutputEn: 1| OpenDrain: 0| Pullup: 0| Pulldown: 0| Intr:0 [0m
[0;32mI (27511) example: Install ILI9341 panel driver[0m
[0;32mI (27521) gpio: GPIO[3]| InputEn: 0| OutputEn: 1| OpenDrain: 0| Pullup: 0| Pulldown: 0| Intr:0 [0m
[0;32mI (27531) ili9341: LCD panel create success, version: 1.2.0[0m
[0;32mI (27661) example: Turn on LCD backlight[0m
[0;32mI (27661) example: Initialize LVGL library[0m
[0;32mI (27661) example: Register display driver to LVGL[0m
[0;32mI (27671) example: Install LVGL tick timer[0m

Available after enqueue: 9 


Available after dequeue: 10 

[0;32mI (27691) ui_Screen1_screen_init: temp:1.00[0m
[0;32mI (27691) ui_Screen1_screen_init: Buffer: TEMP : 1.00 Â°C[0m
[0;32mI (27691) ui_Screen1_screen_init: Co2:476.90[0m
[0;32mI (27691) ui_Screen1_screen_init: Buffer: Co2 : 476.90 ppm[0m
[0;32mI (27701) ui_Screen1_screen_init: Humi:54.15[0m
[0;32mI (27701) ui_Screen1_screen_init: Buffer: HUMI : 54.15 %[0m
[0;32mI (27831) MQTT: sent publish successful, msg_id=39942[0m
[0;32mI (27831) main_task: Returned from app_main()[0m

Available after enqueue: 9 


Available after dequeue: 10 

[0;32mI (30681) ui_Screen1_screen_init: temp:2.00[0m
[0;32mI (30691) ui_Screen1_screen_init: Buffer: TEMP : 2.00 Â°C[0m
[0;32mI (30691) ui_Screen1_screen_init: Co2:372.58[0m
[0;32mI (30691