S+
Bï¿½ï¿½Jï¿½ï¿½Ñ¹esp32:ets Jul 29 2019 12:21:46

rst:0x1 (POWERON_RESET),boot:0x13 (SPI_FAST_FLASH_BOOT)
configsip: 0, SPIWP:0xee
clk_drv:0x00,q_drv:0x00,d_drv:0x00,cs0_drv:0x00,hd_drv:0x00,wp_drv:0x00
mode:DIO, clock div:2
load:0x3fff0030,len:7172
load:0x40078000,len:15540
load:0x40080400,len:4
ho 8 tail 4 room 4
load:0x40080404,len:3904
entry 0x40080640
[0;32mI (31) boot: ESP-IDF v5.2.1-dirty 2nd stage bootloader[0m
[0;32mI (31) boot: compile time Jun 24 2024 15:54:38[0m
[0;32mI (31) boot: Multicore bootloader[0m
[0;32mI (36) boot: chip revision: v3.1[0m
[0;32mI (40) boot.esp32: SPI Speed      : 40MHz[0m
[0;32mI (44) boot.esp32: SPI Mode       : DIO[0m
[0;32mI (49) boot.esp32: SPI Flash Size : 2MB[0m
[0;32mI (53) boot: Enabling RNG early entropy source...[0m
[0;32mI (59) boot: Partition Table:[0m
[0;32mI (62) boot: ## Label            Usage          Type ST Offset   Length[0m
[0;32mI (70) boot:  0 nvs              WiFi data        01 02 00009000 00006000[0m
[0;32mI (77) boot:  1 phy_init         RF data          01 01 0000f000 00001000[0m
[0;32mI (85) boot:  2 factory          factory app      00 00 00010000 00177000[0m
[0;32mI (92) boot: End of partition table[0m
[0;32mI (96) esp_image: segment 0: paddr=00010020 vaddr=3f400020 size=0bee8h ( 48872) map[0m
[0;32mI (121) esp_image: segment 1: paddr=0001bf10 vaddr=3ffb0000 size=02284h (  8836) load[0m
[0;32mI (125) esp_image: segment 2: paddr=0001e19c vaddr=40080000 size=01e7ch (  7804) load[0m
[0;32mI (130) esp_image: segment 3: paddr=00020020 vaddr=400d0020 size=1c2fch (115452) map[0m
[0;32mI (175) esp_image: segment 4: paddr=0003c324 vaddr=40081e7c size=0c14ch ( 49484) load[0m
[0;32mI (202) boot: Loaded app from partition at offset 0x10000[0m
[0;32mI (202) boot: Disabling RNG early entropy source...[0m
[0;32mI (213) cpu_start: Multicore app[0m
[0;32mI (222) cpu_start: Pro cpu start user code[0m
[0;32mI (222) cpu_start: cpu freq: 160000000 Hz[0m
[0;32mI (222) cpu_start: Application information:[0m
[0;32mI (225) cpu_start: Project name:     main[0m
[0;32mI (230) cpu_start: App version:      1[0m
[0;32mI (234) cpu_start: Compile time:     Jun 24 2024 16:32:35[0m
[0;32mI (241) cpu_start: ELF file SHA256:  319e49fff...[0m
[0;32mI (246) cpu_start: ESP-IDF:          v5.2.1-dirty[0m
[0;32mI (251) cpu_start: Min chip rev:     v0.0[0m
[0;32mI (256) cpu_start: Max chip rev:     v3.99 [0m
[0;32mI (261) cpu_start: Chip rev:         v3.1[0m
[0;32mI (266) heap_init: Initializing. RAM available for dynamic allocation:[0m
[0;32mI (273) heap_init: At 3FFAE6E0 len 00001920 (6 KiB): DRAM[0m
[0;32mI (279) heap_init: At 3FFB2B70 len 0002D490 (181 KiB): DRAM[0m
[0;32mI (285) heap_init: At 3FFE0440 len 00003AE0 (14 KiB): D/IRAM[0m
[0;32mI (291) heap_init: At 3FFE4350 len 0001BCB0 (111 KiB): D/IRAM[0m
[0;32mI (298) heap_init: At 4008DFC8 len 00012038 (72 KiB): IRAM[0m
[0;32mI (306) spi_flash: detected chip: generic[0m
[0;32mI (309) spi_flash: flash io: dio[0m
[0;33mW (313) spi_flash: Detected size(4096k) larger than the size in the binary image header(2048k). Using the size in the binary image header.[0m
[0;33mW (326) i2c: This driver is an old driver, please migrate your application code to adapt `driver/i2c_master.h`[0m
[0;32mI (337) main_task: Started on CPU0[0m
[0;32mI (347) main_task: Calling app_main()[0m
[0;32mI (347) TX_MHZ14A_TASK: Wrote 9 bytes[0m
[0;32mI (347) bmx280: Probing for BMP280/BME280 sensors on I2C 0[0m
[0;32mI (347) main_task: Returned from app_main()[0m
[0;32mI (347) bmx280: Probe success: address=ec, id=60[0m
[0;32mI (367) bmx280: Reading out calibration values...[0m
[0;32mI (367) bmx280: Read Low Bank.[0m
[0;32mI (367) bmx280: Read High Bank.[0m
[0;32mI (377) bmx280: Dumping calibration...[0m
[0;32mI (377) bmx280: 4d 6d d0 67 32 00 0a 92 86 d6 d0 0b ca 1d fd ff [0m
[0;32mI (387) bmx280: f9 ff ac 26 0a d8 bd 10 10 00 84 01 00 00 04 01 [0m
[0;32mI (387) bmx280: 32 00 1e 00 [0m
[0;32mI (497) test: Read Values: temp = 29.4000, pres = 99919.6719, hum = 45.5576[0m
[0;32mI (1377) RX_MHZ14A_TASK: Read 9 bytes: 'ï¿½ï¿½)G'[0m
[0;32mI (1377) RX_MHZ14A_TASK: 0x3ffb7f58   ff 86 05 29 47 00 00 00  05                       |...)G....|[0m
[0;32mI (1377) RX_MHZ14A_TASK: 

	Calibrated CO2 Concentration: 1453.10 ppm

[0m
[0;32mI (2347) TX_MHZ14A_TASK: Wrote 9 bytes[0m
[0;32mI (2447) PMS7003: Bytes read: 64[0m
[0;32mI (2447) PMS7003: PMS7003 sensor read data successful.[0m
[0;32mI (2447) PMS7003: PM1.0: 3 ug/m3, PM2.5: 3 ug/m3, PM10: 3 ug/m3[0m
[0;32mI (2447) PMS7003: Calibrated PM1.0: 8.00 ug/m3, PM2.5: 6.00 ug/m3, PM10: 5.00 ug/m3[0m
[0;32mI (2597) test: Read Values: temp = 29.4000, pres = 99919.6719, hum = 45.5332[0m
[0;32mI (3377) RX_MHZ14A_TASK: Read 9 bytes: 'ï¿½ï¿½(G'[0m
[0;32mI (3377) RX_MHZ14A_TASK: 0x3ffb7f58   ff 86 05 28 47 00 00 00  06                       |...(G....|[0m
[0;32mI (3377) RX_MHZ14A_TASK: 

	Calibrated CO2 Concentration: 1452.00 ppm

[0m
[0;32mI (4347) TX_MHZ14A_TASK: Wrote 9 bytes[0m
[0;32mI (4697) test: Read Values: temp = 29.4000, pres = 99919.6719, hum = 45.5459[0m
[0;32mI (5377) RX_MHZ14A_TASK: Read 9 bytes: 'ï¿½ï¿½&G'[0m
[0;32mI (5377) RX_MHZ14A_TASK: 0x3ffb7f58   ff 86 05 26 47 00 00 00  08                       |...&G....|[0m
[0;32mI (5377) RX_MHZ14A_TASK: 

	Calibrated CO2 Concentration: 1449.80 ppm

[0m
[0;32mI (6347) TX_MHZ14A_TASK: Wrote 9 bytes[0m
[0;32mI (6457) PMS7003: Bytes read: 128[0m
[0;32mI (6457) PMS7003: PMS7003 sensor read data successful.[0m
[0;32mI (6457) PMS7003: PM1.0: 3 ug/m3, PM2.5: 3 ug/m3, PM10: 3 ug/m3[0m
[0;32mI (6457) PMS7003: Calibrated PM1.0: 8.00 ug/m3, PM2.5: 6.00 ug/m3, PM10: 5.00 ug/m3[0m
[0;32mI (6797) test: Read Values: temp = 29.4000, pres = 99919.6719, hum = 45.4609[0m
[0;32mI (7377) RX_MHZ14A_TASK: Read 9 bytes: 'ï¿½ï¿½$G'[0m
[0;32mI (7377) RX_MHZ14A_TASK: 0x3ffb7f58   ff 86 05 24 47 00 00 00  0a                       |...$G....|[0m
[0;32mI (7377) RX_MHZ14A_TASK: 

	Calibrated CO2 Concentration: 1447.60 ppm

[0m
[0;32mI (8347) TX_MHZ14A_TASK: Wrote 9 bytes[0m
[0;32mI (8897) test: Read Values: temp = 29.4000, pres = 99919.6719, hum = 45.4482[0m
[0;32mI (9377) RX_MHZ14A_TASK: Read 9 bytes: 'ï¿½ï¿½$G'[0m
[0;32mI (9377) RX_MHZ14A_TASK: 0x3ffb7f58   ff 86 05 24 47 00 00 00  0a                       |...$G....|[0m
[0;32mI (9377) RX_MHZ14A_TASK: 

	Calibrated CO2 Concentration: 1447.60 ppm

[0m
[0;32mI (10347) TX_MHZ14A_TASK: Wrote 9 bytes[0m
[0;32mI (10467) PMS7003: Bytes read: 128[0m
[0;32mI (10467) PMS7003: PMS7003 sensor read data successful.[0m
[0;32mI (10467) PMS7003: PM1.0: 3 ug/m3, PM2.5: 3 ug/m3, PM10: 3 ug/m3[0m
[0;32mI (10467) PMS7003: Calibrated PM1.0: 8.00 ug/m3, PM2.5: 6.00 ug/m3, PM10: 5.00 ug/m3[0m
[0;32mI (10997) test: Read Values: temp = 29.4000, pres = 99919.6719, hum = 45.4121[0m
[0;32mI (11377) RX_MHZ14A_TASK: Read 9 bytes: 'ï¿½ï¿½"G'[0m
[0;32mI (11377) RX_MHZ14A_TASK: 0x3ffb7f58   ff 86 05 22 47 00 00 00  0c                       |..."G....|[0m
[0;32mI (11377) RX_MHZ14A_TASK: 

	Calibrated CO2 Concentration: 1445.40 ppm

[0m
[0;32mI (12347) TX_MHZ14A_TASK: Wrote 9 bytes[0m
[0;32mI (13097) test: Read Values: temp = 29.4000, pres = 99919.6719, hum = 45.3506[0m
[0;32mI (13377) RX_MHZ14A_TASK: Read 9 bytes: 'ï¿½ï¿½ G'[0m
[0;32mI (13377) RX_MHZ14A_TASK: 0x3ffb7f58   ff 86 05 20 47 00 00 00  0e                       |... G....|[0m
[0;32mI (13377) RX_MHZ14A_TASK: 

	Calibrated CO2 Concentration: 1443.20 ppm

[0m
[0;32mI (14347) TX_MHZ14A_TASK: Wrote 9 bytes[0m
[0;32mI (14477) PMS7003: Bytes read: 128[0m
[0;32mI (14477) PMS7003: PMS7003 sensor read data successful.[0m
[0;32mI (14477) PMS7003: PM1.0: 3 ug/m3, PM2.5: 3 ug/m3, PM10: 3 ug/m3[0m
[0;32mI (14477) PMS7003: Calibrated PM1.0: 8.00 ug/m3, PM2.5: 6.00 ug/m3, PM10: 5.00 ug/m3[0m
[0;32mI (15197) test: Read Values: temp = 29.4000, pres = 99919.6719, hum = 45.3750[0m
[0;32mI (15377) RX_MHZ14A_TASK: Read 9 b