eÚšï¿½j%ï¿½(40) boot.esp32: SPets Jul 29 2019 12:21:46

rst:0x1 (POWERON_RESET),boot:0x13 (SPI_FAST_FLASH_BOOT)
configsip: 0, SPIWP:0xee
clk_drv:0x00,q_drv:0x00,d_drv:0x00,cs0_drv:0x00,hd_drv:0x00,wp_drv:0x00
mode:DIO, clock div:2
load:0x3fff0030,len:7172
load:0x40078000,len:15540
load:0x40080400,len:4
ho 8 tail 4 room 4
load:0x40080404,len:3904
entry 0x40080640
[0;32mI (31) boot: ESP-IDF v5.2.1-dirty 2nd stage bootloader[0m
[0;32mI (31) boot: compile time Jun 25 2024 11:41:08[0m
[0;32mI (31) boot: Multicore bootloader[0m
[0;32mI (36) boot: chip revision: v3.1[0m
[0;32mI (40) boot.esp32: SPI Speed      : 40MHz[0m
[0;32mI (44) boot.esp32: SPI Mode       : DIO[0m
[0;32mI (49) boot.esp32: SPI Flash Size : 2MB[0m
[0;32mI (53) boot: Enabling RNG early entropy source...[0m
[0;32mI (59) boot: Partition Table:[0m
[0;32mI (62) boot: ## Label            Usage          Type ST Offset   Length[0m
[0;32mI (70) boot:  0 nvs              WiFi data        01 02 00009000 00006000[0m
[0;32mI (77) boot:  1 phy_init         RF data          01 01 0000f000 00001000[0m
[0;32mI (85) boot:  2 factory          factory app      00 00 00010000 00177000[0m
[0;32mI (92) boot: End of partition table[0m
[0;32mI (96) esp_image: segment 0: paddr=00010020 vaddr=3f400020 size=3f084h (258180) map[0m
[0;32mI (193) esp_image: segment 1: paddr=0004f0ac vaddr=3ffb0000 size=00f6ch (  3948) load[0m
[0;32mI (195) esp_image: segment 2: paddr=00050020 vaddr=400d0020 size=dd224h (905764) map[0m
[0;32mI (509) esp_image: segment 3: paddr=0012d24c vaddr=3ffb0f6c size=02f80h ( 12160) load[0m
[0;32mI (514) esp_image: segment 4: paddr=001301d4 vaddr=40080000 size=19b58h (105304) load[0m
[0;32mI (569) boot: Loaded app from partition at offset 0x10000[0m
[0;32mI (569) boot: Disabling RNG early entropy source...[0m
[0;32mI (581) cpu_start: Multicore app[0m
[0;32mI (590) cpu_start: Pro cpu start user code[0m
[0;32mI (590) cpu_start: cpu freq: 160000000 Hz[0m
[0;32mI (590) cpu_start: Application information:[0m
[0;32mI (593) cpu_start: Project name:     main[0m
[0;32mI (597) cpu_start: App version:      1[0m
[0;32mI (602) cpu_start: Compile time:     Jun 26 2024 13:51:15[0m
[0;32mI (608) cpu_start: ELF file SHA256:  205ad39fa...[0m
[0;32mI (613) cpu_start: ESP-IDF:          v5.2.1-dirty[0m
[0;32mI (619) cpu_start: Min chip rev:     v0.0[0m
[0;32mI (623) cpu_start: Max chip rev:     v3.99 [0m
[0;32mI (628) cpu_start: Chip rev:         v3.1[0m
[0;32mI (633) heap_init: Initializing. RAM available for dynamic allocation:[0m
[0;32mI (640) heap_init: At 3FFAE6E0 len 00001920 (6 KiB): DRAM[0m
[0;32mI (646) heap_init: At 3FFC0DA0 len 0001F260 (124 KiB): DRAM[0m
[0;32mI (652) heap_init: At 3FFE0440 len 00003AE0 (14 KiB): D/IRAM[0m
[0;32mI (659) heap_init: At 3FFE4350 len 0001BCB0 (111 KiB): D/IRAM[0m
[0;32mI (665) heap_init: At 40099B58 len 000064A8 (25 KiB): IRAM[0m
[0;32mI (673) spi_flash: detected chip: generic[0m
[0;32mI (676) spi_flash: flash io: dio[0m
[0;33mW (680) spi_flash: Detected size(4096k) larger than the size in the binary image header(2048k). Using the size in the binary image header.[0m
[0;33mW (693) i2c: This driver is an old driver, please migrate your application code to adapt `driver/i2c_master.h`[0m
[0;32mI (704) main_task: Started on CPU0[0m
[0;32mI (714) main_task: Calling app_main()[0m
I (754) wifi:wifi driver task: 3ffc8dfc, prio:23, stack:6656, core=0
I (774) wifi:wifi firmware version: a9f5b59
I (774) wifi:wifi certification version: v7.0
I (774) wifi:config NVS flash: enabled
I (774) wifi:config nano formating: disabled
I (774) wifi:Init data frame dynamic rx buffer num: 32
I (784) wifi:Init static rx mgmt buffer num: 5
I (784) wifi:Init management short buffer num: 32
I (784) wifi:Init dynamic tx buffer num: 32
I (794) wifi:Init static rx buffer size: 1600
I (794) wifi:Init static rx buffer num: 10
I (804) wifi:Init dynamic rx buffer num: 32
[0;32mI (804) wifi_init: rx ba win: 6[0m
[0;32mI (804) wifi_init: tcpip mbox: 32[0m
[0;32mI (814) wifi_init: udp mbox: 6[0m
[0;32mI (814) wifi_init: tcp mbox: 6[0m
[0;32mI (824) wifi_init: tcp tx win: 5760[0m
[0;32mI (824) wifi_init: tcp rx win: 5760[0m
[0;32mI (824) wifi_init: tcp mss: 1440[0m
[0;32mI (834) wifi_init: WiFi IRAM OP enabled[0m
[0;32mI (834) wifi_init: WiFi RX IRAM OP enabled[0m
[0;32mI (844) phy_init: phy_version 4791,2c4672b,Dec 20 2023,16:06:06[0m
I (934) wifi:mode : sta (b0:b2:1c:a7:ba:fc)
I (934) wifi:enable tsf
I (964) wifi:new:<1,0>, old:<1,0>, ap:<255,255>, sta:<1,0>, prof:1
I (964) wifi:state: init -> auth (b0)
I (1014) wifi:state: auth -> assoc (0)
I (1084) wifi:state: assoc -> run (10)
I (1224) wifi:connected with Thanh Tam, aid = 4, channel 1, BW20, bssid = 10:39:4e:fd:17:30
I (1224) wifi:security: WPA2-PSK, phy: bgn, rssi: -79
I (1234) wifi:pm start, type: 1

I (1234) wifi:dp: 1, bi: 102400, li: 3, scale listen interval from 307200 us to 307200 us
I (1304) wifi:AP's beacon interval = 102400 us, DTIM period = 1
[0;32mI (2244) esp_netif_handlers: sta ip: 192.168.1.10, mask: 255.255.255.0, gw: 192.168.1.1[0m
[0;32mI (2244) example: Turn off LCD backlight[0m
[0;32mI (2254) gpio: GPIO[32]| InputEn: 0| OutputEn: 1| OpenDrain: 0| Pullup: 0| Pulldown: 0| Intr:0 [0m
[0;32mI (2254) example: Initialize SPI bus[0m
[0;32mI (2254) example: Install panel IO[0m
[0;32mI (2264) gpio: GPIO[2]| InputEn: 0| OutputEn: 1| OpenDrain: 0| Pullup: 0| Pulldown: 0| Intr:0 [0m
[0;32mI (2274) example: Install ILI9341 panel driver[0m
[0;32mI (2274) gpio: GPIO[33]| InputEn: 0| OutputEn: 1| OpenDrain: 0| Pullup: 0| Pulldown: 0| Intr:0 [0m
[0;32mI (2284) ili9341: LCD panel create success, version: 1.2.0[0m
I (2384) wifi:<ba-add>idx:0 (ifx:0, 10:39:4e:fd:17:30), tid:0, ssn:5, winSize:64
[0;32mI (2414) example: Turn on LCD backlight[0m
[0;32mI (2414) example: Initialize LVGL library[0m
[0;32mI (2414) example: Register display driver to LVGL[0m
[0;32mI (2424) example: Install LVGL tick timer[0m
[0;32mI (2424) TX_MHZ14A_TASK: Wrote 9 bytes[0m
[0;32mI (2424) bmx280: Probing for BMP280/BME280 sensors on I2C 0[0m
[0;31mE (2434) i2c: i2c_master_cmd_begin(1475): i2c driver not installed[0m

Available after enqueue: 9 

[0;33mW (2434) bmx280: Probe failure: address=ec, id=ad, reason=ESP_ERR_INVALID_STATE[0m
I (2444) wifi:state: run -> init (0)[0;31mE (2444) i2c: i2c_master_cmd_begin(1475): i2c driver not installed[0m

[0;33mW (2454) bmx280: Probe failure: address=ee, id=ad, reason=ESP_ERR_INVALID_STATE[0m

Available after dequeue: 10 

[0;31mE (2464) bmx280: Sensor not found.[0m
ESP_ERROR_CHECK failed: esp_err_t 0x1I (ERROR) at 0x400d772e
file: "./main/main.c" line 173
func: i2c_bme280_task
expression: bmx280_init(bmx280)

abort() was called at PC 0x4008b37b on core 1


Backtrace: 0x40081a36:0x3ffdd680 0x4008b385:0x3ffdd6a0 0x40093d75:0x3ffdd6c0 0x4008b37b:0x3ffdd730 0x400d772e:0x3ffdd760 0x4008bf4d:0x3ffdd7b0




ELF file SHA256: 205ad39fa

Rebooting...
ets Jul 29 2019 12:21:46

rst:0xc (SW_CPU_RESET),boot:0x13 (SPI_FAST_FLASH_BOOT)
configsip: 0, SPIWP:0xee
clk_drv:0x00,q_drv:0x00,d_drv:0x00,cs0_drv:0x00,hd_drv:0x00,wp_drv:0x00
mode:DIO, clock div:2
load:0x3fff0030,len:7172
load:0x40078000,len:15540
load:0x40080400,len:4
ho 8 tail 4 room 4
load:0x40080404,len:3904
entry 0x40080640
[0;32mI (31) boot: ESP-IDF v5.2.1-dirty 2nd stage bootloader[0m
[0;32mI (31) boot: compile time Jun 25 2024 11:41:08[0m
[0;32mI (31) boot: Multicore bootloader[0m
[0;32mI (36) boot: chip revision: v3.1[0m
[0;32mI (40) boot.esp32: SPI Speed      : 40MHz[0m
[0;32mI (44) boot.esp32: SPI Mode       : DIO[0m
[0;32mI (49) boot.esp32: SPI Flash Size : 2MB[0m
[0;32mI (53) boot: Enabling RNG early entropy source...[0m
[0;32mI (59) boot: Partition Table:[0m
[0;32mI (62) boot: ## Label            Usage          Type ST Offset   Length[0m
[0;32mI (70) boot:  0 nvs              WiFi data        01 02 00009000 00006000[0m
[0;32mI (77) boot:  1 phy_init         RF data          01 01 0000f000 00001000[0m
[0;32mI (84) boot:  2 factory          factory app      00 00 00010000 00177000[0m
[0;32mI (92) boot: End of partition table[0m
[0;32mI (96) esp_image: segment 0: paddr=00010020 vaddr=3f400020 size=3f084h (258180) map[0m
[0;32mI (193) esp_image: segment 1: paddr=0004f0ac vaddr=3ffb0000 size=00f6ch (  3948) load[0m
[0;32mI (195) esp_image: segment 2: paddr=00050020 vaddr=400d0020 size=dd224h (905764) map[0m
[0;32mI (509) esp_image: segment 3: paddr=0012d24c vaddr=3ffb0f6c size=02f80h ( 12160) load[0m
[0;32mI (514) esp_image: segment 4: paddr=001301d4 vaddr=40080000 size=19b58h (105304) load[0m
[0;32mI (569) boot: Loaded app from partition at offset 0x10000[0m
[0;32mI (569) boot: Disabling RNG early entropy source...[0m
[0;32mI (581) cpu_start: Multicore app[0m
[0;32mI (589) cpu_start: Pro cpu start user code[0m
[0;32mI (589) cpu_start: cpu freq: 160000000 Hz[0m
[0;32mI (590) cpu_start: Application information:[0m
[0;32mI (592) cpu_start: Project name:     main[0m
[0;32mI (597) cpu_start: App version:      1[0m
[0;32mI (602) cpu_start: Compile time:     Jun 26 2024 13:51:15[0m
[0;32mI (608) cpu_start: ELF file SHA256:  205ad39fa...[0m
[0;32mI (613) cpu_start: ESP-IDF:          v5.2.1-dirty[0m
[0;32mI (618) cpu_start: Min chip rev:     v0.0[0m
[0;32mI (623) cpu_start: Max chip rev:     v3.99 [0m
[0;32mI (628) cpu_start: Chip rev:         v3.1[0m
[0;32mI (633) heap_init: Initializing. RAM available for dynamic allocation:[0m
[0;32mI (640) heap_init: At 3FFAE6E0 len 00001920 (6 KiB): DRAM[0m
[0;32mI (646) heap_init: At 3FFC0DA0 len 0001F260 (124 KiB): DRAM[0m
[0;32mI (652) heap_init: At 3FFE0440 len 00003AE0 (14 KiB): D/IRAM[0m
[0;32mI (659) heap_init: At 3FFE4350 len 0001BCB0 (111 KiB): D/IRAM[0m
[0;32mI (665) heap_init: At 40099B58 len 000064A8 (25 KiB): IRAM[0m
[0;32mI (673) spi_flash: detected chip: generic[0m
[0;32mI (676) spi_flash: flash io: dio[0m
[0;33mW (680) spi_flash: Detected size(4096k) larger than the size in the binary image header(2048k). Using the size in the binary image header.[0m
[0;33mW (693) i2c: This driver is an old driver, please migrate your application code to adapt `driver/i2c_master.h`[0m
[0;32mI (704) main_task: Started on CPU0[0m
[0;32mI (714) main_task: Calling app_main()[0m
