ï¿½ï¿½É•ï¿½bootloader[0m
[0;32mI (35) boot: ï¿½ets Jun  8 2016 00:22:57

rst:0x1 (POWERON_RESET),boot:0x13 (SPI_FAST_FLASH_BOOT)
configsip: 0, SPIWP:0xee
clk_drv:0x00,q_drv:0x00,d_drv:0x00,cs0_drv:0x00,hd_drv:0x00,wp_drv:0x00
mode:DIO, clock div:2
load:0x3fff0030,len:7172
load:0x40078000,len:15540
load:0x40080400,len:4
ho 8 tail 4 room 4
load:0x40080404,len:3904
entry 0x40080640
[0;32mI (30) boot: ESP-IDF v5.2.1-dirty 2nd stage bootloader[0m
[0;32mI (30) boot: compile time Jun 24 2024 15:54:38[0m
[0;32mI (30) boot: Multicore bootloader[0m
[0;32mI (35) boot: chip revision: v1.0[0m
[0;32mI (39) boot.esp32: SPI Speed      : 40MHz[0m
[0;32mI (43) boot.esp32: SPI Mode       : DIO[0m
[0;32mI (48) boot.esp32: SPI Flash Size : 2MB[0m
[0;32mI (52) boot: Enabling RNG early entropy source...[0m
[0;32mI (58) boot: Partition Table:[0m
[0;32mI (61) boot: ## Label            Usage          Type ST Offset   Length[0m
[0;32mI (69) boot:  0 nvs              WiFi data        01 02 00009000 00006000[0m
[0;32mI (76) boot:  1 phy_init         RF data          01 01 0000f000 00001000[0m
[0;32mI (84) boot:  2 factory          factory app      00 00 00010000 00177000[0m
[0;32mI (91) boot: End of partition table[0m
[0;32mI (95) esp_image: segment 0: paddr=00010020 vaddr=3f400020 size=0be88h ( 48776) map[0m
[0;32mI (120) esp_image: segment 1: paddr=0001beb0 vaddr=3ffb0000 size=02284h (  8836) load[0m
[0;32mI (124) esp_image: segment 2: paddr=0001e13c vaddr=40080000 size=01edch (  7900) load[0m
[0;32mI (129) esp_image: segment 3: paddr=00020020 vaddr=400d0020 size=1c20ch (115212) map[0m
[0;32mI (174) esp_image: segment 4: paddr=0003c234 vaddr=40081edc size=0c0ech ( 49388) load[0m
[0;32mI (201) boot: Loaded app from partition at offset 0x10000[0m
[0;32mI (201) boot: Disabling RNG early entropy source...[0m
[0;32mI (212) cpu_start: Multicore app[0m
[0;32mI (221) cpu_start: Pro cpu start user code[0m
[0;32mI (221) cpu_start: cpu freq: 160000000 Hz[0m
[0;32mI (221) cpu_start: Application information:[0m
[0;32mI (224) cpu_start: Project name:     main[0m
[0;32mI (229) cpu_start: App version:      1[0m
[0;32mI (234) cpu_start: Compile time:     Jun 24 2024 16:32:35[0m
[0;32mI (240) cpu_start: ELF file SHA256:  037636415...[0m
[0;32mI (245) cpu_start: ESP-IDF:          v5.2.1-dirty[0m
[0;32mI (250) cpu_start: Min chip rev:     v0.0[0m
[0;32mI (255) cpu_start: Max chip rev:     v3.99 [0m
[0;32mI (260) cpu_start: Chip rev:         v1.0[0m
[0;32mI (265) heap_init: Initializing. RAM available for dynamic allocation:[0m
[0;32mI (272) heap_init: At 3FFAE6E0 len 00001920 (6 KiB): DRAM[0m
[0;32mI (278) heap_init: At 3FFB2B58 len 0002D4A8 (181 KiB): DRAM[0m
[0;32mI (284) heap_init: At 3FFE0440 len 00003AE0 (14 KiB): D/IRAM[0m
[0;32mI (290) heap_init: At 3FFE4350 len 0001BCB0 (111 KiB): D/IRAM[0m
[0;32mI (297) heap_init: At 4008DFC8 len 00012038 (72 KiB): IRAM[0m
[0;32mI (305) spi_flash: detected chip: generic[0m
[0;32mI (308) spi_flash: flash io: dio[0m
[0;33mW (312) spi_flash: Detected size(4096k) larger than the size in the binary image header(2048k). Using the size in the binary image header.[0m
[0;33mW (325) i2c: This driver is an old driver, please migrate your application code to adapt `driver/i2c_master.h`[0m
[0;32mI (336) main_task: Started on CPU0[0m
[0;32mI (346) main_task: Calling app_main()[0m
[0;32mI (346) TX_MHZ14A_TASK: Wrote 9 bytes[0m
ets Jun  8 2016 00:22:57

rst:0x8 (TG1WDT_SYS_RESET),boot:0x13 (SPI_FAST_FLASH_BOOT)
configsip: 0, SPIWP:0xee
clk_drv:0x00,q_drv:0x00,d_drv:0x00,cs0_drv:0x00,hd_drv:0x00,wp_drv:0x00
mode:DIO, clock div:2
load:0x3fff0030,len:7172
load:0x40078000,len:15540
load:0x40080400,len:4
ho 8 tail 4 room 4
load:0x40080404,len:3904
entry 0x40080640
[0;32mI (61) boot: ESP-IDF v5.2.1-dirty 2nd stage bootloader[0m
[0;32mI (61) boot: compile time Jun 24 2024 15:54:38[0m
[0;32mI (61) boot: Multicore bootloader[0m
[0;32mI (67) boot: chip revision: v1.0[0m
[0;32mI (71) boot.esp32: SPI Speed      : 40MHz[0m
[0;32mI (75) boot.esp32: SPI Mode       : DIO[0m
[0;32mI (80) boot.esp32: SPI Flash Size : 2MB[0m
[0;33mW (84) boot.esp32: PRO CPU has been reset by WDT.[0m
[0;33mW (90) boot.esp32: WDT reset info: PRO CPU PC=0x40082ddd[0m
[0;33mW (96) boot.esp32: WDT reset info: APP CPU PC=0x40084a2c[0m
[0;32mI (102) boot: Enabling RNG early entropy source...[0m
[0;32mI (107) boot: Partition Table:[0m
[0;32mI (111) boot: ## Label            Usage          Type ST Offset   Length[0m
[0;32mI (118) boot:  0 nvs              WiFi data        01 02 00009000 00006000[0m
[0;32mI (126) boot:  1 phy_init         RF data          01 01 0000f000 00001000[0m
[0;32mI (133) boot:  2 factory          factory app      00 00 00010000 00177000[0m
[0;32mI (141) boot: End of partition table[0m
[0;32mI (145) esp_image: segment 0: paddr=00010020 vaddr=3f400020 size=0be88h ( 48776) map[0m
[0;32mI (171) esp_image: segment 1: paddr=0001beb0 vaddr=3ffb0000 size=02284h (  8836) load[0m
[0;32mI (174) esp_image: segment 2: paddr=0001e13c vaddr=40080000 size=01edch (  7900) load[0m
[0;32mI (179) esp_image: segment 3: paddr=00020020 vaddr=400d0020 size=1c20ch (115212) map[0m
[0;32mI (224) esp_image: segment 4: paddr=0003c234 vaddr=40081edc size=0c0ech ( 49388) load[0m
[0;32mI (251) boot: Loaded app from partition at offset 0x10000[0m
[0;32mI (251) boot: Disabling RNG early entropy source...[0m
[0;32mI (262) cpu_start: Multicore app[0m
[0;32mI (271) cpu_start: Pro cpu start user code[0m
[0;32mI (271) cpu_start: cpu freq: 160000000 Hz[0m
[0;32mI (271) cpu_start: Application information:[0m
[0;32mI (274) cpu_start: Project name:     main[0m
[0;32mI (279) cpu_start: App version:      1[0m
[0;32mI (284) cpu_start: Compile time:     Jun 24 2024 16:32:35[0m
[0;32mI (290) cpu_start: ELF file SHA256:  037636415...[0m
[0;32mI (295) cpu_start: ESP-IDF:          v5.2.1-dirty[0m
[0;32mI (300) cpu_start: Min chip rev:     v0.0[0m
[0;32mI (305) cpu_start: Max chip rev:     v3.99 [0m
[0;32mI (310) cpu_start: Chip rev:         v1.0[0m
[0;32mI (315) heap_init: Initializing. RAM available for dynamic allocation:[0m
[0;32mI (322) heap_init: At 3FFAE6E0 len 00001920 (6 KiB): DRAM[0m
[0;32mI (328) heap_init: At 3FFB2B58 len 0002D4A8 (181 KiB): DRAM[0m
[0;32mI (334) heap_init: At 3FFE0440 len 00003AE0 (14 KiB): D/IRAM[0m
[0;32mI (341) heap_init: At 3FFE4350 len 0001BCB0 (111 KiB): D/IRAM[0m
[0;32mI (347) heap_init: At 4008DFC8 len 00012038 (72 KiB): IRAM[0m
[0;32mI (355) spi_flash: detected chip: generic[0m
[0;32mI (358) spi_flash: flash io: dio[0m
[0;33mW (362) spi_flash: Detected size(4096k) larger than the size in the binary image header(2048k). Using the size in the binary image header.[0m
[0;33mW (375) i2c: This driver is an old driver, please migrate your application code to adapt `driver/i2c_master.h`[0m
[0;32mI (386) main_task: Started on CPU0[0m
[0;32mI (396) main_task: Calling app_main()[0m
[0;32mI (396) TX_MHZ14A_TASK: Wrote 9 bytes[0m
ets Jun  8 2016 00:22:57

rst:0x8 (TG1WDT_SYS_RESET),boot:0x13 (SPI_FAST_FLASH_BOOT)
configsip: 0, SPIWP:0xee
clk_drv:0x00,q_drv:0x00,d_drv:0x00,cs0_drv:0x00,hd_drv:0x00,wp_drv:0x00
mode:DIO, clock div:2
load:0x3fff0030,len:7172
load:0x40078000,len:15540
load:0x40080400,len:4
ho 8 tail 4 room 4
load:0x40080404,len:3904
entry 0x40080640
[0;32mI (61) boot: ESP-IDF v5.2.1-dirty 2nd stage bootloader[0m
[0;32mI (61) boot: compile time Jun 24 2024 15:54:38[0m
[0;32mI (61) boot: Multicore bootloader[0m
[0;32mI (67) boot: chip revision: v1.0[0m
[0;32mI (71) boot.esp32: SPI Speed      : 40MHz[0m
[0;32mI (75) boot.esp32: SPI Mode       : DIO[0m
[0;32mI (80) boot.esp32: SPI Flash Size : 2MB[0m
[0;33mW (84) boot.esp32: PRO CPU has been reset by WDT.[0m
[0;33mW (90) boot.esp32: WDT reset info: PRO CPU PC=0x40082dca[0m
[0;33mW (96) boot.esp32: WDT reset info: APP CPU PC=0x40080080[0m
[0;32mI (102) boot: Enabling RNG early entropy source...[0m
[0;32mI (107) boot: Partition Table:[0m
[0;32mI (111) boot: ## Label            Usage          Type ST Offset   Length[0m
[0;32mI (118) boot:  0 nvs              WiFi data        01 02 00009000 00006000[0m
[0;32mI (126) boot:  1 phy_init         RF data          01 01 0000f000 00001000[0m
[0;32mI (133) boot:  2 factory          factory app      00 00 00010000 00177000[0m
[0;32mI (141) boot: End of partition table[0m
[0;32mI (145) esp_image: segment 0: paddr=00010020 vaddr=3f400020 size=0be88h ( 48776) map[0m
[0;32mI (171) esp_image: segment 1: paddr=0001beb0 vaddr=3ffb0000 size=02284h (  8836) load[0m
[0;32mI (174) esp_image: segment 2: paddr=0001e13c vaddr=40080000 size=01edch (  7900) load[0m
[0;32mI (179) esp_image: segment 3: paddr=00020020 vaddr=400d0020 size=1c20ch (115212) map[0m
[0;32mI (224) esp_image: segment 4: paddr=0003c234 vaddr=40081edc size=0c0ech ( 49388) load[0m
[0;32mI (251) boot: Loaded app from partition at offset 0x10000[0m
[0;32mI (251) boot: Disabling RNG early entropy source...[0m
[0;32mI (262) cpu_start: Multicore app[0m
[0;32mI (271) cpu_start: Pro cpu start user code[0m
[0;32mI (271) cpu_start: cpu freq: 160000000 Hz[0m
[0;32mI (271) cpu_start: Application information:[0m
[0;32mI (274) cpu_start: Project name:     main[0m
[0;32mI (279) cpu_start: App version:      1[0m
[0;32mI (284) cpu_start: Compile time:     Jun 24 2024 16:32:35[0m
[0;32mI (290) cpu_start: ELF file SHA256:  037636415...[0m
[0;32mI (295) cpu_start: ESP-IDF:          v5.2.1-dirty[0m
[0;32mI (300) cpu_start: Min chip rev:     v0.0[0m
[0;32mI (305) cpu_start: Max chip rev:     v3.99 [0m
[0;32mI (310) cpu_start: Chip rev:         v1.0[0m
[0;32mI (315) heap_init: Initializing. RAM available for dynamic allocation:[0m
[0;32mI (322) heap_init: At 3FFAE6E0 len 00001920 (6 KiB): DRAM[0m
[0;32mI (328) heap_init: At 3FFB2B58 len 0002D4A8 (181 KiB): DRAM[0m
[0;32mI (334) heap_init: At 3FFE0440 len 00003AE0 (14 KiB): D/IRAM[0m
[0;32mI (341) heap_init: At 3FFE4350 len 0001BCB0 (111 KiB): D/IRAM[0m
[0;32mI (347) heap_init: At 4008DFC8 len 00012038 (72 KiB): IRAM[0m
[0;32mI (355) spi_flash: detected chip: generic[0m
[0;32mI (358) spi_flash: flash io: dio[0m
[0;33mW (362) spi_flash: Detected size(4096k) larger than the size in the binary image header(2048k). Using the size in the binary image header.[0m
[0;33mW (375) i2c: This driver is an old driver, please migrate your application code to adapt `driver/i2c_master.h`[0m
[0;32mI (386) main_task: Started on CPU0[0m
[0;32mI (396) main_task: Calling app_main()[0m
[0;32mI (396) TX_MHZ14A_TASK: Wrote 9 bytes[0m
ï¿½ï¿½"%=m[0m
[0;32mI (49) boot.esp32: SPI Flash Size : 2MB[0m
[0;32mI (53) boot: Enabling RNG early entropy source...[0m
[0;32mI (59) boot: Partition Table:[0m
[0;32mI (62) boot: ## Label            Usage          Type ST Offset   Length[0m
[0;32mI (70) boot:  0 nvs              WiFi data        01 02 00009000 00006000[0m
[0;32mI (77) boot:  1 phy_init         RF data          01 01 0000f000 00001000[0m
[0;32mI (85) boot:  2 factory          factory app      00 00 00010000 00100000[0m
[0;32mI (92) boot: End of partition table[0m
[0;32mI (96) esp_image: segment 0: paddr=00010020 vaddr=3f400020 size=0be50h ( 48720) map[0m
[0;32mI (121) esp_image: segment 1: paddr=0001be78 vaddr=3ffb0000 size=02284h (  8836) load[0m
[0;32mI (125) esp_image: segment 2: paddr=0001e104 vaddr=40080000 size=01f14h (  7956) load[0m
[0;32mI (130) esp_image: segment 3: paddr=00020020 vaddr=400d0020 size=1c36ch (115564) map[0m
[0;32mI (175) esp_image: segment 4: paddr=0003c394 vaddr=40081f14 size=0c11ch ( 49436) load[0m
[0;32mI (202) boot: Loaded app from partition at offset 0x10000[0m
[0;32mI (202) boot: Disabling RNG early entropy source...[0m
[0;32mI (213) cpu_start: Multicore app[0m
[0;32mI (222) cpu_start: Pro cpu start user code[0m
[0;32mI (222) cpu_start: cpu freq: 160000000 Hz[0m
[0;32mI (222) cpu_start: Application information:[0m
[0;32mI (225) cpu_start: Project name:     all_sensor[0m
[0;32mI (231) cpu_start: App version:      1[0m
[0;32mI (235) cpu_start: Compile time:     Jun 24 2024 16:04:21[0m
[0;32mI (241) cpu_start: ELF file SHA256:  c9a509f95...[0m
[0;32mI (246) cpu_start: ESP-IDF:          v5.2.2-dirty[0m
[0;32mI (252) cpu_start: Min chip rev:     v0.0[0m
[0;32mI (256) cpu_start: Max chip rev:     v3.99 [0m
[0;32mI (261) cpu_start: Chip rev:         v3.1[0m
[0;32mI (266) heap_init: Initializing. RAM available for dynamic allocation:[0m
[0;32mI (273) heap_init: At 3FFAE6E0 len 00001920 (6 KiB): DRAM[0m
[0;32mI (279) heap_init: At 3FFB2B58 len 0002D4A8 (181 KiB): DRAM[0m
[0;32mI (286) heap_init: At 3FFE0440 len 00003AE0 (14 KiB): D/IRAM[0m
[0;32mI (292) heap_init: At 3FFE4350 len 0001BCB0 (111 KiB): D/IRAM[0m
[0;32mI (298) heap_init: At 4008E030 len 00011FD0 (71 KiB): IRAM[0m
[0;32mI (306) spi_flash: detected chip: generic[0m
[0;32mI (309) spi_flash: flash io: dio[0m
[0;33mW (313) spi_flash: Detected size(4096k) larger than the size in the binary image header(2048k). Using the size in the binary image header.[0m
[0;33mW (326) i2c: This driver is an old driver, please migrate your application code to adapt `driver/i2c_master.h`[0m
[0;32mI (338) main_task: Started on CPU0[0m
[0;32mI (348) main_task: Calling app_main()[0m
[0;32mI (348) TX_MHZ14A_TASK: Wrote 9 bytes[0m
[0;32mI (348) bmx280: Probing for BMP280/BME280 sensors on I2C 0[0m
[0;32mI (348) main_task: Returned from app_main()[0m
[0;32mI (348) bmx280: Probe success: address=ec, id=60[0m
[0;32mI (368) bmx280: Reading out calibration values...[0m
[0;32mI (368) bmx280: Read Low Bank.[0m
[0;32mI (368) bmx280: Read High Bank.[0m
[0;32mI (378) bmx280: Dumping calibration...[0m
[0;32mI (378) bmx280: 4d 6d d0 67 32 00 0a 92 86 d6 d0 0b ca 1d fd ff [0m
[0;32mI (388) bmx280: f9 ff ac 26 0a d8 bd 10 10 00 84 01 00 00 04 01 [0m
[0;32mI (388) bmx280: 32 00 1e 00 [0m
[0;32mI (498) test: Read Values: temp = 29.5500, pres = 99802.1094, hum = 45.3047[0m
[0;32mI (1378) RX_MHZ14A_TASK: Read 5 bytes: 'ï¿½ï¿½ï¿½ï¿½ï¿½'[0m
[0;32mI (1378) RX_MHZ14A_TASK: 0x3ffb7f40   ff ff ff bf ff                                    |.....|[0m
[0;32mI (1378) RX_MHZ14A_TASK: 

	Calibrated CO2 Concentration: 72018.10 ppm

[0m
[0;32mI (2348) TX_MHZ14A_TASK: Wrote 9 bytes[0m
[0;32mI (2448) PMS7003: Bytes read: 96[0m
[0;32mI (2448) PMS7003: PMS7003 sensor read data successful.[0m
[0;32mI (2448) PMS7003: PM1.0: 5 ug/m3, PM2.5: 5 ug/m3, PM10: 5 ug/m3[0m
[0;32mI (2448) PMS7003: Calibrated PM1.0: 10.00 ug/m3, PM2.5: 8.00 ug/m3, PM10: 7.00 ug/m3[0m
[0;32mI (2598) test: Read Values: temp = 29.5500, pres = 99802.1094, hum = 47.3174[0m
[0;32mI (3378) RX_MHZ14A_TASK: Read 4 bytes: 'ï¿½ï¿½ï¿½ï¿½'[0m
[0;32mI (3378) RX_MHZ14A_TASK: 0x3ffb7f40   ff ff ff ff                                       |....|[0m
[0;32mI (3378) RX_MHZ14A_TASK: 

	Calibrated CO2 Concentration: 72088.50 ppm

[0m
[0;32mI (4348) TX_MHZ14A_TASK: Wrote 9 bytes[0m
ESP_ERROR_CHECK failed: esp_err_t 0x107 (ESP_ERR_TIMEOUT) at 0x400d5abb
file: "./main/main.c" line 386
func: i2c_bme280_task
expression: bmx280_setMode(bmx280, BMX280_MODE_FORCE)

abort() was called at PC 0x40086c1b on core 0


Backtrace: 0x4008173e:0x3ffb9c30 0x40086c25:0x3ffb9c50 0x4008c975:0x3ffb9c70 0x40086c1b:0x3ffb9ce0 0x400d5abb:0x3ffb9d10 0x40087749:0x3ffb9d90




ELF file SHA256: c9a509f95

Rebooting...
ets Jul 29 2019 12:21:46

rst:0xc (SW_CPU_RESET),boot:0x13 (SPI_FAST_FLASH_BOOT)
configsip: 0, SPIWP:0xee
clk_drv:0x00,q_drv:0x00,d_drv:0x00,cs0_drv:0x00,hd_drv:0x00,wp_drv:0x00
mode:DIO, clock div:2
load:0x3fff0030,len:7172
load:0x40078000,len:15540
load:0x40080400,len:4
ho 8 tail 4 room 4
load:0x40080404,len:3904
entry 0x40080640
[0;32mI (31) boot: ESP-IDF v5.2.2-dirty 2nd stage bootloader[0m
[0;32mI (31) boot: compile time Jun 24 2024 16:04:47[0m
[0;32mI (31) boot: Multicore bootloader[0m
[0;32mI (36) boot: chip revision: v3.1[0m
[0;32mI (40) boot.esp32: SPI Speed      : 40MHz[0m
[0;32mI (44) boot.esp32: SPI Mode       : DIO[0m
[0;32mI (49) boot.esp32: SPI Flash Size : 2MB[0m
[0;32mI (53) boot: Enabling RNG early entropy source...[0m
[0;32mI (59) boot: Partition Table:[0m
[0;32mI (62) boot: ## Label            Usage          Type ST Offset   Length[0m
[0;32mI (70) boot:  0 nvs              WiFi data        01 02 00009000 00006000[0m
[0;32mI (77) boot:  1 phy_init         RF data          01 01 0000f000 00001000[0m
[0;32mI (84) boot:  2 factory          factory app      00 00 00010000 00100000[0m
[0;32mI (92) boot: End of partition table[0m
[0;32mI (96) esp_image: segment 0: paddr=00010020 vaddr=3f400020 size=0be50h ( 48720) map[0m
[0;32mI (121) esp_image: segment 1: paddr=0001be78 vaddr=3ffb0000 size=02284h (  8836) load[0m
[0;32mI (125) esp_image: segment 2: paddr=0001e104 vaddr=40080000 size=01f14h (  7956) load[0m
[0;32mI (130) esp_image: segment 3: paddr=00020020 vaddr=400d0020 size=1c36ch (115564) map[0m
[0;32mI (175) esp_image: segment 4: paddr=0003c394 vaddr=40081f14 size=0c11ch ( 49436) load[0m
[0;32mI (202) boot: Loaded app from partition at offset 0x10000[0m
[0;32mI (202) boot: Disabling RNG early entropy source...[0m
[0;32mI (213) cpu_start: Multicore app[0m
[0;32mI (222) cpu_start: Pro cpu start user code[0m
[0;32mI (222) cpu_start: cpu freq: 160000000 Hz[0m
[0;32mI (222) cpu_start: Application information:[0m
[0;32mI (225) cpu_start: Project name:     all_sensor[0m
[0;32mI (230) cpu_start: App version:      1[0m
[0;32mI (235) cpu_start: Compile time:     Jun 24 2024 16:04:21[0m
[0;32mI (241) cpu_start: ELF file SHA256:  c9a509f95...[0m
[0;32mI (246) cpu_start: ESP-IDF:          v5.2.2-dirty[0m
[0;32mI (252) cpu_start: Min chip rev:     v0.0[0m
[0;32mI (256) cpu_start: Max chip rev:     v3.99 [0m
[0;32mI (261) cpu_start: Chip rev:         v3.1[0m
[0;32mI (266) heap_init: Initializing. RAM available for dynamic allocation:[0m
[0;32mI (273) heap_init: At 3FFAE6E0 len 00001920 (6 KiB): DRAM[0m
[0;32mI (279) heap_init: At 3FFB2B58 len 0002D4A8 (181 KiB): DRAM[0m
[0;32mI (285) heap_init: At 3FFE0440 len 00003AE0 (14 KiB): D/IRAM[0m
[0;32mI (292) heap_init: At 3FFE4350 len 0001BCB0 (111 KiB): D/IRAM[0m
[0;32mI (298) heap_init: At 4008E030 len 00011FD0 (71 KiB): IRAM[0m
[0;32mI (306) spi_flash: detected chip: generic[0m
[0;32mI (309) spi_flash: flash io: dio[0m
[0;33mW (313) spi_flash: Detected size(4096k) larger than the size in the binary image header(2048k). Using the size in the binary image header.[0m
[0;33mW (326) i2c: This driver is an old driver, please migrate your application code to adapt `driver/i2c_master.h`[0m
[0;32mI (337) main_task: Started on CPU0[0m
[0;32mI (347) main_task: Calling app_main()[0m
[0;32mI (347) TX_MHZ14A_TASK: Wrote 9 bytes[0m
[0;32mI (347) bmx280: Probing for BMP280/BME280 sensors on I2C 0[0m
[0;33mW (347) bmx280: Probe failure: address=ec, id=ad, reason=ESP_ERR_TIMEOUT[0m
[0;32mI (357) main_task: Returned from app_main()[0m
[0;33mW (357) bmx280: Probe failure: address=ee, id=ad, reason=ESP_FAIL[0m
[0;31mE (367) bmx280: Sensor not found.[0m
ESP_ERROR_CHECK failed: esp_err_t 0x1 (ERROR) at 0x400d5a7a
file: "./main/main.c" line 379
func: i2c_bme280_task
expression: bmx280_init(bmx280)

abort() was called at PC 0x40086c1b on core 0


Backtrace: 0x4008173e:0x3ffb9c30 0x40086c25:0x3ffb9c50 0x4008c975:0x3ffb9c70 0x40086c1b:0x3ffb9ce0 0x400d5a7a:0x3ffb9d10 0x40087749:0x3ffb9d90




ELF file SHA256: c9a509f95

Rebooting...
ets Jul 29 2019 12:21:46

rst:0xc (SW_CPU_RESET),boot:0x13 (SPI_FAST_FLASH_BOOT)
configsip: 0, SPIWP:0xee
clk_drv:0x00,q_drv:0x00,d_drv:0x00,cs0_drv:0x00,hd_drv:0x00,wp_drv:0x00
mode:DIO, clock div:2
load:0x3fff0030,len:7172
load:0x40078000,len:15540
load:0x40080400,len:4
ho 8 tail 4 room 4
load:0x40080404,len:3904
entry 0x40080640
[0;32mI (31) boot: ESP-IDF v5.2.2-dirty 2nd stage bootloader[0m
[0;32mI (31) boot: compile time Jun 24 2024 16:04:47[0m
[0;32mI (31) boot: Multicore bootloader[0m
[0;32mI (36) boot: chip revision: v3.1[0m
[0;32mI (40) boot.esp32: SPI Speed      : 40MHz[0m
[0;32mI (44) boot.esp32: SPI Mode       : DIO[0m
[0;32mI (49) boot.esp32: SPI Flash Size : 2MB[0m
[0;32mI (53) boot: Enabling RNG early entropy source...[0m
[0;32mI (59) boot: Partition Table:[0m
[0;32mI (62) boot: ## Label            Usage          Type ST Offset   Length[0m
[0;32mI (70) boot:  0 nvs              WiFi data        01 02 00009000 00006000[0m
[0;32mI (77) boot:  1 phy_init         RF data          01 01 0000f000 00001000[0m
[0;32mI (84) boot:  2 factory          factory app      00 00 00010000 00100000[0m
[0;32mI (92) boot: End of partition table[0m
[0;32mI (96) esp_image: segment 0: paddr=00010020 vaddr=3f400020 size=0be50h ( 48720) map[0m
[0;32mI (121) esp_image: segment 1: paddr=0001be78 vaddr=3ffb0000 size=02284h (  8836) load[0m
[0;32mI (125) esp_image: segment 2: paddr=0001e104 vaddr=40080000 size=01f14h (  7956) load[0m
[0;32mI (130) esp_image: segment 3: paddr=00020020 vaddr=400d0020 size=1c36ch (115564) map[0m
[0;32mI (175) esp_image: segment 4: paddr=0003c394 vaddr=40081f14 size=0c11ch ( 49436) load[0m
[0;32mI (202) boot: Loaded app from partition at offset 0x10000[0m
[0;32mI (202) boot: Disabling RNG early entropy source...[0m
[0;32mI (213) cpu_start: Multicore app[0m
[0;32mI (222) cpu_start: Pro cpu start user code[0m
[0;32mI (222) cpu_start: cpu freq: 160000000 Hz[0m
[0;32mI (222) cpu_start: Application information:[0m
[0;32mI (225) cpu_start: Project name:     all_sensor[0m
[0;32mI (230) cpu_start: App version:      1[0m
[0;32mI (235) cpu_start: Compile time:     Jun 24 2024 16:04:21[0m
[0;32mI (241) cpu_start: ELF file SHA256:  c9a509f95...[0m
[0;32mI (246) cpu_start: ESP-IDF:          v5.2.2-dirty[0m
[0;32mI (252) cpu_start: Min chip rev:     v0.0[0m
[0;32mI (256) cpu_start: Max chip rev:     v3.99 [0m
[0;32mI (261) cpu_start: Chip rev:         v3.1[0m
[0;32mI (266) heap_init: Initializing. RAM available for dynamic allocation:[0m
[0;32mI (273) heap_init: At 3FFAE6E0 len 00001920 (6 KiB): DRAM[0m
[0;32mI (279) heap_init: At 3FFB2B58 len 0002D4A8 (181 KiB): DRAM[0m
[0;32mI (285) heap_init: At 3FFE0440 len 00003AE0 (14 KiB): D/IRAM[0m
[0;32mI (292) heap_init: At 3FFE4350 len 0001BCB0 (111 KiB): D/IRAM[0m
[0;32mI (298) heap_init: At 4008E030 len 00011FD0 (71 KiB): IRAM[0m
[0;32mI (306) spi_flash: detected chip: generic[0m
[0;32mI (309) spi_flash: flash io: dio[0m
[0;33mW (313) spi_flash: Detected size(4096k) larger than the size in the binary image header(2048k). Using the size in the binary image header.[0m
[0;33mW (326) i2c: This driver is an old driver, please migrate your application code to adapt `driver/i2c_master.h`[0m
[0;32mI (337) main_task: Started on CPU0[0m
[0;32mI (347) main_task: Calling app_main()[0m
[0;32mI (347) TX_MHZ14A_TASK: Wrote 9 bytes[0m
[0;32mI (347) bmx280: Probing for BMP280/BME280 sensors on I2C 0[0m
[0;33mW (347) bmx280: Probe failure: address=ec, id=ad, reason=ESP_ERR_TIMEOUT[0m
[0;32mI (357) main_task: Returned from app_main()[0m
[0;33mW (357) bmx280: Probe failure: address=ee, id=ad, reason=ESP_FAIL[0m
[0;31mE (367) bmx280: Sensor not found.[0m
ESP_ERROR_CHECK failed: esp_err_t 0x1 (ERROR) at 0x400d5a7a
file: "./main/main.c" line 379
func: i2c_bme280_task
expression: bmx280_init(bmx280)

abort() was called at PC 0x40086c1b on core 0


Backtrace: 0x4008173e:0x3ffb9c30 0x40086c25:0x3ffb9c50 0x4008c975:0x3ffb9c70 0x40086c1b:0x3ffb9ce0 0x400d5a7a:0x3ffb9d10 0x40087749:0x3ffb9d90




ELF file SHA256: c9a509f95

Rebooting...
ets Jul 29 2019 12:21:46

rst:0xc (SW_CPU_RESET),boot:0x13 (SPI_FAST_FLASH_BOOT)
configsip: 0, SPIWP:0xee
clk_drv:0x00,q_drv:0x00,d_drv:0x00,cs0_drv:0x00,hd_drv:0x00,wp_drv:0x00
mode:DIO, clock div:2
load:0x3fff0030,len:7172
load:0x40078000,len:15540
load:0x40080400,len:4
ho 8 tail 4 room 4
load:0x40080404,len:3904
entry 0x40080640
[0;32mI (31) boot: ESP-IDF v5.2.2-dirty 2nd stage bootloader[0m
[0;32mI (31) boot: compile time Jun 24 2024 16:04:47[0m
[0;32mI (31) boot: Multicore bootloader[0m
[0;32mI (36) boot: chip revision: v3.1[0m
[0;32mI (40) boot.esp32: SPI Speed      : 40MHz[0m
[0;32mI (44) boot.esp32: SPI Mode       : DIO[0m
[0;32mI (49) boot.esp32: SPI Flash Size : 2MB[0m
[0;32mI (53) boot: Enabling RNG early entropy source...[0m
[0;32mI (59) boot: Partition Table:[0m
[0;32mI (62) boot: ## Label            Usage          Type ST Offset   Length[0m
[0;32mI (70) boot:  0 nvs              WiFi data        01 02 00009000 00006000[0m
[0;32mI (77) boot:  1 phy_init         RF data          01 01 0000f000 00001000[0m
[0;32mI (84) boot:  2 factory          factory app      00 00 00010000 00100000[0m
[0;32mI (92) boot: End of partition table[0m
[0;32mI (96) esp_image: segment 0: paddr=00010020 vaddr=3f400020 size=0be50h ( 48720) map[0m
[0;32mI (121) esp_image: segment 1: paddr=0001be78 vaddr=3ffb0000 size=02284h (  8836) load[0m
[0;32mI (125) esp_image: segment 2: paddr=0001e104 vaddr=40080000 size=01f14h (  7956) load[0m
[0;32mI (130) esp_image: segment 3: paddr=00020020 vaddr=400d0020 size=1c36ch (115564) map[0m
[0;32mI (175) esp_image: segment 4: paddr=0003c394 vaddr=40081f14 size=0c11ch ( 49436) load[0m
[0;32mI (202) boot: Loaded app from partition at offset 0x10000[0m
[0;32mI (202) boot: Disabling RNG early entropy source...[0m
[0;32mI (213) cpu_start: Multicore app[0m
[0;32mI (222) cpu_start: Pro cpu start user code[0m
[0;32mI (222) cpu_start: cpu freq: 160000000 Hz[0m
[0;32mI (222) cpu_start: Application information:[0m
[0;32mI (225) cpu_start: Project name:     all_sensor[0m
[0;32mI (230) cpu_start: App version:      1[0m
[0;32mI (235) cpu_start: Compile time:     Jun 24 2024 16:04:21[0m
[0;32mI (241) cpu_start: ELF file SHA256:  c9a509f95...[0m
[0;32mI (246) cpu_start: ESP-IDF:          v5.2.2-dirty[0m
[0;32mI (252) cpu_start: Min chip rev:     v0.0[0m
[0;32mI (256) cpu_start: Max chip rev:     v3.99 [0m
[0;32mI (261) cpu_start: Chip rev:         v3.1[0m
[0;32mI (266) heap_init: Initializing. RAM available for dynamic allocation:[0m
[0;32mI (273) heap_init: At 3FFAE6E0 len 00001920 (6 KiB): DRAM[0m
[0;32mI (279) heap_init: At 3FFB2B58 len 0002D4A8 (181 KiB): DRAM[0m
[0;32mI (285) heap_init: At 3FFE0440 len 00003AE0 (14 KiB): D/IRAM[0m
[0;32mI (292) heap_init: At 3FFE4350 len 0001BCB0 (111 KiB): D/IRAM[0m
[0;32mI (298) heap_init: At 4008E030 len 00011FD0 (71 KiB): IRAM[0m
[0;32mI (306) spi_flash: detected chip: generic[0m
[0;32mI (309) spi_flash: flash io: dio[0m
[0;33mW (313) spi_flash: Detected size(4096k) larger than the size in the binary image header(2048k). Using the size in the binary image header.[0m
[0;33mW (326) i2c: This driver is an old driver, please migrate your application code to adapt `driver/i2c_master.h`[0m
[0;32mI (337) main_task: Started on CPU0[0m
[0;32mI (347) main_task: Calling app_main()[0m
[0;32mI (347) TX_MHZ14A_TASK: Wrote 9 bytes[0m
[0;32mI (347) bmx280: Probing for BMP280/BME280 sensors on I2C 0[0m
[0;32mI (347) main_task: Returned from app_main()[0m
[0;32mI (347) bmx280: Probe success: address=ec, id=60[0m
[0;32mI (367) bmx280: Reading out calibration values...[0m
[0;32mI (367) bmx280: Read Low Bank.[0m
[0;32mI (367) bmx280: Read High Bank.[0m
[0;32mI (377) bmx280: Dumping calibration...[0m
[0;32mI (377) bmx280: 4d 6d d0 67 32 00 0a 92 86 d6 d0 0b ca 1d fd ff [0m
[0;32mI (387) bmx280: f9 ff ac 26 0a d8 bd 10 10 00 84 01 00 00 04 01 [0m
[0;32mI (387) bmx280: 32 00 1e 00 [0m
[0;32mI (497) test: Read Values: temp = 29.5600, pres = 99803.7188, hum = 47.5010[0m
[0;32mI (1377) RX_MHZ14A_TASK: Read 3 bytes: 'ï¿½ï¿½ï¿½'[0m
[0;32mI (1377) RX_MHZ14A_TASK: 0x3ffb7f40   ef ff ff                                          |...|[0m
[0;32mI (1377) RX_MHZ14A_TASK: 

	Calibrated CO2 Concentration: 71808.00 ppm

[0m
[0;32mI (2347) TX_MHZ14A_TASK: Wrote 9 bytes[0m
[0;32mI (2447) PMS7003: Bytes read: 87[0m
[0;32mI (2447) PMS7003: PMS7003 sensor read data successful.[0m
[0;32mI (2447) PMS7003: PM1.0: 4 ug/m3, PM2.5: 5 ug/m3, PM10: 6 ug/m3[0m
[0;32mI (2447) PMS7003: Calibrated PM1.0: 9.00 ug/m3, PM2.5: 8.00 ug/m3, PM10: 8.00 ug/m3[0m
ESP_ERROR_CHECK failed: esp_err_t 0x107 (ESP_ERR_TIMEOUT) at 0x400d5abb
file: "./main/main.c" line 386
func: i2c_bme280_task
expression: bmx280_setMode(bmx280, BMX280_MODE_FORCE)

abort() was called at PC 0x40086c1b on core 0


Backtrace: 0x4008173e:0x3ffb9c30 0x40086c25:0x3ffb9c50 0x4008c975:0x3ffb9c70 0x40086c1b:0x3ffb9ce0 0x400d5abb:0x3ffb9d10 0x40087749:0x3ffb9d90




ELF file SHA256: c9a509f95

Rebooting...
ets Jul 29 2019 12:21:46

rst:0xc (SW_CPU_RESET),boot:0x13 (SPI_FAST_FLASH_BOOT)
configsip: 0, SPIWP:0xee
clk_drv:0x00,q_drv:0x00,d_drv:0x00,cs0_drv:0x00,hd_drv:0x00,wp_drv:0x00
mode:DIO, clock div:2
load:0x3fff0030,len:7172
load:0x40078000,len:15540
load:0x40080400,len:4
ho 8 tail 4 room 4
load:0x40080404,len:3904
entry 0x40080640
[0;32mI (31) boot: ESP-IDF v5.2.2-dirty 2nd stage bootloader[0m
[0;32mI (31) boot: compile time Jun 24 2024 16:04:47[0m
[0;32mI (31) boot: Multicore bootloader[0m
[0;32mI (36) boot: chip revision: v3.1[0m
[0;32mI (40) boot.esp32: SPI Speed      : 40MHz[0m
[0;32mI (44) boot.esp32: SPI Mode       : DIO[0m
[0;32mI (49) boot.esp32: SPI Flash Size : 2MB[0m
[0;32mI (53) boot: Enabling RNG early entropy source...[0m
[0;32mI (59) boot: Partition Table:[0m
[0;32mI (62) boot: ## Label            Usage          Type ST Offset   Length[0m
[0;32mI (70) boot:  0 nvs              WiFi data        01 02 00009000 00006000[0m
[0;32mI (77) boot:  1 phy_init         RF data          01 01 0000f000 00001000[0m
[0;32mI (84) boot:  2 factory          factory app      00 00 00010000 00100000[0m
[0;32mI (92) boot: End of partition table[0m
[0;32mI (96) esp_image: segment 0: paddr=00010020 vaddr=3f400020 size=0be50h ( 48720) map[0m
[0;32mI (121) esp_image: segment 1: paddr=0001be78 vaddr=3ffb0000 size=02284h (  8836) load[0m
[0;32mI (125) esp_image: segment 2: paddr=0001e104 vaddr=40080000 size=01f14h (  7956) load[0m
[0;32mI (130) esp_image: segment 3: paddr=00020020 vaddr=400d0020 size=1c36ch (115564) map[0m
[0;32mI (175) esp_image: segment 4: paddr=0003c394 vaddr=40081f14 size=0c11ch ( 49436) load[0m
[0;32mI (202) boot: Loaded app from partition at offset 0x10000[0m
[0;32mI (202) boot: Disabling RNG early entropy source...[0m
[0;32mI (213) cpu_start: Multicore app[0m
[0;32mI (222) cpu_start: Pro cpu start user code[0m
[0;32mI (222) cpu_start: cpu freq: 160000000 Hz[0m
[0;32mI (222) cpu_start: Application information:[0m
[0;32mI (225) cpu_start: Project name:     all_sensor[0m
[0;32mI (230) cpu_start: App version:      1[0m
[0;32mI (235) cpu_start: Compile time:     Jun 24 2024 16:04:21[0m
[0;32mI (241) cpu_start: ELF file SHA256:  c9a509f95...[0m
[0;32mI (246) cpu_start: ESP-IDF:          v5.2.2-dirty[0m
[0;32mI (252) cpu_start: Min chip rev:     v0.0[0m
[0;32mI (256) cpu_start: Max chip rev:     v3.99 [0m
[0;32mI (261) cpu_start: Chip rev:         v3.1[0m
[0;32mI (266) heap_init: Initializing. RAM available for dynamic allocation:[0m
[0;32mI (273) heap_init: At 3FFAE6E0 len 00001920 (6 KiB): DRAM[0m
[0;32mI (279) heap_init: At 3FFB2B58 len 0002D4A8 (181 KiB): DRAM[0m
[0;32mI (285) heap_init: At 3FFE0440 len 00003AE0 (14 KiB): D/IRAM[0m
[0;32mI (292) heap_init: At 3FFE4350 len 0001BCB0 (111 KiB): D/IRAM[0m
[0;32mI (298) heap_init: At 4008E030 len 00011FD0 (71 KiB): IRAM[0m
[0;32mI (306) spi_flash: detected chip: generic[0m
[0;32mI (309) spi_flash: flash io: dio[0m
[0;33mW (313) spi_flash: Detected size(4096k) larger than the size in the binary image header(2048k). Using the size in the binary image header.[0m
[0;33mW (326) i2c: This driver is an old driver, please migrate your application code to adapt `driver/i2c_master.h`[0m
[0;32mI (337) main_task: Started on CPU0[0m
[0;32mI (347) main_task: Calling app_main()[0m
[0;32mI (347) TX_MHZ14A_TASK: Wrote 9 bytes[0m
[0;32mI (347) bmx280: Probing for BMP280/BME280 sensors on I2C 0[0m
[0;33mW (347) bmx280: Probe failure: address=ec, id=ad, reason=ESP_ERR_TIMEOUT[0m
[0;32mI (357) main_task: Returned from app_main()[0m
[0;33mW (357) bmx280: Probe failure: address=ee, id=ad, reason=ESP_FAIL[0m
[0;31mE (367) bmx280: Sensor not found.[0m
ESP_ERROR_CHECK failed: esp_err_t 0x1 (ERROR) at 0x400d5a7a
file: "./main/main.c" line 379
func: i2c_bme280_task
expression: bmx280_init(bmx280)

abort() was called at PC 0x40086c1b on core 0


Backtrace: 0x4008173e:0x3ffb9c30 0x40086c25:0x3ffb9c50 0x4008c975:0x3ffb9c70 0x40086c1b:0x3ffb9ce0 0x400d5a7a:0x3ffb9d10 0x40087749:0x3ffb9d90




ELF file SHA256: c9a509f95

Rebooting...
ets Jul 29 2019 12:21:46

rst:0xc (SW_CPU_RESET),boot:0x13 (SPI_FAST_FLASH_BOOT)
configsip: 0, SPIWP:0xee
clk_drv:0x00,q_drv:0x00,d_drv:0x00,cs0_drv:0x00,hd_drv:0x00,wp_drv:0x00
mode:DIO, clock div:2
load:0x3fff0030,len:7172
load:0x40078000,len:15540
load:0x40080400,len:4
ho 8 tail 4 room 4
load:0x40080404,len:3904
entry 0x40080640
[0;32mI (31) boot: ESP-IDF v5.2.2-dirty 2nd stage bootloader[0m
[0;32mI (31) boot: compile time Jun 24 2024 16:04:47[0m
[0;32mI (31) boot: Multicore bootloader[0m
[0;32mI (36) boot: chip revision: v3.1[0m
[0;32mI (40) boot.esp32: SPI Speed      : 40MHz[0m
[0;32mI (44) boot.esp32: SPI Mode       : DIO[0m
[0;32mI (49) boot.esp32: SPI Flash Size : 2MB[0m
[0;32mI (53) boot: Enabling RNG early entropy source...[0m
[0;32mI (59) boot: Partition Table:[0m
[0;32mI (62) boot: ## Label            Usage          Type ST Offset   Length[0m
[0;32mI (70) boot:  0 nvs              WiFi data        01 02 00009000 00006000[0m
[0;32mI (77) boot:  1 phy_init         RF data          01 01 0000f000 00001000[0m
[0;32mI (84) boot:  2 factory          factory app      00 00 00010000 00100000[0m
[0;32mI (92) boot: End of partition table[0m
[0;32mI (96) esp_image: segment 0: paddr=00010020 vaddr=3f400020 size=0be50h ( 48720) map[0m
[0;32mI (121) esp_image: segment 1: paddr=0001be78 vaddr=3ffb0000 size=02284h (  8836) load[0m
[0;32mI (125) esp_image: segment 2: paddr=0001e104 vaddr=40080000 size=01f14h (  7956) load[0m
[0;32mI (130) esp_image: segment 3: paddr=00020020 vaddr=400d0020 size=1c36ch (115564) map[0m
[0;32mI (175) esp_image: segment 4: paddr=0003c394 vaddr=40081f14 size=0c11ch ( 49436) load[0m
[0;32mI (202) boot: Loaded app from partition at offset 0x10000[0m
[0;32mI (202) boot: Disabling RNG early entropy source...[0m
[0;32mI (213) cpu_start: Multicore app[0m
[0;32mI (222) cpu_start: Pro cpu start user code[0m
[0;32mI (222) cpu_start: cpu freq: 160000000 Hz[0m
[0;32mI (222) cpu_start: Application information:[0m
[0;32mI (225) cpu_start: Project name:     all_sensor[0m
[0;32mI (230) cpu_start: App version:      1[0m
[0;32mI (235) cpu_start: Compile time:     Jun 24 2024 16:04:21[0m
[0;32mI (241) cpu_start: ELF file SHA256:  c9a509f95...[0m
[0;32mI (246) cpu_start: ESP-IDF:          v5.2.2-dirty[0m
[0;32mI (252) cpu_start: Min chip rev:     v0.0[0m
[0;32mI (256) cpu_start: Max chip rev:     v3.99 [0m
[0;32mI (261) cpu_start: Chip rev:         v3.1[0m
[0;32mI (266) heap_init: Initializing. RAM available for dynamic allocation:[0m
[0;32mI (273) heap_init: At 3FFAE6E0 len 00001920 (6 KiB): DRAM[0m
[0;32mI (279) heap_init: At 3FFB2B58 len 0002D4A8 (181 KiB): DRAM[0m
[0;32mI (285) heap_init: At 3FFE0440 len 00003AE0 (14 KiB): D/IRAM[0m
[0;32mI (292) heap_init: At 3FFE4350 len 0001BCB0 (111 KiB): D/IRAM[0m
[0;32mI (298) heap_init: At 4008E030 len 00011FD0 (71 KiB): IRAM[0m
[0;32mI (306) spi_flash: detected chip: generic[0m
[0;32mI (309) spi_flash: flash io: dio[0m
[0;33mW (313) spi_flash: Detected size(4096k) larger than the size in the binary image header(2048k). Using the size in the binary image header.[0m
[0;33mW (326) i2c: This driver is an old driver, please migrate your application code to adapt `driver/i2c_master.h`[0m
[0;32mI (337) main_task: Started on CPU0[0m
[0;32mI (347) main_task: Calling app_main()[0m
[0;32mI (347) TX_MHZ14A_TASK: Wrote 9 bytes[0m
[0;32mI (347) bmx280: Probing for BMP280/BME280 sensors on I2C 0[0m
[0;33mW (347) bmx280: Probe failure: address=ec, id=ad, reason=ESP_ERR_TIMEOUT[0m
[0;32mI (357) main_task: Returned from app_main()[0m
[0;33mW (357) bmx280: Probe failure: address=ee, id=ad, reason=ESP_FAIL[0m
[0;31mE (367) bmx280: Sensor not found.[0m
ESP_ERROR_CHECK failed: esp_err_t 0x1 (ERROR) at 0x400d5a7a
file: "./main/main.c" line 379
func: i2c_bme280_task
expression: bmx280_init(bmx280)

abort() was called at PC 0x40086c1b on core 0


Backtrace: 0x4008173e:0x3ffb9c30 0x40086c25:0x3ffb9c50 0x4008c975:0x3ffb9c70 0x40086c1b:0x3ffb9ce0 0x400d5a7a:0x3ffb9d10 0x40087749:0x3ffb9d90




ELF file SHA256: c9a509f95

Rebooting...
ets Jul 29 2019 12:21:46

rst:0xc (SW_CPU_RESET),boot:0x13 (SPI_FAST_FLASH_BOOT)
configsip: 0, SPIWP:0xee
clk_drv:0x00,q_drv:0x00,d_drv:0x00,cs0_drv:0x00,hd_drv:0x00,wp_drv:0x00
mode:DIO, clock div:2
load:0x3fff0030,len:7172
load:0x40078000,len:15540
load:0x40080400,len:4
ho 8 tail 4 room 4
load:0x40080404,len:3904
entry 0x40080640
[0;32mI (31) boot: ESP-IDF v5.2.2-dirty 2nd stage bootloader[0m
[0;32mI (31) boot: compile time Jun 24 2024 16:04:47[0m
[0;32mI (31) boot: Multicore bootloader[0m
[0;32mI (36) boot: chip revision: v3.1[0m
[0;32mI (40) boot.esp32: SPI Speed      : 40MHz[0m
[0;32mI (44) boot.esp32: SPI Mode       : DIO[0m
[0;32mI (49) boot.esp32: SPI Flash Size : 2MB[0m
[0;32mI (53) boot: Enabling RNG early entropy source...[0m
[0;32mI (59) boot: Partition Table:[0m
[0;32mI (62) boot: ## Label            Usage          Type ST Offset   Length[0m
[0;32mI (70) boot:  0 nvs              WiFi data        01 02 00009000 00006000[0m
[0;32mI (77) boot:  1 phy_init         RF data          01 01 0000f000 00001000[0m
[0;32mI (84) boot:  2 factory          factory app      00 00 00010000 00100000[0m
[0;32mI (92) boot: End of partition table[0m
[0;32mI (96) esp_image: segment 0: paddr=00010020 vaddr=3f400020 size=0be50h ( 48720) map[0m
[0;32mI (121) esp_image: segment 1: paddr=0001be78 vaddr=3ffb0000 size=02284h (  8836) load[0m
[0;32mI (125) esp_image: segment 2: paddr=0001e104 vaddr=40080000 size=01f14h (  7956) load[0m
[0;32mI (130) esp_image: segment 3: paddr=00020020 vaddr=400d0020 size=1c36ch (115564) map[0m
[0;32mI (175) esp_image: segment 4: paddr=0003c394 vaddr=40081f14 size=0c11ch ( 49436) load[0m
[0;32mI (202) boot: Loaded app from partition at offset 0x10000[0m
[0;32mI (202) boot: Disabling RNG early entropy source...[0m
[0;32mI (213) cpu_start: Multicore app[0m
[0;32mI (222) cpu_start: Pro cpu start user code[0m
[0;32mI (222) cpu_start: cpu freq: 160000000 Hz[0m
[0;32mI (222) cpu_start: Application information:[0m
[0;32mI (225) cpu_start: Project name:     all_sensor[0m
[0;32mI (230) cpu_start: App version:      1[0m
[0;32mI (235) cpu_start: Compile time:     Jun 24 2024 16:04:21[0m
[0;32mI (241) cpu_start: ELF file SHA256:  c9a509f95...[0m
[0;32mI (246) cpu_start: ESP-IDF:          v5.2.2-dirty[0m
[0;32mI (252) cpu_start: Min chip rev:     v0.0[0m
[0;32mI (256) cpu_start: Max chip rev:     v3.99 [0m
[0;32mI (261) cpu_start: Chip rev:         v3.1[0m
[0;32mI (266) heap_init: Initializing. RAM available for dynamic allocation:[0m
[0;32mI (273) heap_init: At 3FFAE6E0 len 00001920 (6 KiB): DRAM[0m
[0;32mI (279) heap_init: At 3FFB2B58 len 0002D4A8 (181 KiB): DRAM[0m
[0;32mI (285) heap_init: At 3FFE0440 len 00003AE0 (14 KiB): D/IRAM[0m
[0;32mI (292) heap_init: At 3FFE4350 len 0001BCB0 (111 KiB): D/IRAM[0m
[0;32mI (298) heap_init: At 4008E030 len 00011FD0 (71 KiB): IRAM[0m
[0;32mI (306) spi_flash: detected chip: generic[0m
[0;32mI (309) spi_flash: flash io: dio[0m
[0;33mW (313) spi_flash: Detected size(4096k) larger than the size in the binary image header(2048k). Using the size in the binary image header.[0m
[0;33mW (326) i2c: This driver is an old driver, please migrate your application code to adapt `driver/i2c_master.h`[0m
[0;32mI (337) main_task: Started on CPU0[0m
[0;32mI (347) main_task: Calling app_main()[0m
[0;32mI (347) TX_MHZ14A_TASK: Wrote 9 bytes[0m
[0;32mI (347) bmx280: Probing for BMP280/BME280 sensors on I2C 0[0m
[0;33mW (347) bmx280: Probe failure: address=ec, id=ad, reason=ESP_ERR_TIMEOUT[0m
[0;32mI (357) main_task: Returned from app_main()[0m
[0;33mW (357) bmx280: Probe failure: address=ee, id=ad, reason=ESP_FAIL[0m
[0;31mE (367) bmx280: Sensor not found.[0m
ESP_ERROR_CHECK failed: esp_err_t 0x1 (ERROR) at 0x400d5a7a
file: "./main/main.c" line 379
func: i2c_bme280_task
expression: bmx280_init(bmx280)

abort() was called at PC 0x40086c1b on core 0


Backtrace: 0x4008173e:0x3ffb9c30 0x40086c25:0x3ffb9c50 0x4008c975:0x3ffb9c70 0x40086c1b:0x3ffb9ce0 0x400d5a7a:0x3ffb9d10 0x40087749:0x3ffb9d90




ELF file SHA256: c9a509f95

Rebooting...
ets Jul 29 2019 12:21:46

rst:0xc (SW_CPU_RESET),boot:0x13 (SPI_FAST_FLASH_BOOT)
configsip: 0, SPIWP:0xee
clk_drv:0x00,q_drv:0x00,d_drv:0x00,cs0_drv:0x00,hd_drv:0x00,wp_drv:0x00
mode:DIO, clock div:2
load:0x3fff0030,len:7172
load:0x40078000,len:15540
load:0x40080400,len:4
ho 8 tail 4 room 4
load:0x40080404,len:3904
entry 0x40080640
[0;32mI (31) boot: ESP-IDF v5.2.2-dirty 2nd stage bootloader[0m
[0;32mI (31) boot: compile time Jun 24 2024 16:04:47[0m
[0;32mI (31) boot: Multicore bootloader[0m
[0;32mI (36) boot: chip revision: v3.1[0m
[0;32mI (40) boot.esp32: SPI Speed      : 40MHz[0m
[0;32mI (44) boot.esp32: SPI Mode       : DIO[0m
[0;32mI (49) boot.esp32: SPI Flash Size : 2MB[0m
[0;32mI (53) boot: Enabling RNG early entropy source...[0m
[0;32mI (59) boot: Partition Table:[0m
[0;32mI (62) boot: ## Label            Usage          Type ST Offset   Length[0m
[0;32mI (70) boot:  0 nvs              WiFi data        01 02 00009000 00006000[0m
[0;32mI (77) boot:  1 phy_init         RF data          01 01 0000f000 00001000[0m
[0;32mI (84) boot:  2 factory          factory app      00 00 00010000 00100000[0m
[0;32mI (92) boot: End of partition table[0m
[0;32mI (96) esp_image: segment 0: paddr=00010020 vaddr=3f400020 size=0be50h ( 48720) map[0m
[0;32mI (121) esp_image: segment 1: paddr=0001be78 vaddr=3ffb0000 size=02284h (  8836) load[0m
[0;32mI (125) esp_image: segment 2: paddr=0001e104 vaddr=40080000 size=01f14h (  7956) load[0m
[0;32mI (130) esp_image: segment 3: paddr=00020020 vaddr=400d0020 size=1c36ch (115564) map[0m
[0;32mI (175) esp_image: segment 4: paddr=0003c394 vaddr=40081f14 size=0c11ch ( 49436) load[0m
[0;32mI (202) boot: Loaded app from partition at offset 0x10000[0m
[0;32mI (202) boot: Disabling RNG early entropy source...[0m
[0;32mI (213) cpu_start: Multicore app[0m
[0;32mI (222) cpu_start: Pro cpu start user code[0m
[0;32mI (222) cpu_start: cpu freq: 160000000 Hz[0m
[0;32mI (222) cpu_start: Application information:[0m
[0;32mI (225) cpu_start: Project name:     all_sensor[0m
[0;32mI (230) cpu_start: App version:      1[0m
[0;32mI (235) cpu_start: Compile time:     Jun 24 2024 16:04:21[0m
[0;32mI (241) cpu_start: ELF file SHA256:  c9a509f95...[0m
[0;32mI (246) cpu_start: ESP-IDF:          v5.2.2-dirty[0m
[0;32mI (252) cpu_start: Min chip rev:     v0.0[0m
[0;32mI (256) cpu_start: Max chip rev:     v3.99 [0m
[0;32mI (261) cpu_start: Chip rev:         v3.1[0m
[0;32mI (266) heap_init: Initializing. RAM available for dynamic allocation:[0m
[0;32mI (273) heap_init: At 3FFAE6E0 len 00001920 (6 KiB): DRAM[0m
[0;32mI (279) heap_init: At 3FFB2B58 len 0002D4A8 (181 KiB): DRAM[0m
[0;32mI (285) heap_init: At 3FFE0440 len 00003AE0 (14 KiB): D/IRAM[0m
[0;32mI (292) heap_init: At 3FFE4350 len 0001BCB0 (111 KiB): D/IRAM[0m
[0;32mI (298) heap_init: At 4008E030 len 00011FD0 (71 KiB): IRAM[0m
[0;32mI (306) spi_flash: detected chip: generic[0m
[0;32mI (309) spi_flash: flash io: dio[0m
[0;33mW (313) spi_flash: Detected size(4096k) larger than the size in the binary image header(2048k). Using the size in the binary image header.[0m
[0;33mW (326) i2c: This driver is an old driver, please migrate your application code to adapt `driver/i2c_master.h`[0m
[0;32mI (337) main_task: Started on CPU0[0m
[0;32mI (347) main_task: Calling app_main()[0m
[0;32mI (347) TX_MHZ14A_TASK: Wrote 9 bytes[0m
[0;32mI (347) bmx280: Probing for BMP280/BME280 sensors on I2C 0[0m
[0;32mI (347) main_task: Returned from app_main()[0m
[0;32mI (347) bmx280: Probe success: address=ec, id=60[0m
[0;32mI (367) bmx280: Reading out calibration values...[0m
[0;32mI (367) bmx280: Read Low Bank.[0m
[0;32mI (367) bmx280: Read High Bank.[0m
[0;32mI (377) bmx280: Dumping calibration...[0m
[0;32mI (377) bmx280: 4d 6d d0 67 32 00 0a 92 86 d6 d0 0b ca 1d fd ff [0m
[0;32mI (387) bmx280: f9 ff ac 26 0a d8 bd 10 10 00 84 01 00 00 04 01 [0m
[0;32mI (387) bmx280: 32 00 1e 00 [0m
[0;32mI (497) test: Read Values: temp = 29.5700, pres = 99802.6094, hum = 46.9902[0m
[0;32mI (1377) RX_MHZ14A_TASK: Read 1 bytes: 'ï¿½'[0m
[0;32mI (1377) RX_MHZ14A_TASK: 0x3ffb7f40   ff                                                |.|[0m
[0;32mI (1377) RX_MHZ14A_TASK: 

	Calibrated CO2 Concentration: 70750.90 ppm

[0m
[0;32mI (2347) TX_MHZ14A_TASK: Wrote 9 bytes[0m
[0;32mI (2447) PMS7003: Bytes read: 64[0m
[0;32mI (2447) PMS7003: PMS7003 sensor read data successful.[0m
[0;32mI (2447) PMS7003: PM1.0: 5 ug/m3, PM2.5: 6 ug/m3, PM10: 7 ug/m3[0m
[0;32mI (2447) PMS7003: Calibrated PM1.0: 10.00 ug/m3, PM2.5: 9.00 ug/m3, PM10: 9.00 ug/m3[0m
ESP_ERROR_CHECK failed: esp_err_t 0x107 (ESP_ERR_TIMEOUT) at 0x400d5abb
file: "./main/main.c" line 386
func: i2c_bme280_task
expression: bmx280_setMode(bmx280, BMX280_MODE_FORCE)

abort() was called at PC 0x40086c1b on core 0


Backtrace: 0x4008173e:0x3ffb9c30 0x40086c25:0x3ffb9c50 0x4008c975:0x3ffb9c70 0x40086c1b:0x3ffb9ce0 0x400d5abb:0x3ffb9d10 0x40087749:0x3ffb9d90




ELF file SHA256: c9a509f95

Rebooting...
ets Jul 29 2019 12:21:46

rst:0xc (SW_CPU_RESET),boot:0x13 (SPI_FAST_FLASH_BOOT)
configsip: 0, SPIWP:0xee
clk_drv:0x00,q_drv:0x00,d_drv:0x00,cs0_drv:0x00,hd_drv:0x00,wp_drv:0x00
mode:DIO, clock div:2
load:0x3fff0030,len:7172
load:0x40078000,len:15540
load:0x40080400,len:4
ho 8 tail 4 room 4
load:0x40080404,len:3904
entry 0x40080640
[0;32mI (31) boot: ESP-IDF v5.2.2-dirty 2nd stage bootloader[0m
[0;32mI (31) boot: compile time Jun 24 2024 16:04:47[0m
[0;32mI (31) boot: Multicore bootloader[0m
[0;32mI (36) boot: chip revision: v3.1[0m
[0;32mI (40) boot.esp32: SPI Speed      : 40MHz[0m
[0;32mI (44) boot.esp32: SPI Mode       : DIO[0m
[0;32mI (49) boot.esp32: SPI Flash Size : 2MB[0m
[0;32mI (53) boot: Enabling RNG early entropy source...[0m
[0;32mI (59) boot: Partition Table:[0m
[0;32mI (62) boot: ## Label            Usage          Type ST Offset   Length[0m
[0;32mI (70) boot:  0 nvs              WiFi data        01 02 00009000 00006000[0m
[0;32mI (77) boot:  1 phy_init         RF data          01 01 0000f000 00001000[0m
[0;32mI (84) boot:  2 factory          factory app      00 00 00010000 00100000[0m
[0;32mI (92) boot: End of partition table[0m
[0;32mI (96) esp_image: segment 0: paddr=00010020 vaddr=3f400020 size=0be50h ( 48720) map[0m
[0;32mI (121) esp_image: segment 1: paddr=0001be78 vaddr=3ffb0000 size=02284h (  8836) load[0m
[0;32mI (125) esp_image: segment 2: paddr=0001e104 vaddr=40080000 size=01f14h (  7956) load[0m
[0;32mI (130) esp_image: segment 3: paddr=00020020 vaddr=400d0020 size=1c36ch (115564) map[0m
[0;32mI (175) esp_image: segment 4: paddr=0003c394 vaddr=40081f14 size=0c11ch ( 49436) load[0m
[0;32mI (202) boot: Loaded app from partition at offset 0x10000[0m
[0;32mI (202) boot: Disabling RNG early entropy source...[0m
[0;32mI (213) cpu_start: Multicore app[0m
[0;32mI (222) cpu_start: Pro cpu start use