+
Bï¿½ï¿½Jï¿½ï¿½Ñ¹esp32: SPI Spï¿½ets Jul 29 2019 12:21:46

rst:0x1 (POWERON_RESET),boot:0x13 (SPI_FAST_FLASH_BOOT)
configsip: 0, SPIWP:0xee
clk_drv:0x00,q_drv:0x00,d_drv:0x00,cs0_drv:0x00,hd_drv:0x00,wp_drv:0x00
mode:DIO, clock div:2
load:0x3fff0030,len:7172
load:0x40078000,len:15540
load:0x40080400,len:4
ho 8 tail 4 room 4
load:0x40080404,len:3904
entry 0x40080640
[0;32mI (31) boot: ESP-IDF v5.2.1-dirty 2nd stage bootloader[0m
[0;32mI (31) boot: compile time Jun 24 2024 15:54:38[0m
[0;32mI (31) boot: Multicore bootloader[0m
[0;32mI (36) boot: chip revision: v3.1[0m
[0;32mI (40) boot.esp32: SPI Speed      : 40MHz[0m
[0;32mI (44) boot.esp32: SPI Mode       : DIO[0m
[0;32mI (49) boot.esp32: SPI Flash Size : 2MB[0m
[0;32mI (53) boot: Enabling RNG early entropy source...[0m
[0;32mI (59) boot: Partition Table:[0m
[0;32mI (62) boot: ## Label            Usage          Type ST Offset   Length[0m
[0;32mI (70) boot:  0 nvs              WiFi data        01 02 00009000 00006000[0m
[0;32mI (77) boot:  1 phy_init         RF data          01 01 0000f000 00001000[0m
[0;32mI (85) boot:  2 factory          factory app      00 00 00010000 00177000[0m
[0;32mI (92) boot: End of partition table[0m
[0;32mI (96) esp_image: segment 0: paddr=00010020 vaddr=3f400020 size=3ba00h (244224) map[0m
[0;32mI (188) esp_image: segment 1: paddr=0004ba28 vaddr=3ffb0000 size=03e6ch ( 15980) load[0m
[0;32mI (195) esp_image: segment 2: paddr=0004f89c vaddr=40080000 size=0077ch (  1916) load[0m
[0;32mI (196) esp_image: segment 3: paddr=00050020 vaddr=400d0020 size=c8d8ch (822668) map[0m
[0;32mI (485) esp_image: segment 4: paddr=00118db4 vaddr=4008077c size=181ech ( 98796) load[0m
[0;32mI (536) boot: Loaded app from partition at offset 0x10000[0m
[0;32mI (536) boot: Disabling RNG early entropy source...[0m
[0;32mI (547) cpu_start: Multicore app[0m
[0;32mI (556) cpu_start: Pro cpu start user code[0m
[0;32mI (556) cpu_start: cpu freq: 160000000 Hz[0m
[0;32mI (556) cpu_start: Application information:[0m
[0;32mI (559) cpu_start: Project name:     main[0m
[0;32mI (564) cpu_start: App version:      1[0m
[0;32mI (568) cpu_start: Compile time:     Jun 24 2024 16:32:35[0m
[0;32mI (575) cpu_start: ELF file SHA256:  d27cd0966...[0m
[0;32mI (580) cpu_start: ESP-IDF:          v5.2.1-dirty[0m
[0;32mI (585) cpu_start: Min chip rev:     v0.0[0m
[0;32mI (590) cpu_start: Max chip rev:     v3.99 [0m
[0;32mI (595) cpu_start: Chip rev:         v3.1[0m
[0;32mI (600) heap_init: Initializing. RAM available for dynamic allocation:[0m
[0;32mI (607) heap_init: At 3FFAE6E0 len 00001920 (6 KiB): DRAM[0m
[0;32mI (613) heap_init: At 3FFC0AF8 len 0001F508 (125 KiB): DRAM[0m
[0;32mI (619) heap_init: At 3FFE0440 len 00003AE0 (14 KiB): D/IRAM[0m
[0;32mI (625) heap_init: At 3FFE4350 len 0001BCB0 (111 KiB): D/IRAM[0m
[0;32mI (632) heap_init: At 40098968 len 00007698 (29 KiB): IRAM[0m
[0;32mI (640) spi_flash: detected chip: generic[0m
[0;32mI (643) spi_flash: flash io: dio[0m
[0;33mW (647) spi_flash: Detected size(4096k) larger than the size in the binary image header(2048k). Using the size in the binary image header.[0m
[0;32mI (661) main_task: Started on CPU0[0m
[0;32mI (671) main_task: Calling app_main()[0m
I (711) wifi:wifi driver task: 3ffc8af8, prio:23, stack:6656, core=0
I (731) wifi:wifi firmware version: a9f5b59
I (731) wifi:wifi certification version: v7.0
I (731) wifi:config NVS flash: enabled
I (731) wifi:config nano formating: disabled
I (731) wifi:Init data frame dynamic rx buffer num: 32
I (741) wifi:Init static rx mgmt buffer num: 5
I (741) wifi:Init management short buffer num: 32
I (741) wifi:Init dynamic tx buffer num: 32
I (751) wifi:Init static rx buffer size: 1600
I (751) wifi:Init static rx buffer num: 10
I (761) wifi:Init dynamic rx buffer num: 32
[0;32mI (761) wifi_init: rx ba win: 6[0m
[0;32mI (761) wifi_init: tcpip mbox: 32[0m
[0;32mI (771) wifi_init: udp mbox: 6[0m
[0;32mI (771) wifi_init: tcp mbox: 6[0m
[0;32mI (781) wifi_init: tcp tx win: 5760[0m
[0;32mI (781) wifi_init: tcp rx win: 5760[0m
[0;32mI (781) wifi_init: tcp mss: 1440[0m
[0;32mI (791) wifi_init: WiFi IRAM OP enabled[0m
[0;32mI (791) wifi_init: WiFi RX IRAM OP enabled[0m
[0;32mI (801) phy_init: phy_version 4791,2c4672b,Dec 20 2023,16:06:06[0m
I (891) wifi:mode : sta (b0:b2:1c:a7:ba:fc)
I (891) wifi:enable tsf
I (911) wifi:new:<1,0>, old:<1,0>, ap:<255,255>, sta:<1,0>, prof:1
I (911) wifi:state: init -> auth (b0)
I (921) wifi:state: auth -> init (8a0)
I (921) wifi:new:<1,0>, old:<1,0>, ap:<255,255>, sta:<1,0>, prof:1
