etmI (40) boot.esp32ï¿½ets Jul 29 2019 12:21:46

rst:0x1 (POWERON_RESET),boot:0x13 (SPI_FAST_FLASH_BOOT)
configsip: 0, SPIWP:0xee
clk_drv:0x00,q_drv:0x00,d_drv:0x00,cs0_drv:0x00,hd_drv:0x00,wp_drv:0x00
mode:DIO, clock div:2
load:0x3fff0030,len:7172
load:0x40078000,len:15540
load:0x40080400,len:4
ho 8 tail 4 room 4
load:0x40080404,len:3904
entry 0x40080640
[0;32mI (31) boot: ESP-IDF v5.2.1-dirty 2nd stage bootloader[0m
[0;32mI (31) boot: compile time Jun 24 2024 15:54:38[0m
[0;32mI (31) boot: Multicore bootloader[0m
[0;32mI (36) boot: chip revision: v3.1[0m
[0;32mI (40) boot.esp32: SPI Speed      : 40MHz[0m
[0;32mI (44) boot.esp32: SPI Mode       : DIO[0m
[0;32mI (49) boot.esp32: SPI Flash Size : 2MB[0m
[0;32mI (53) boot: Enabling RNG early entropy source...[0m
[0;32mI (59) boot: Partition Table:[0m
[0;32mI (62) boot: ## Label            Usage          Type ST Offset   Length[0m
[0;32mI (70) boot:  0 nvs              WiFi data        01 02 00009000 00006000[0m
[0;32mI (77) boot:  1 phy_init         RF data          01 01 0000f000 00001000[0m
[0;32mI (85) boot:  2 factory          factory app      00 00 00010000 00177000[0m
[0;32mI (92) boot: End of partition table[0m
[0;32mI (96) esp_image: segment 0: paddr=00010020 vaddr=3f400020 size=3d4c0h (251072) map[0m
[0;32mI (191) esp_image: segment 1: paddr=0004d4e8 vaddr=3ffb0000 size=02b30h ( 11056) load[0m
[0;32mI (195) esp_image: segment 2: paddr=00050020 vaddr=400d0020 size=d9214h (889364) map[0m
[0;32mI (501) esp_image: segment 3: paddr=0012923c vaddr=3ffb2b30 size=0137ch (  4988) load[0m
[0;32mI (503) esp_image: segment 4: paddr=0012a5c0 vaddr=40080000 size=189a4h (100772) load[0m
[0;32mI (559) boot: Loaded app from partition at offset 0x10000[0m
[0;32mI (559) boot: Disabling RNG early entropy source...[0m
[0;32mI (570) cpu_start: Multicore app[0m
[0;32mI (579) cpu_start: Pro cpu start user code[0m
[0;32mI (579) cpu_start: cpu freq: 160000000 Hz[0m
[0;32mI (579) cpu_start: Application information:[0m
[0;32mI (582) cpu_start: Project name:     main[0m
[0;32mI (587) cpu_start: App version:      1[0m
[0;32mI (591) cpu_start: Compile time:     Jun 24 2024 16:32:35[0m
[0;32mI (597) cpu_start: ELF file SHA256:  68a421b6f...[0m
[0;32mI (603) cpu_start: ESP-IDF:          v5.2.1-dirty[0m
[0;32mI (608) cpu_start: Min chip rev:     v0.0[0m
[0;32mI (613) cpu_start: Max chip rev:     v3.99 [0m
[0;32mI (618) cpu_start: Chip rev:         v3.1[0m
[0;32mI (623) heap_init: Initializing. RAM available for dynamic allocation:[0m
[0;32mI (630) heap_init: At 3FFAE6E0 len 00001920 (6 KiB): DRAM[0m
[0;32mI (636) heap_init: At 3FFC0D58 len 0001F2A8 (124 KiB): DRAM[0m
[0;32mI (642) heap_init: At 3FFE0440 len 00003AE0 (14 KiB): D/IRAM[0m
[0;32mI (648) heap_init: At 3FFE4350 len 0001BCB0 (111 KiB): D/IRAM[0m
[0;32mI (655) heap_init: At 400989A4 len 0000765C (29 KiB): IRAM[0m
[0;32mI (663) spi_flash: detected chip: generic[0m
[0;32mI (666) spi_flash: flash io: dio[0m
[0;33mW (670) spi_flash: Detected size(4096k) larger than the size in the binary image header(2048k). Using the size in the binary image header.[0m
[0;32mI (684) main_task: Started on CPU0[0m
[0;32mI (694) main_task: Calling app_main()[0m
I (734) wifi:wifi driver task: 3ffc8d58, prio:23, stack:6656, core=0
I (754) wifi:wifi firmware version: a9f5b59
I (754) wifi:wifi certification version: v7.0
I (754) wifi:config NVS flash: enabled
I (754) wifi:config nano formating: disabled
I (754) wifi:Init data frame dynamic rx buffer num: 32
I (764) wifi:Init static rx mgmt buffer num: 5
I (764) wifi:Init management short buffer num: 32
I (764) wifi:Init dynamic tx buffer num: 32
I (774) wifi:Init static rx buffer size: 1600
I (774) wifi:Init static rx buffer num: 10
I (784) wifi:Init dynamic rx buffer num: 32
[0;32mI (784) wifi_init: rx ba win: 6[0m
[0;32mI (784) wifi_init: tcpip mbox: 32[0m
[0;32mI (794) wifi_init: udp mbox: 6[0m
[0;32mI (794) wifi_init: tcp mbox: 6[0m
[0;32mI (804) wifi_init: tcp tx win: 5760[0m
[0;32mI (804) wifi_init: tcp rx win: 5760[0m
[0;32mI (804) wifi_init: tcp mss: 1440[0m
[0;32mI (814) wifi_init: WiFi IRAM OP enabled[0m
[0;32mI (814) wifi_init: WiFi RX IRAM OP enabled[0m
[0;32mI (824) phy_init: phy_version 4791,2c4672b,Dec 20 2023,16:06:06[0m
I (914) wifi:mode : sta (b0:b2:1c:a7:ba:fc)
I (914) wifi:enable tsf
[0;32mI (914) example: Turn off LCD backlight[0m
[0;32mI (924) gpio: GPIO[32]| InputEn: 0| OutputEn: 1| OpenDrain: 0| Pullup: 0| Pulldown: 0| Intr:0 [0m
[0;32mI (924) example: Initialize SPI bus[0m
I (934) wifi:new:<3,1>, old:<1,0>, ap:<255,255>, sta:<3,1>, prof:1
I (934) wifi:state: init -> auth (b0)
[0;32mI (944) example: Install panel IO[0m
[0;32mI (944) gpio: GPIO[2]| InputEn: 0| OutputEn: 1| OpenDrain: 0| Pullup: 0| Pulldown: 0| Intr:0 [0m
[0;32mI (954) example: Install ILI9341 panel driver[0m
[0;32mI (954) gpio: GPIO[33]| InputEn: 0| OutputEn: 1| OpenDrain: 0| Pullup: 0| Pulldown: 0| Intr:0 [0m
[0;32mI (964) ili9341: LCD panel create success, version: 1.2.0[0m
I (964) wifi:state: auth -> assoc (0)
I (1024) wifi:state: assoc -> run (10)
[0;32mI (1094) example: Turn on LCD backlight[0m
[0;32mI (1094) example: Initialize LVGL library[0m
[0;32mI (1094) example: Register display driver to LVGL[0m
[0;32mI (1104) example: Install LVGL tick timer[0m

Available after enqueue: 9 


Available after dequeue: 10 

W (1124) wifi:[ADDBA]rx delba, code:39, delete tid:0
W (1124) wifi:[ADDBA]rx delba, code:39, delete tid:0
W (1124) wifi:[ADDBA]rx delba, code:39, delete tid:2
[0;32mI (1124) ui_Screen1_screen_init: temp:31.98[0m
[0;32mI (1124) ui_Screen1_screen_init: Buffer: TEMP : 31.98 Â°C[0m
I (1134) wifi:state: run -> init (0)
[0;32mI (1134) ui_Screen1_screen_init: Co2:476.90[0m
I (1144) wifi:new:<3,0>, old:<3,1>, ap:<255,255>, sta:<3,1>, prof:1
[0;32mI (1144) ui_Screen1_screen_init: Buffer: Co2 : 476.90 ppm[0m
[0;32mI (1154) ui_Screen1_screen_init: Humi:54.15[0m
[0;32mI (1164) ui_Screen1_screen_init: Buffer: HUMI : 54.15 %[0m
I (1204) smartconfig: SC version: V3.0.1
I (1204) smartconfig: scan status 1
W (1254) wifi:sta_scan: STA is connecting, scan are not allowed!
E (1254) smartconfig: promis scan ret 12294
[0;31mE (1284) mqtt_client: Client was not initialized[0m
[0;32mI (1284) MQTT: sent publish successful, msg_id=-1[0m
I (1504) wifi:new:<3,1>, old:<3,0>, ap:<255,255>, sta:<3,1>, prof:1
I (1514) wifi:state: init -> auth (b0)
I (1514) wifi:state: auth -> assoc (0)
I (1554) wifi:state: assoc -> run (10)
I (1674) wifi:connected with EDABK_SERVER, aid = 5, channel 3, 40U, bssid = b0:be:76:82:86:c6
I (1674) wifi:security: WPA2-PSK, phy: bgn, rssi: -53
I (1674) wifi:pm start, type: 1

I (1674) wifi:dp: 1, bi: 102400, li: 3, scale listen interval from 307200 us to 307200 us
I (1694) wifi:AP's beacon interval = 102400 us, DTIM period = 1
I (1714) wifi:<ba-add>idx:0 (ifx:0, b0:be:76:82:86:c6), tid:0, ssn:2, winSize:64
[0;32mI (3184) esp_netif_handlers: sta ip: 192.168.0.127, mask: 255.255.255.0, gw: 192.168.0.1[0m
[0;32mI (3184) MQTT_PROJECT: WiFi Connected to app[0m
[0;32mI (3194) main_task: Returned from app_main()[0m
I (3254) wifi:<ba-add>idx:1 (ifx:0, b0:be:76:82:86:c6), tid:2, ssn:0, winSize:64
[0;32mI (3294) MQTT_PROJECT: MQTT_EVENT_CONNECTED[0m

Available after enqueue: 9 


Available after dequeue: 10 

[0;32mI (4124) ui_Screen1_screen_init: temp:63.96[0m
[0;32mI (4124) ui_Screen1_screen_init: Buffer: TEMP : 63.96 Â°C[0m
[0;32mI (4134) ui_Screen1_screen_init: Co2:372.58[0m
[0;32mI (4134) ui_Screen1_screen_init: Buffer: Co2 : 372.58 ppm[0m
[0;32mI (4144) ui_Screen1_screen_init: Humi:39.02[0m
[0;32mI (4144) ui_Screen1_screen_init: Buffer: HUMI : 39.02 %[0m
[0;31mE (4314) mqtt_client: Client was not initialized[0m
[0;32mI (4314) MQTT: sent publish successful, msg_id=-1[0m

Available after enqueue: 9 


Available after dequeue: 10 

[0;32mI (7124) ui_Screen1_screen_init: temp:95.94[0m
[0;32mI (7124) ui_Screen1_screen_